Component: ARM Compiler 6.16 Tool: armlink [5dfeaa00]

==============================================================================

Memory Map of the image

  Image Entry point : 0x100022e1

  Load Region LR_IROM (Base: 0x10000000, Size: 0x00001850, Max: 0x00002000, ABSOLUTE)

    Execution Region .cy_m0p_image (Base: 0x10000000, Size: 0x00001850, Max: 0x00002000, ABSOLUTE)

    Base Addr    Size         Type   Attr      Idx    E Section Name        Object

    0x10000000   0x00001850   Data   RO         6049    .cy_m0p_image       psoc6_02_cm0p_sleep.o



  Load Region LR_IROM1 (Base: 0x10002000, Size: 0x00003864, Max: 0x001fe000, ABSOLUTE)

    Execution Region ER_RAM_VECTORS (Base: 0x08002000, Size: 0x000002e0, Max: 0xffffffff, ABSOLUTE, UNINIT)

    Base Addr    Size         Type   Attr      Idx    E Section Name        Object

    0x08002000   0x000002e0   Zero   RW            4    RESET_RAM           startup_psoc6_02_cm4.o


    Execution Region RW_RAM_DATA (Base: 0x080022e0, Size: 0x0000054c, Max: 0xffffffff, ABSOLUTE)

    Base Addr    Size         Type   Attr      Idx    E Section Name        Object

    0x080022e0   0x00000004   Data   RW          206    .ARM.use_no_argv    main.o
    0x080022e4   0x00000008   Data   RW         4250    .cy_sharedmem       cy_ipc_sema.o
    0x080022ec   0x00000004   Data   RW         6223    .data               c_w.l(stdio_streams.o)
    0x080022f0   0x00000004   Data   RW         6224    .data               c_w.l(stdio_streams.o)
    0x080022f4   0x00000004   Data   RW         6225    .data               c_w.l(stdio_streams.o)
    0x080022f8   0x00000018   Data   RW          178    .data..L_MergedGlobals  system_psoc6_cm4.o
    0x08002310   0x00000078   Data   RW         2444    .data..L_MergedGlobals  cyhal_syspm.o
    0x08002388   0x00000008   Data   RW         2440    .data._cyhal_syspm_cb_params_deepsleep  cyhal_syspm.o
    0x08002390   0x00000008   Data   RW         2441    .data._cyhal_syspm_cb_params_hibernate  cyhal_syspm.o
    0x08002398   0x00000008   Data   RW         2442    .data._cyhal_syspm_cb_params_lp  cyhal_syspm.o
    0x080023a0   0x00000008   Data   RW         2439    .data._cyhal_syspm_cb_params_sleep  cyhal_syspm.o
    0x080023a8   0x00000008   Data   RW         2443    .data._cyhal_syspm_cb_params_ulp  cyhal_syspm.o
    0x080023b0   0x0000001c   Data   RW         2436    .data._cyhal_syspm_cb_ulp  cyhal_syspm.o
    0x080023cc   0x0000001c   Data   RW          191    .data.cybsp_register_sysclk_pm_callback.cybsp_sysclk_pm_callback  cybsp.o
    0x080023e8   0x00000054   Zero   RW         6220    .bss                c_w.l(stdio_streams.o)
    0x0800243c   0x00000054   Zero   RW         6221    .bss                c_w.l(stdio_streams.o)
    0x08002490   0x00000054   Zero   RW         6222    .bss                c_w.l(stdio_streams.o)
    0x080024e4   0x00000060   Zero   RW         6429    .bss                c_w.l(libspace.o)
    0x08002544   0x00000014   Zero   RW         5546    .bss..L_MergedGlobals  cy_sysclk.o
    0x08002558   0x00000058   Zero   RW         5770    .bss..L_MergedGlobals  cy_syspm.o
    0x080025b0   0x00000004   Zero   RW         2445    .bss..L_MergedGlobals.1  cyhal_syspm.o
    0x080025b4   0x00000014   Zero   RW         5809    .bss.Cy_SysTick_Callbacks  cy_systick.o
    0x080025c8   0x00000160   Zero   RW          174    .bss.SystemInit.systemIpcPipeEpArray  system_psoc6_cm4.o
    0x08002728   0x00000020   Zero   RW          175    .bss.SystemInit.systemIpcPipeSysCbArray  system_psoc6_cm4.o
    0x08002748   0x00000001   Zero   RW         2154    .bss.__cyhal_scb_pm_transition_pending_value  cyhal_scb_common.o
    0x08002749   0x00000003   PAD
    0x0800274c   0x00000004   Zero   RW         2438    .bss._cyhal_syspm_supply_voltages  cyhal_syspm.o
    0x08002750   0x00000004   Zero   RW         2841    .bss.cy_device      cy_device.o
    0x08002754   0x00000004   Zero   RW         4223    .bss.cy_ipc_pipe_epArray  cy_ipc_pipe.o
    0x08002758   0x000000a0   Zero   RW         6088    .bss.cy_retarget_io_uart_obj  cy_retarget_io.o
    0x080027f8   0x00000004   Zero   RW         4251    .bss.cy_semaIpcStruct  cy_ipc_sema.o
    0x080027fc   0x00000008   Zero   RW          190    .bss.cybsp_register_sysclk_pm_callback.cybsp_sysclk_pm_callback_param  cybsp.o
    0x08002804   0x00000027   Zero   RW         1716    .bss.cyhal_used     cyhal_hwmgr.o


    Execution Region RW_IRAM1 (Base: 0x0800282c, Size: 0x00000094, Max: 0xffffffff, ABSOLUTE, UNINIT)

    Base Addr    Size         Type   Attr      Idx    E Section Name        Object

    0x0800282c   0x00000094   Data   RW         5607    .noinit             cy_syslib.o


    Execution Region ARM_LIB_HEAP (Base: 0x080028c0, Size: 0x000fbf40, Max: 0x000fbf40, ABSOLUTE)

    Base Addr    Size         Type   Attr      Idx    E Section Name        Object

    0x080028c0   0x000fbf40   Zero   RW            1    ARM_LIB_HEAP.bss    anon$$obj.o


    Execution Region ARM_LIB_STACK (Base: 0x080fe800, Size: 0x00001000, Max: 0x00001000, ABSOLUTE)

    Base Addr    Size         Type   Attr      Idx    E Section Name        Object

    0x080fe800   0x00001000   Zero   RW            2    ARM_LIB_STACK.bss   anon$$obj.o


    Execution Region ER_FLASH_VECTORS (Base: 0x10002000, Size: 0x000002e0, Max: 0xffffffff, ABSOLUTE)

    Base Addr    Size         Type   Attr      Idx    E Section Name        Object

    0x10002000   0x000002e0   Data   RO            3    RESET               startup_psoc6_02_cm4.o


    Execution Region ER_FLASH_CODE (Base: 0x100022e0, Size: 0x000033e8, Max: 0xffffffff, ABSOLUTE, FIXED)

    Base Addr    Size         Type   Attr      Idx    E Section Name        Object

    0x100022e0   0x00000008   Code   RO         6199  * !!!main             c_w.l(__main.o)
    0x100022e8   0x00000034   Code   RO         6547    !!!scatter          c_w.l(__scatter.o)
    0x1000231c   0x0000003a   Code   RO         6545    !!dczerorl          c_w.l(__dczerorl.o)
    0x10002356   0x00000002   PAD
    0x10002358   0x0000001a   Code   RO         6549    !!handler_copy      c_w.l(__scatter_copy.o)
    0x10002372   0x00000002   PAD
    0x10002374   0x0000001c   Code   RO         6551    !!handler_zi        c_w.l(__scatter_zi.o)
    0x10002390   0x00000002   Code   RO         6411    .ARM.Collect$$libinit$$00000000  c_w.l(libinit.o)
    0x10002392   0x00000004   Code   RO         6231    .ARM.Collect$$libinit$$00000001  c_w.l(libinit2.o)
    0x10002396   0x00000000   Code   RO         6234    .ARM.Collect$$libinit$$00000004  c_w.l(libinit2.o)
    0x10002396   0x00000008   Code   RO         6480    .ARM.Collect$$libinit$$00000008  c_w.l(libinit5.o)
    0x1000239e   0x00000000   Code   RO         6237    .ARM.Collect$$libinit$$0000000A  c_w.l(libinit2.o)
    0x1000239e   0x00000000   Code   RO         6239    .ARM.Collect$$libinit$$0000000C  c_w.l(libinit2.o)
    0x1000239e   0x00000000   Code   RO         6241    .ARM.Collect$$libinit$$0000000E  c_w.l(libinit2.o)
    0x1000239e   0x00000000   Code   RO         6244    .ARM.Collect$$libinit$$00000011  c_w.l(libinit2.o)
    0x1000239e   0x00000000   Code   RO         6246    .ARM.Collect$$libinit$$00000013  c_w.l(libinit2.o)
    0x1000239e   0x00000000   Code   RO         6248    .ARM.Collect$$libinit$$00000015  c_w.l(libinit2.o)
    0x1000239e   0x00000000   Code   RO         6250    .ARM.Collect$$libinit$$00000017  c_w.l(libinit2.o)
    0x1000239e   0x00000000   Code   RO         6252    .ARM.Collect$$libinit$$00000019  c_w.l(libinit2.o)
    0x1000239e   0x00000000   Code   RO         6254    .ARM.Collect$$libinit$$0000001B  c_w.l(libinit2.o)
    0x1000239e   0x00000000   Code   RO         6256    .ARM.Collect$$libinit$$0000001D  c_w.l(libinit2.o)
    0x1000239e   0x00000000   Code   RO         6258    .ARM.Collect$$libinit$$0000001F  c_w.l(libinit2.o)
    0x1000239e   0x00000000   Code   RO         6260    .ARM.Collect$$libinit$$00000021  c_w.l(libinit2.o)
    0x1000239e   0x00000000   Code   RO         6262    .ARM.Collect$$libinit$$00000023  c_w.l(libinit2.o)
    0x1000239e   0x00000004   Code   RO         6263    .ARM.Collect$$libinit$$00000024  c_w.l(libinit2.o)
    0x100023a2   0x00000000   Code   RO         6264    .ARM.Collect$$libinit$$00000025  c_w.l(libinit2.o)
    0x100023a2   0x00000000   Code   RO         6268    .ARM.Collect$$libinit$$0000002C  c_w.l(libinit2.o)
    0x100023a2   0x00000000   Code   RO         6270    .ARM.Collect$$libinit$$0000002E  c_w.l(libinit2.o)
    0x100023a2   0x00000000   Code   RO         6272    .ARM.Collect$$libinit$$00000030  c_w.l(libinit2.o)
    0x100023a2   0x00000004   Code   RO         6273    .ARM.Collect$$libinit$$00000031  c_w.l(libinit2.o)
    0x100023a6   0x00000000   Code   RO         6274    .ARM.Collect$$libinit$$00000032  c_w.l(libinit2.o)
    0x100023a6   0x00000002   Code   RO         6275    .ARM.Collect$$libinit$$00000033  c_w.l(libinit2.o)
    0x100023a8   0x00000008   Code   RO         6481    .ARM.Collect$$libinit$$00002719  c_w.l(libinit5.o)
    0x100023b0   0x00000002   Code   RO         6526    .ARM.Collect$$libshutdown$$00000000  c_w.l(libshutdown.o)
    0x100023b2   0x00000000   Code   RO         6413    .ARM.Collect$$libshutdown$$00000002  c_w.l(libshutdown2.o)
    0x100023b2   0x00000004   Code   RO         6414    .ARM.Collect$$libshutdown$$00000003  c_w.l(libshutdown2.o)
    0x100023b6   0x00000000   Code   RO         6415    .ARM.Collect$$libshutdown$$00000004  c_w.l(libshutdown2.o)
    0x100023b6   0x00000000   Code   RO         6418    .ARM.Collect$$libshutdown$$00000007  c_w.l(libshutdown2.o)
    0x100023b6   0x00000000   Code   RO         6421    .ARM.Collect$$libshutdown$$0000000A  c_w.l(libshutdown2.o)
    0x100023b6   0x00000000   Code   RO         6423    .ARM.Collect$$libshutdown$$0000000C  c_w.l(libshutdown2.o)
    0x100023b6   0x00000000   Code   RO         6426    .ARM.Collect$$libshutdown$$0000000F  c_w.l(libshutdown2.o)
    0x100023b6   0x00000002   Code   RO         6427    .ARM.Collect$$libshutdown$$00000010  c_w.l(libshutdown2.o)
    0x100023b8   0x00000000   Code   RO         6209    .ARM.Collect$$rtentry$$00000000  c_w.l(__rtentry.o)
    0x100023b8   0x00000000   Code   RO         6281    .ARM.Collect$$rtentry$$00000002  c_w.l(__rtentry2.o)
    0x100023b8   0x00000004   Code   RO         6295    .ARM.Collect$$rtentry$$00000007  c_w.l(__rtentry7.o)
    0x100023bc   0x00000000   Code   RO         6283    .ARM.Collect$$rtentry$$00000009  c_w.l(__rtentry2.o)
    0x100023bc   0x00000004   Code   RO         6284    .ARM.Collect$$rtentry$$0000000A  c_w.l(__rtentry2.o)
    0x100023c0   0x00000000   Code   RO         6286    .ARM.Collect$$rtentry$$0000000C  c_w.l(__rtentry2.o)
    0x100023c0   0x00000008   Code   RO         6287    .ARM.Collect$$rtentry$$0000000D  c_w.l(__rtentry2.o)
    0x100023c8   0x00000004   Code   RO         6296    .ARM.Collect$$rtentry$$00002718  c_w.l(__rtentry7.o)
    0x100023cc   0x00000002   Code   RO         6435    .ARM.Collect$$rtexit$$00000000  c_w.l(rtexit.o)
    0x100023ce   0x00000000   Code   RO         6486    .ARM.Collect$$rtexit$$00000002  c_w.l(rtexit2.o)
    0x100023ce   0x00000004   Code   RO         6487    .ARM.Collect$$rtexit$$00000003  c_w.l(rtexit2.o)
    0x100023d2   0x00000006   Code   RO         6488    .ARM.Collect$$rtexit$$00000004  c_w.l(rtexit2.o)
    0x100023d8   0x00000074   Code   RO            5    .text               startup_psoc6_02_cm4.o
    0x1000244c   0x00000004   PAD
    0x10002450   0x0000001e   Code   RO          213    .text               cy_syslib_mdk.o
    0x1000246e   0x00000002   Code   RO         6122    .text               c_w.l(use_no_semi_2.o)
    0x10002470   0x000000f0   Code   RO         6124    .text               c_w.l(lludivv7m.o)
    0x10002560   0x00000018   Code   RO         6132    .text               c_w.l(noretval__2printf.o)
    0x10002578   0x0000004e   Code   RO         6140    .text               c_w.l(rt_memclr_w.o)
    0x100025c6   0x00000006   Code   RO         6197    .text               c_w.l(heapauxi.o)
    0x100025cc   0x00000024   Code   RO         6204    .text               c_w.l(init_aeabi.o)
    0x100025f0   0x00000002   Code   RO         6207    .text               c_w.l(use_no_semi.o)
    0x100025f2   0x00000002   PAD
    0x100025f4   0x00000024   Code   RO         6218    .text               c_w.l(_printf_char_file.o)
    0x10002618   0x00000030   Code   RO         6302    .text               c_w.l(_printf_char_common.o)
    0x10002648   0x00000008   Code   RO         6304    .text               c_w.l(ferror.o)
    0x10002650   0x00000138   Code   RO         6306    .text               c_w.l(initio.o)
    0x10002788   0x0000004e   Code   RO         6325    .text               c_w.l(h1_free.o)
    0x100027d6   0x00000028   Code   RO         6379    .text               c_w.l(__printf_nopercent.o)
    0x100027fe   0x00000046   Code   RO         6381    .text               c_w.l(setvbuf.o)
    0x10002844   0x000000f0   Code   RO         6384    .text               c_w.l(fopen.o)
    0x10002934   0x0000004c   Code   RO         6386    .text               c_w.l(fclose.o)
    0x10002980   0x00000012   Code   RO         6392    .text               c_w.l(exit.o)
    0x10002992   0x0000000e   Code   RO         6398    .text               c_w.l(defsig_rtred_outer.o)
    0x100029a0   0x00000008   Code   RO         6442    .text               c_w.l(rt_heap_descriptor_intlibspace.o)
    0x100029a8   0x00000004   Code   RO         6444    .text               c_w.l(hguard.o)
    0x100029ac   0x0000008a   Code   RO         6448    .text               c_w.l(init_alloc.o)
    0x10002a36   0x0000005e   Code   RO         6454    .text               c_w.l(h1_alloc.o)
    0x10002a94   0x000000f8   Code   RO         6466    .text               c_w.l(fseek.o)
    0x10002b8c   0x000000f0   Code   RO         6468    .text               c_w.l(stdio.o)
    0x10002c7c   0x0000000a   Code   RO         6470    .text               c_w.l(defsig_exit.o)
    0x10002c86   0x00000002   PAD
    0x10002c88   0x00000034   Code   RO         6474    .text               c_w.l(defsig_rtred_inner.o)
    0x10002cbc   0x0000000e   Code   RO         6476    .text               c_w.l(defsig_rtmem_outer.o)
    0x10002cca   0x00000000   Code   RO         6492    .text               c_w.l(maybetermalloc1.o)
    0x10002cca   0x0000000e   Code   RO         6494    .text               c_w.l(h1_init.o)
    0x10002cd8   0x00000034   Code   RO         6496    .text               c_w.l(h1_extend.o)
    0x10002d0c   0x00000042   Code   RO         6502    .text               c_w.l(ftell.o)
    0x10002d4e   0x00000032   Code   RO         6506    .text               c_w.l(defsig_general.o)
    0x10002d80   0x00000050   Code   RO         6508    .text               c_w.l(defsig_rtmem_inner.o)
    0x10002dd0   0x00000008   Code   RO         6518    .text               c_w.l(rt_errno_addr_intlibspace.o)
    0x10002dd8   0x00000004   Code   RO           20    .text.AES128_ECB_encrypt  aes_lib.o
    0x10002ddc   0x0000006c   Code   RO         4079    .text.Cy_GPIO_Pin_FastInit  cy_gpio.o
    0x10002e48   0x00000158   Code   RO         4063    .text.Cy_GPIO_Pin_Init  cy_gpio.o
    0x10002fa0   0x0000002c   Code   RO         4065    .text.Cy_GPIO_SetDrivemode  cy_gpio.o
    0x10002fcc   0x0000004c   Code   RO         4067    .text.Cy_GPIO_SetHSIOM  cy_gpio.o
    0x10003018   0x00000024   Code   RO         4069    .text.Cy_GPIO_SetInterruptEdge  cy_gpio.o
    0x1000303c   0x00000024   Code   RO         4071    .text.Cy_GPIO_SetInterruptMask  cy_gpio.o
    0x10003060   0x00000024   Code   RO         4073    .text.Cy_GPIO_SetVtrip  cy_gpio.o
    0x10003084   0x00000022   Code   RO         4075    .text.Cy_GPIO_Write  cy_gpio.o
    0x100030a6   0x00000002   PAD
    0x100030a8   0x0000001c   Code   RO         4234    .text.Cy_IPC_Drv_GetIpcBaseAddress  cy_ipc_sema.o
    0x100030c4   0x00000024   Code   RO         4183    .text.Cy_IPC_Drv_LockRelease  cy_ipc_drv.o
    0x100030e8   0x00000024   Code   RO         4187    .text.Cy_IPC_Drv_ReadMsgWord  cy_ipc_drv.o
    0x1000310c   0x00000024   Code   RO         4185    .text.Cy_IPC_Drv_SendMsgWord  cy_ipc_drv.o
    0x10003130   0x0000000c   Code   RO         4201    .text.Cy_IPC_Pipe_Config  cy_ipc_pipe.o
    0x1000313c   0x000000b4   Code   RO         4205    .text.Cy_IPC_Pipe_EndpointInit  cy_ipc_pipe.o
    0x100031f0   0x00000098   Code   RO         4217    .text.Cy_IPC_Pipe_ExecCallback  cy_ipc_pipe.o
    0x10003288   0x00000018   Code   RO         4215    .text.Cy_IPC_Pipe_ExecuteCallback  cy_ipc_pipe.o
    0x100032a0   0x0000006c   Code   RO         4203    .text.Cy_IPC_Pipe_Init  cy_ipc_pipe.o
    0x1000330c   0x00000034   Code   RO         4232    .text.Cy_IPC_Sema_Init  cy_ipc_sema.o
    0x10003340   0x00000068   Code   RO         4236    .text.Cy_IPC_Sema_InitExt  cy_ipc_sema.o
    0x100033a8   0x00000008   Code   RO         2835    .text.Cy_PDL_Init   cy_device.o
    0x100033b0   0x00000028   Code   RO         4368    .text.Cy_Prot_GetActivePC  cy_prot.o
    0x100033d8   0x00000022   Code   RO         4658    .text.Cy_SCB_Write  cy_scb_common.o
    0x100033fa   0x00000002   PAD
    0x100033fc   0x00000018   Code   RO         5361    .text.Cy_SysClk_ClkBakSetSource  cy_sysclk.o
    0x10003414   0x00000014   Code   RO         5391    .text.Cy_SysClk_ClkFastGetDivider  cy_sysclk.o
    0x10003428   0x00000014   Code   RO         5393    .text.Cy_SysClk_ClkFastSetDivider  cy_sysclk.o
    0x1000343c   0x00000020   Code   RO         5407    .text.Cy_SysClk_ClkHfGetDivider  cy_sysclk.o
    0x1000345c   0x00000038   Code   RO         5383    .text.Cy_SysClk_ClkHfGetFrequency  cy_sysclk.o
    0x10003494   0x00000020   Code   RO         5403    .text.Cy_SysClk_ClkHfGetSource  cy_sysclk.o
    0x100034b4   0x00000028   Code   RO         5405    .text.Cy_SysClk_ClkHfSetDivider  cy_sysclk.o
    0x100034dc   0x0000002c   Code   RO         5401    .text.Cy_SysClk_ClkHfSetSource  cy_sysclk.o
    0x10003508   0x00000018   Code   RO         5379    .text.Cy_SysClk_ClkLfSetSource  cy_sysclk.o
    0x10003520   0x00000038   Code   RO         5359    .text.Cy_SysClk_ClkPathGetFrequency  cy_sysclk.o
    0x10003558   0x00000030   Code   RO         5475    .text.Cy_SysClk_ClkPathGetSource  cy_sysclk.o
    0x10003588   0x00000084   Code   RO         5477    .text.Cy_SysClk_ClkPathMuxGetFrequency  cy_sysclk.o
    0x1000360c   0x00000048   Code   RO         5473    .text.Cy_SysClk_ClkPathSetSource  cy_sysclk.o
    0x10003654   0x00000014   Code   RO         5385    .text.Cy_SysClk_ClkPeriGetDivider  cy_sysclk.o
    0x10003668   0x00000018   Code   RO         5387    .text.Cy_SysClk_ClkPeriSetDivider  cy_sysclk.o
    0x10003680   0x00000014   Code   RO         5341    .text.Cy_SysClk_ClkSlowSetDivider  cy_sysclk.o
    0x10003694   0x000001fc   Code   RO         5527    .text.Cy_SysClk_DeepSleepCallback  cy_sysclk.o
    0x10003890   0x00000020   Code   RO         5487    .text.Cy_SysClk_FllDisable  cy_sysclk.o
    0x100038b0   0x0000006c   Code   RO         5495    .text.Cy_SysClk_FllEnable  cy_sysclk.o
    0x1000391c   0x0000004c   Code   RO         5493    .text.Cy_SysClk_FllGetConfiguration  cy_sysclk.o
    0x10003968   0x00000068   Code   RO         5479    .text.Cy_SysClk_FllGetFrequency  cy_sysclk.o
    0x100039d0   0x000000cc   Code   RO         5491    .text.Cy_SysClk_FllManualConfigure  cy_sysclk.o
    0x10003a9c   0x00000024   Code   RO         5455    .text.Cy_SysClk_IloDisable  cy_sysclk.o
    0x10003ac0   0x00000008   Code   RO         5451    .text.Cy_SysClk_IloEnable  cy_sysclk.o
    0x10003ac8   0x00000014   Code   RO         5457    .text.Cy_SysClk_IloHibernateOn  cy_sysclk.o
    0x10003adc   0x00000010   Code   RO          145    .text.Cy_SysClk_IloInit  cycfg_system.o
    0x10003aec   0x00000054   Code   RO         5323    .text.Cy_SysClk_PeriphAssignDivider  cy_sysclk.o
    0x10003b40   0x00000048   Code   RO         5329    .text.Cy_SysClk_PeriphDisableDivider  cy_sysclk.o
    0x10003b88   0x00000060   Code   RO         5327    .text.Cy_SysClk_PeriphEnableDivider  cy_sysclk.o
    0x10003be8   0x00000054   Code   RO         5315    .text.Cy_SysClk_PeriphSetDivider  cy_sysclk.o
    0x10003c3c   0x00000038   Code   RO         5503    .text.Cy_SysClk_PllDisable  cy_sysclk.o
    0x10003c74   0x0000008c   Code   RO         5511    .text.Cy_SysClk_PllEnable  cy_sysclk.o
    0x10003d00   0x0000003c   Code   RO         5507    .text.Cy_SysClk_PllGetConfiguration  cy_sysclk.o
    0x10003d3c   0x00000084   Code   RO         5481    .text.Cy_SysClk_PllGetFrequency  cy_sysclk.o
    0x10003dc0   0x0000001c   Code   RO         5497    .text.Cy_SysClk_PllIsEnabled  cy_sysclk.o
    0x10003ddc   0x00000024   Code   RO         5499    .text.Cy_SysClk_PllLocked  cy_sysclk.o
    0x10003e00   0x00000090   Code   RO         5509    .text.Cy_SysClk_PllManualConfigure  cy_sysclk.o
    0x10003e90   0x00000034   Code   RO         5427    .text.Cy_SysClk_WcoEnable  cy_sysclk.o
    0x10003ec4   0x0000004c   Code   RO         5559    .text.Cy_SysInt_Init  cy_sysint.o
    0x10003f10   0x00000030   Code   RO         5561    .text.Cy_SysInt_SetVector  cy_sysint.o
    0x10003f40   0x00000006   Code   RO          169    .text.Cy_SysIpcPipeIsrCm4  system_psoc6_cm4.o
    0x10003f46   0x00000002   PAD
    0x10003f48   0x00000010   Code   RO         5577    .text.Cy_SysLib_DelayUs  cy_syslib.o
    0x10003f58   0x0000009c   Code   RO         5597    .text.Cy_SysLib_FaultHandler  cy_syslib.o
    0x10003ff4   0x00000014   Code   RO         5605    .text.Cy_SysLib_GetDevice  cy_syslib.o
    0x10004008   0x00000014   Code   RO         5603    .text.Cy_SysLib_GetDeviceRevision  cy_syslib.o
    0x1000401c   0x00000030   Code   RO         5591    .text.Cy_SysLib_GetResetReason  cy_syslib.o
    0x1000404c   0x00000004   Code   RO         5599    .text.Cy_SysLib_ProcessingFault  cy_syslib.o
    0x10004050   0x0000001c   Code   RO         5589    .text.Cy_SysLib_ResetBackupDomain  cy_syslib.o
    0x1000406c   0x000000ac   Code   RO         5601    .text.Cy_SysLib_SetWaitStates  cy_syslib.o
    0x10004118   0x00000098   Code   RO         5640    .text.Cy_SysPm_LdoSetVoltage  cy_syspm.o
    0x100041b0   0x00000020   Code   RO         5734    .text.Cy_SysPm_PmicDisableOutput  cy_syspm.o
    0x100041d0   0x00000014   Code   RO         5738    .text.Cy_SysPm_PmicUnlock  cy_syspm.o
    0x100041e4   0x00000070   Code   RO         5686    .text.Cy_SysPm_RegisterCallback  cy_syspm.o
    0x10004254   0x00000020   Code   RO         5680    .text.Cy_SysPm_SystemIsMinRegulatorCurrentSet  cy_syspm.o
    0x10004274   0x0000007c   Code   RO         5648    .text.Cy_SysPm_SystemSetNormalRegulatorCurrent  cy_syspm.o
    0x100042f0   0x000000c0   Code   RO         5660    .text.Cy_SysPm_WriteVoltageBitForFlash  cy_syspm.o
    0x100043b0   0x00000014   Code   RO         5799    .text.Cy_SysTick_Enable  cy_systick.o
    0x100043c4   0x00000058   Code   RO         5793    .text.Cy_SysTick_Init  cy_systick.o
    0x1000441c   0x00000024   Code   RO         5795    .text.Cy_SysTick_ServiceCallbacks  cy_systick.o
    0x10004440   0x00000030   Code   RO         5797    .text.Cy_SysTick_SetClockSource  cy_systick.o
    0x10004470   0x00000002   Code   RO          165    .text.Cy_SystemInit  system_psoc6_cm4.o
    0x10004472   0x00000002   PAD
    0x10004474   0x00000024   Code   RO          171    .text.Cy_SystemInitFpuEnable  system_psoc6_cm4.o
    0x10004498   0x0000006c   Code   RO         5658    .text.IsVoltageChangePossible  cy_syspm.o
    0x10004504   0x0000000c   Code   RO         4147    .text.OUTLINED_FUNCTION_0  cy_gpio.o
    0x10004510   0x00000020   Code   RO         5756    .text.OUTLINED_FUNCTION_0  cy_syspm.o
    0x10004530   0x00000006   Code   RO         4248    .text.OUTLINED_FUNCTION_1  cy_ipc_sema.o
    0x10004536   0x00000006   Code   RO         5535    .text.OUTLINED_FUNCTION_1  cy_sysclk.o
    0x1000453c   0x00000020   Code   RO         5758    .text.OUTLINED_FUNCTION_1  cy_syspm.o
    0x1000455c   0x0000000e   Code   RO         5537    .text.OUTLINED_FUNCTION_2  cy_sysclk.o
    0x1000456a   0x0000000a   Code   RO         5760    .text.OUTLINED_FUNCTION_2  cy_syspm.o
    0x10004574   0x0000000a   Code   RO         5539    .text.OUTLINED_FUNCTION_3  cy_sysclk.o
    0x1000457e   0x0000000a   Code   RO         4155    .text.OUTLINED_FUNCTION_4  cy_gpio.o
    0x10004588   0x00000020   Code   RO         5668    .text.SetReadMarginTrimLp  cy_syspm.o
    0x100045a8   0x00000020   Code   RO         5662    .text.SetReadMarginTrimUlp  cy_syspm.o
    0x100045c8   0x00000030   Code   RO         5664    .text.SetWriteAssistTrimLp  cy_syspm.o
    0x100045f8   0x00000040   Code   RO         5666    .text.SetWriteAssistTrimUlp  cy_syspm.o
    0x10004638   0x0000004c   Code   RO          167    .text.SystemCoreClockUpdate  system_psoc6_cm4.o
    0x10004684   0x00000038   Code   RO          163    .text.SystemInit    system_psoc6_cm4.o
    0x100046bc   0x0000001c   Code   RO         4207    .text.__NVIC_EnableIRQ  cy_ipc_pipe.o
    0x100046d8   0x00000098   Code   RO         1712    .text._cyhal_get_bit_position  cyhal_hwmgr.o
    0x10004770   0x00000034   Code   RO         1710    .text._cyhal_get_block_offset_length  cyhal_hwmgr.o
    0x100047a4   0x00000058   Code   RO         1708    .text._cyhal_get_block_offsets  cyhal_hwmgr.o
    0x100047fc   0x0000000c   Code   RO         2144    .text._cyhal_scb_pm_transition_pending  cyhal_scb_common.o
    0x10004808   0x0000002c   Code   RO         2434    .text._cyhal_syspm_backtrack_all_pm_callbacks  cyhal_syspm.o
    0x10004834   0x00000048   Code   RO         2432    .text._cyhal_syspm_call_all_pm_callbacks  cyhal_syspm.o
    0x1000487c   0x0000012c   Code   RO         2430    .text._cyhal_syspm_common_cb  cyhal_syspm.o
    0x100049a8   0x00000016   Code   RO         2781    .text._cyhal_utils_convert_pdltohal_pm_mode  cyhal_utils_psoc.o
    0x100049be   0x00000004   Code   RO         6063    .text._sys_close    cy_retarget_io.o
    0x100049c2   0x00000002   Code   RO         6077    .text._sys_exit     cy_retarget_io.o
    0x100049c4   0x00000004   Code   RO         6075    .text._sys_flen     cy_retarget_io.o
    0x100049c8   0x00000004   Code   RO         6071    .text._sys_istty    cy_retarget_io.o
    0x100049cc   0x00000004   Code   RO         6061    .text._sys_open     cy_retarget_io.o
    0x100049d0   0x00000006   Code   RO         6073    .text._sys_seek     cy_retarget_io.o
    0x100049d6   0x00000004   Code   RO         6065    .text._sys_write    cy_retarget_io.o
    0x100049da   0x00000002   Code   RO         6069    .text._ttywrch      cy_retarget_io.o
    0x100049dc   0x0000001e   Code   RO           10    .text.addRoundKey   aes_lib.o
    0x100049fa   0x00000002   PAD
    0x100049fc   0x00000040   Code   RO          188    .text.cybsp_init    cybsp.o
    0x10004a3c   0x00000002   Code   RO          141    .text.cycfg_ClockStartupError  cycfg_system.o
    0x10004a3e   0x00000004   Code   RO         1698    .text.cyhal_hwmgr_init  cyhal_hwmgr.o
    0x10004a42   0x00000002   PAD
    0x10004a44   0x00000074   Code   RO         1700    .text.cyhal_hwmgr_reserve  cyhal_hwmgr.o
    0x10004ab8   0x00000048   Code   RO         2410    .text.cyhal_syspm_init  cyhal_syspm.o
    0x10004b00   0x00000010   Code   RO         2426    .text.cyhal_syspm_set_supply_voltage  cyhal_syspm.o
    0x10004b10   0x00000028   Code   RO         2597    .text.cyhal_uart_putc  cyhal_uart.o
    0x10004b38   0x0000001c   Code   RO         6057    .text.fputc         cy_retarget_io.o
    0x10004b54   0x0000003c   Code   RO           18    .text.gen_cipher    aes_lib.o
    0x10004b90   0x0000001a   Code   RO           32    .text.init_cycfg_all  cycfg.o
    0x10004baa   0x00000002   PAD
    0x10004bac   0x0000002c   Code   RO           56    .text.init_cycfg_clocks  cycfg_clocks.o
    0x10004bd8   0x0000000a   Code   RO           66    .text.init_cycfg_peripherals  cycfg_peripherals.o
    0x10004be2   0x00000002   PAD
    0x10004be4   0x000000d8   Code   RO           75    .text.init_cycfg_pins  cycfg_pins.o
    0x10004cbc   0x00000010   Code   RO          133    .text.init_cycfg_routing  cycfg_routing.o
    0x10004ccc   0x000001e0   Code   RO          143    .text.init_cycfg_system  cycfg_system.o
    0x10004eac   0x000000f0   Code   RO            8    .text.keyExpansion  aes_lib.o
    0x10004f9c   0x00000024   Code   RO          203    .text.main          main.o
    0x10004fc0   0x00000096   Code   RO           16    .text.mixColumns    aes_lib.o
    0x10005056   0x0000004c   Code   RO           14    .text.shiftRows     aes_lib.o
    0x100050a2   0x00000002   PAD
    0x100050a4   0x0000001c   Code   RO           12    .text.subBytes      aes_lib.o
    0x100050c0   0x000000d0   Code   RO          201    .text.test_Aes      main.o
    0x10005190   0x0000001a   Code   RO         6314    x$fpl$fpinit        fz_wm.l(fpinit.o)
    0x100051aa   0x00000004   Data   RO         6316    .constdata          c_w.l(sys_io_names.o)
    0x100051ae   0x00000004   Data   RO         6317    .constdata          c_w.l(sys_io_names.o)
    0x100051b2   0x00000004   Data   RO         6318    .constdata          c_w.l(sys_io_names.o)
    0x100051b6   0x00000003   Data   RO           90    .rodata.CYBSP_CINA_obj  cycfg_pins.o
    0x100051b9   0x00000003   Data   RO           92    .rodata.CYBSP_CINB_obj  cycfg_pins.o
    0x100051bc   0x00000003   Data   RO           94    .rodata.CYBSP_CMOD_obj  cycfg_pins.o
    0x100051bf   0x00000003   Data   RO           96    .rodata.CYBSP_CSD_BTN0_obj  cycfg_pins.o
    0x100051c2   0x00000003   Data   RO           98    .rodata.CYBSP_CSD_BTN1_obj  cycfg_pins.o
    0x100051c5   0x00000003   Data   RO           58    .rodata.CYBSP_CSD_CLK_DIV_obj  cycfg_clocks.o
    0x100051c8   0x00000003   Data   RO          100    .rodata.CYBSP_CSD_SLD0_obj  cycfg_pins.o
    0x100051cb   0x00000003   Data   RO          102    .rodata.CYBSP_CSD_SLD1_obj  cycfg_pins.o
    0x100051ce   0x00000003   Data   RO          104    .rodata.CYBSP_CSD_SLD2_obj  cycfg_pins.o
    0x100051d1   0x00000003   Data   RO          106    .rodata.CYBSP_CSD_SLD3_obj  cycfg_pins.o
    0x100051d4   0x00000003   Data   RO          108    .rodata.CYBSP_CSD_SLD4_obj  cycfg_pins.o
    0x100051d7   0x00000003   Data   RO           82    .rodata.CYBSP_CSD_TX_obj  cycfg_pins.o
    0x100051da   0x00000002   PAD
    0x100051dc   0x00000034   Data   RO           87    .rodata.CYBSP_SWDCK_config  cycfg_pins.o
    0x10005210   0x00000003   Data   RO           88    .rodata.CYBSP_SWDCK_obj  cycfg_pins.o
    0x10005213   0x00000001   PAD
    0x10005214   0x00000034   Data   RO           85    .rodata.CYBSP_SWDIO_config  cycfg_pins.o
    0x10005248   0x00000003   Data   RO           86    .rodata.CYBSP_SWDIO_obj  cycfg_pins.o
    0x1000524b   0x00000001   PAD
    0x1000524c   0x00000034   Data   RO           83    .rodata.CYBSP_SWO_config  cycfg_pins.o
    0x10005280   0x00000003   Data   RO           84    .rodata.CYBSP_SWO_obj  cycfg_pins.o
    0x10005283   0x00000001   PAD
    0x10005284   0x00000034   Data   RO           77    .rodata.CYBSP_WCO_IN_config  cycfg_pins.o
    0x100052b8   0x00000003   Data   RO           78    .rodata.CYBSP_WCO_IN_obj  cycfg_pins.o
    0x100052bb   0x00000001   PAD
    0x100052bc   0x00000034   Data   RO           79    .rodata.CYBSP_WCO_OUT_config  cycfg_pins.o
    0x100052f0   0x00000003   Data   RO           80    .rodata.CYBSP_WCO_OUT_obj  cycfg_pins.o
    0x100052f3   0x000000ff   Data   RO           22    .rodata.Rcon        aes_lib.o
    0x100053f2   0x00000002   PAD
    0x100053f4   0x00000034   Data   RO          176    .rodata.SystemInit.systemIpcPipeConfigCm4  system_psoc6_cm4.o
    0x10005428   0x000000c0   Data   RO         2838    .rodata.cy_deviceIpBlockCfgPSoC6_02  cy_device.o
    0x100054e8   0x00000001   Data   RO         1718    .rodata.cyhal_block_offsets_can  cyhal_hwmgr.o
    0x100054e9   0x0000001a   Data   RO         1719    .rodata.cyhal_block_offsets_clock  cyhal_hwmgr.o
    0x10005503   0x00000001   Data   RO         1720    .rodata.cyhal_block_offsets_dma  cyhal_hwmgr.o
    0x10005504   0x00000002   Data   RO         1721    .rodata.cyhal_block_offsets_dw  cyhal_hwmgr.o
    0x10005506   0x00000010   Data   RO         1723    .rodata.cyhal_block_offsets_gpio  cyhal_hwmgr.o
    0x10005516   0x00000002   Data   RO         1724    .rodata.cyhal_block_offsets_tcpwm  cyhal_hwmgr.o
    0x10005518   0x00000001   Data   RO         1722    .rodata.cyhal_block_offsets_tdm  cyhal_hwmgr.o
    0x10005519   0x00000001   PAD
    0x1000551a   0x0000003c   Data   RO         1717    .rodata.cyhal_resource_offsets  cyhal_hwmgr.o
    0x10005556   0x00000100   Data   RO           23    .rodata.sbox        aes_lib.o
    0x10005656   0x00000002   PAD
    0x10005658   0x00000014   Data   RO          153    .rodata.srss_0_clock_0_fll_0_fllConfig  cycfg_system.o
    0x1000566c   0x00000003   Data   RO          147    .rodata.srss_0_clock_0_pathmux_0_obj  cycfg_system.o
    0x1000566f   0x00000003   Data   RO          148    .rodata.srss_0_clock_0_pathmux_1_obj  cycfg_system.o
    0x10005672   0x00000003   Data   RO          149    .rodata.srss_0_clock_0_pathmux_2_obj  cycfg_system.o
    0x10005675   0x00000003   Data   RO          150    .rodata.srss_0_clock_0_pathmux_3_obj  cycfg_system.o
    0x10005678   0x00000003   Data   RO          151    .rodata.srss_0_clock_0_pathmux_4_obj  cycfg_system.o
    0x1000567b   0x00000003   Data   RO          152    .rodata.srss_0_clock_0_pathmux_5_obj  cycfg_system.o
    0x1000567e   0x00000005   Data   RO          154    .rodata.srss_0_clock_0_pll_0_pllConfig  cycfg_system.o
    0x10005683   0x0000000e   Data   RO          205    .rodata.str1.1      main.o
    0x10005691   0x00000003   PAD
    0x10005694   0x00000030   Data   RO         6544    Region$$Table       anon$$obj.o
    0x100056c4   0x00000004   Data   RO          177    .init_array         system_psoc6_cm4.o
    0x100056c8   0x00000000   Data   RO         6202    .init_array         c_w.l(init_aeabi.o)


    Execution Region .cy_app_signature (Base: 0x101fff00, Size: 0x00000000, Max: 0x00000100, ABSOLUTE)

    **** No section assigned to this execution region ****



  Load Region LR_EM_EEPROM (Base: 0x14000000, Size: 0x00000000, Max: 0x00008000, ABSOLUTE)

    Execution Region .cy_em_eeprom (Base: 0x14000000, Size: 0x00000000, Max: 0xffffffff, ABSOLUTE)

    **** No section assigned to this execution region ****



  Load Region LR_SFLASH_USER_DATA (Base: 0x16000800, Size: 0x00000000, Max: 0x00000800, ABSOLUTE)

    Execution Region .cy_sflash_user_data (Base: 0x16000800, Size: 0x00000000, Max: 0xffffffff, ABSOLUTE)

    **** No section assigned to this execution region ****



  Load Region LR_SFLASH_NAR (Base: 0x16001a00, Size: 0x00000000, Max: 0x00000200, ABSOLUTE)

    Execution Region .cy_sflash_nar (Base: 0x16001a00, Size: 0x00000000, Max: 0xffffffff, ABSOLUTE)

    **** No section assigned to this execution region ****



  Load Region LR_SFLASH_PUBLIC_KEY (Base: 0x16005a00, Size: 0x00000000, Max: 0x00000c00, ABSOLUTE)

    Execution Region .cy_sflash_public_key (Base: 0x16005a00, Size: 0x00000000, Max: 0xffffffff, ABSOLUTE)

    **** No section assigned to this execution region ****



  Load Region LR_SFLASH_TOC_2 (Base: 0x16007c00, Size: 0x00000000, Max: 0x00000200, ABSOLUTE)

    Execution Region .cy_toc_part2 (Base: 0x16007c00, Size: 0x00000000, Max: 0xffffffff, ABSOLUTE)

    **** No section assigned to this execution region ****



  Load Region LR_SFLASH_RTOC_2 (Base: 0x16007e00, Size: 0x00000000, Max: 0x00000200, ABSOLUTE)

    Execution Region .cy_rtoc_part2 (Base: 0x16007e00, Size: 0x00000000, Max: 0xffffffff, ABSOLUTE)

    **** No section assigned to this execution region ****



  Load Region LR_EROM (Base: 0x18000000, Size: 0x00000000, Max: 0x08000000, ABSOLUTE)

    Execution Region cy_xip (Base: 0x18000000, Size: 0x00000000, Max: 0xffffffff, ABSOLUTE)

    **** No section assigned to this execution region ****



  Load Region LR_EFUSE (Base: 0x90700000, Size: 0x00000000, Max: 0x00100000, ABSOLUTE)

    Execution Region .cy_efuse (Base: 0x90700000, Size: 0x00000000, Max: 0xffffffff, ABSOLUTE)

    **** No section assigned to this execution region ****



  Load Region CYMETA (Base: 0x90500000, Size: 0x00000000, Max: 0xffffffff, ABSOLUTE)

    Execution Region .cymeta (Base: 0x90500000, Size: 0x00000000, Max: 0xffffffff, ABSOLUTE)

    **** No section assigned to this execution region ****


==============================================================================

Image component sizes


      Code (inc. data)   RO Data    RW Data    ZI Data      Debug   

      9294        768       8258        400    1037576     656940   Object Totals
         0          0         48          0    1036096          0   (incl. Generated)
        22          4         14          0          4          0   (incl. Padding)
      2684        210         12         12        348       3168   Library Totals
         8          0          0          0          0          0   (incl. Padding)

==============================================================================


      Code (inc. data)   RO Data    RW Data    ZI Data      Debug   

     11978        978       8270        412    1037924     657924   Grand Totals
     11978        978       8270        412    1037924     657924   ELF Image Totals
     11978        978       8270        412          0          0   ROM Totals

==============================================================================

    Total RO  Size (Code + RO Data)                20248 (  19.77kB)
    Total RW  Size (RW Data + ZI Data)           1038336 (1014.00kB)
    Total ROM Size (Code + RO Data + RW Data)      20660 (  20.18kB)

==============================================================================

