Component: ARM Compiler 6.16 Tool: armlink [5dfeaa00]

==============================================================================

Memory Map of the image

  Image Entry point : 0x100022e1

  Load Region LR_IROM (Base: 0x10000000, Size: 0x00001850, Max: 0x00002000, ABSOLUTE)

    Execution Region .cy_m0p_image (Base: 0x10000000, Size: 0x00001850, Max: 0x00002000, ABSOLUTE)

    Base Addr    Size         Type   Attr      Idx    E Section Name        Object

    0x10000000   0x00001850   Data   RO         7513    .cy_m0p_image       psoc6_02_cm0p_sleep.o



  Load Region LR_IROM1 (Base: 0x10002000, Size: 0x000078d8, Max: 0x001fe000, ABSOLUTE)

    Execution Region ER_RAM_VECTORS (Base: 0x08002000, Size: 0x000002e0, Max: 0xffffffff, ABSOLUTE, UNINIT)

    Base Addr    Size         Type   Attr      Idx    E Section Name        Object

    0x08002000   0x000002e0   Zero   RW            4    RESET_RAM           startup_psoc6_02_cm4.o


    Execution Region RW_RAM_DATA (Base: 0x080022e0, Size: 0x00000508, Max: 0xffffffff, ABSOLUTE)

    Base Addr    Size         Type   Attr      Idx    E Section Name        Object

    0x080022e0   0x00000004   Data   RW          255    .ARM.use_no_argv    main.o
    0x080022e4   0x00000008   Data   RW         5239    .cy_sharedmem       cy_ipc_sema.o
    0x080022ec   0x00000004   Data   RW         7782    .data               c_w.l(stdio_streams.o)
    0x080022f0   0x00000004   Data   RW         7783    .data               c_w.l(stdio_streams.o)
    0x080022f4   0x00000004   Data   RW         7784    .data               c_w.l(stdio_streams.o)
    0x080022f8   0x00000004   Data   RW          213    .data.SystemCoreClock  system_psoc6_cm4.o
    0x080022fc   0x00000004   Data   RW         3016    .data._cyhal_syspm_callback_ptr  cyhal_syspm.o
    0x08002300   0x0000001c   Data   RW         3011    .data._cyhal_syspm_cb_deepsleep  cyhal_syspm.o
    0x0800231c   0x0000001c   Data   RW         3012    .data._cyhal_syspm_cb_hibernate  cyhal_syspm.o
    0x08002338   0x0000001c   Data   RW         3013    .data._cyhal_syspm_cb_lp  cyhal_syspm.o
    0x08002354   0x00000008   Data   RW         3022    .data._cyhal_syspm_cb_params_deepsleep  cyhal_syspm.o
    0x0800235c   0x00000008   Data   RW         3023    .data._cyhal_syspm_cb_params_hibernate  cyhal_syspm.o
    0x08002364   0x00000008   Data   RW         3024    .data._cyhal_syspm_cb_params_lp  cyhal_syspm.o
    0x0800236c   0x00000008   Data   RW         3020    .data._cyhal_syspm_cb_params_sleep  cyhal_syspm.o
    0x08002374   0x00000008   Data   RW         3025    .data._cyhal_syspm_cb_params_ulp  cyhal_syspm.o
    0x0800237c   0x0000001c   Data   RW         3014    .data._cyhal_syspm_cb_ulp  cyhal_syspm.o
    0x08002398   0x00000004   Data   RW         3009    .data._cyhal_syspm_peripheral_callback_ptr  cyhal_syspm.o
    0x0800239c   0x00000004   Data   RW          214    .data.cy_Hfclk0FreqHz  system_psoc6_cm4.o
    0x080023a0   0x00000004   Data   RW          215    .data.cy_PeriClkFreqHz  system_psoc6_cm4.o
    0x080023a4   0x00000004   Data   RW          219    .data.cy_delay32kMs  system_psoc6_cm4.o
    0x080023a8   0x00000004   Data   RW          217    .data.cy_delayFreqKhz  system_psoc6_cm4.o
    0x080023ac   0x00000001   Data   RW          218    .data.cy_delayFreqMhz  system_psoc6_cm4.o
    0x080023ad   0x00000003   PAD
    0x080023b0   0x0000001c   Data   RW          237    .data.cybsp_register_sysclk_pm_callback.cybsp_sysclk_pm_callback  cybsp.o
    0x080023cc   0x0000001c   Data   RW         3010    .data.cyhal_syspm_cb_sleep  cyhal_syspm.o
    0x080023e8   0x00000054   Zero   RW         7779    .bss                c_w.l(stdio_streams.o)
    0x0800243c   0x00000054   Zero   RW         7780    .bss                c_w.l(stdio_streams.o)
    0x08002490   0x00000054   Zero   RW         7781    .bss                c_w.l(stdio_streams.o)
    0x080024e4   0x00000060   Zero   RW         8058    .bss                c_w.l(libspace.o)
    0x08002544   0x00000002   Zero   RW         6869    .bss.Cy_SysClk_DeepSleepCallback.changedSourcePaths  cy_sysclk.o
    0x08002546   0x00000002   Zero   RW         6870    .bss.Cy_SysClk_DeepSleepCallback.pllAutoModes  cy_sysclk.o
    0x08002548   0x00000014   Zero   RW         7137    .bss.Cy_SysTick_Callbacks  cy_systick.o
    0x0800255c   0x00000160   Zero   RW          220    .bss.SystemInit.systemIpcPipeEpArray  system_psoc6_cm4.o
    0x080026bc   0x00000020   Zero   RW          221    .bss.SystemInit.systemIpcPipeSysCbArray  system_psoc6_cm4.o
    0x080026dc   0x00000001   Zero   RW         2640    .bss.__cyhal_scb_pm_transition_pending_value  cyhal_scb_common.o
    0x080026dd   0x00000001   PAD
    0x080026de   0x00000002   Zero   RW         3017    .bss._cyhal_deep_sleep_lock  cyhal_syspm.o
    0x080026e0   0x00000001   Zero   RW         3018    .bss._cyhal_disable_systick_before_sleep_deepsleep  cyhal_syspm.o
    0x080026e1   0x00000003   PAD
    0x080026e4   0x00000004   Zero   RW         3019    .bss._cyhal_syspm_supply_voltages  cyhal_syspm.o
    0x080026e8   0x00000001   Zero   RW         3021    .bss._cyhal_systick_disable  cyhal_syspm.o
    0x080026e9   0x00000001   Zero   RW         6865    .bss.clkCounting    cy_sysclk.o
    0x080026ea   0x00000002   PAD
    0x080026ec   0x00000004   Zero   RW         6861    .bss.cySysClkExtFreq  cy_sysclk.o
    0x080026f0   0x00000004   Zero   RW         3632    .bss.cy_device      cy_device.o
    0x080026f4   0x00000004   Zero   RW         5209    .bss.cy_ipc_pipe_epArray  cy_ipc_pipe.o
    0x080026f8   0x000000a0   Zero   RW         7562    .bss.cy_retarget_io_uart_obj  cy_retarget_io.o
    0x08002798   0x00000004   Zero   RW         5240    .bss.cy_semaIpcStruct  cy_ipc_sema.o
    0x0800279c   0x00000008   Zero   RW          236    .bss.cybsp_register_sysclk_pm_callback.cybsp_sysclk_pm_callback_param  cybsp.o
    0x080027a4   0x00000027   Zero   RW         1995    .bss.cyhal_used     cyhal_hwmgr.o
    0x080027cb   0x00000001   PAD
    0x080027cc   0x00000004   Zero   RW         6862    .bss.ecoFrequency   cy_sysclk.o
    0x080027d0   0x00000014   Zero   RW         7093    .bss.pmCallbackRoot  cy_syspm.o
    0x080027e4   0x00000001   Zero   RW         6867    .bss.preventCounting  cy_sysclk.o


    Execution Region RW_IRAM1 (Base: 0x080027e8, Size: 0x00000094, Max: 0xffffffff, ABSOLUTE, UNINIT)

    Base Addr    Size         Type   Attr      Idx    E Section Name        Object

    0x080027e8   0x00000094   Data   RW         6937    .noinit             cy_syslib.o


    Execution Region ARM_LIB_HEAP (Base: 0x0800287c, Size: 0x000fbf80, Max: 0x000fbf80, ABSOLUTE)

    Base Addr    Size         Type   Attr      Idx    E Section Name        Object

    0x0800287c   0x000fbf80   Zero   RW            1    ARM_LIB_HEAP.bss    anon$$obj.o


    Execution Region ARM_LIB_STACK (Base: 0x080fe800, Size: 0x00001000, Max: 0x00001000, ABSOLUTE)

    Base Addr    Size         Type   Attr      Idx    E Section Name        Object

    0x080fe800   0x00001000   Zero   RW            2    ARM_LIB_STACK.bss   anon$$obj.o


    Execution Region ER_FLASH_VECTORS (Base: 0x10002000, Size: 0x000002e0, Max: 0xffffffff, ABSOLUTE)

    Base Addr    Size         Type   Attr      Idx    E Section Name        Object

    0x10002000   0x000002e0   Data   RO            3    RESET               startup_psoc6_02_cm4.o


    Execution Region ER_FLASH_CODE (Base: 0x100022e0, Size: 0x0000745c, Max: 0xffffffff, ABSOLUTE, FIXED)

    Base Addr    Size         Type   Attr      Idx    E Section Name        Object

    0x100022e0   0x00000008   Code   RO         7670  * !!!main             c_w.l(__main.o)
    0x100022e8   0x00000034   Code   RO         8185    !!!scatter          c_w.l(__scatter.o)
    0x1000231c   0x0000003a   Code   RO         8183    !!dczerorl          c_w.l(__dczerorl.o)
    0x10002356   0x00000002   PAD
    0x10002358   0x0000001a   Code   RO         8187    !!handler_copy      c_w.l(__scatter_copy.o)
    0x10002372   0x00000002   PAD
    0x10002374   0x0000001c   Code   RO         8189    !!handler_zi        c_w.l(__scatter_zi.o)
    0x10002390   0x00000000   Code   RO         7769    .ARM.Collect$$_printf_percent$$00000000  c_w.l(_printf_percent.o)
    0x10002390   0x00000006   Code   RO         7758    .ARM.Collect$$_printf_percent$$00000001  c_w.l(_printf_n.o)
    0x10002396   0x00000006   Code   RO         7760    .ARM.Collect$$_printf_percent$$00000002  c_w.l(_printf_p.o)
    0x1000239c   0x00000006   Code   RO         7765    .ARM.Collect$$_printf_percent$$00000003  c_w.l(_printf_f.o)
    0x100023a2   0x00000006   Code   RO         7766    .ARM.Collect$$_printf_percent$$00000004  c_w.l(_printf_e.o)
    0x100023a8   0x00000006   Code   RO         7767    .ARM.Collect$$_printf_percent$$00000005  c_w.l(_printf_g.o)
    0x100023ae   0x00000006   Code   RO         7768    .ARM.Collect$$_printf_percent$$00000006  c_w.l(_printf_a.o)
    0x100023b4   0x0000000a   Code   RO         7773    .ARM.Collect$$_printf_percent$$00000007  c_w.l(_printf_ll.o)
    0x100023be   0x00000006   Code   RO         7762    .ARM.Collect$$_printf_percent$$00000008  c_w.l(_printf_i.o)
    0x100023c4   0x00000006   Code   RO         7763    .ARM.Collect$$_printf_percent$$00000009  c_w.l(_printf_d.o)
    0x100023ca   0x00000006   Code   RO         7764    .ARM.Collect$$_printf_percent$$0000000A  c_w.l(_printf_u.o)
    0x100023d0   0x00000006   Code   RO         7761    .ARM.Collect$$_printf_percent$$0000000B  c_w.l(_printf_o.o)
    0x100023d6   0x00000006   Code   RO         7759    .ARM.Collect$$_printf_percent$$0000000C  c_w.l(_printf_x.o)
    0x100023dc   0x00000006   Code   RO         7770    .ARM.Collect$$_printf_percent$$0000000D  c_w.l(_printf_lli.o)
    0x100023e2   0x00000006   Code   RO         7771    .ARM.Collect$$_printf_percent$$0000000E  c_w.l(_printf_lld.o)
    0x100023e8   0x00000006   Code   RO         7772    .ARM.Collect$$_printf_percent$$0000000F  c_w.l(_printf_llu.o)
    0x100023ee   0x00000006   Code   RO         7777    .ARM.Collect$$_printf_percent$$00000010  c_w.l(_printf_llo.o)
    0x100023f4   0x00000006   Code   RO         7778    .ARM.Collect$$_printf_percent$$00000011  c_w.l(_printf_llx.o)
    0x100023fa   0x0000000a   Code   RO         7774    .ARM.Collect$$_printf_percent$$00000012  c_w.l(_printf_l.o)
    0x10002404   0x00000006   Code   RO         7756    .ARM.Collect$$_printf_percent$$00000013  c_w.l(_printf_c.o)
    0x1000240a   0x00000006   Code   RO         7757    .ARM.Collect$$_printf_percent$$00000014  c_w.l(_printf_s.o)
    0x10002410   0x00000006   Code   RO         7775    .ARM.Collect$$_printf_percent$$00000015  c_w.l(_printf_lc.o)
    0x10002416   0x00000006   Code   RO         7776    .ARM.Collect$$_printf_percent$$00000016  c_w.l(_printf_ls.o)
    0x1000241c   0x00000004   Code   RO         7886    .ARM.Collect$$_printf_percent$$00000017  c_w.l(_printf_percent_end.o)
    0x10002420   0x00000002   Code   RO         8035    .ARM.Collect$$libinit$$00000000  c_w.l(libinit.o)
    0x10002422   0x00000004   Code   RO         7790    .ARM.Collect$$libinit$$00000001  c_w.l(libinit2.o)
    0x10002426   0x00000000   Code   RO         7793    .ARM.Collect$$libinit$$00000004  c_w.l(libinit2.o)
    0x10002426   0x00000008   Code   RO         8116    .ARM.Collect$$libinit$$00000008  c_w.l(libinit5.o)
    0x1000242e   0x00000000   Code   RO         7796    .ARM.Collect$$libinit$$0000000A  c_w.l(libinit2.o)
    0x1000242e   0x00000000   Code   RO         7798    .ARM.Collect$$libinit$$0000000C  c_w.l(libinit2.o)
    0x1000242e   0x00000000   Code   RO         7800    .ARM.Collect$$libinit$$0000000E  c_w.l(libinit2.o)
    0x1000242e   0x00000006   Code   RO         7801    .ARM.Collect$$libinit$$0000000F  c_w.l(libinit2.o)
    0x10002434   0x00000000   Code   RO         7803    .ARM.Collect$$libinit$$00000011  c_w.l(libinit2.o)
    0x10002434   0x0000000c   Code   RO         7804    .ARM.Collect$$libinit$$00000012  c_w.l(libinit2.o)
    0x10002440   0x00000000   Code   RO         7805    .ARM.Collect$$libinit$$00000013  c_w.l(libinit2.o)
    0x10002440   0x00000000   Code   RO         7807    .ARM.Collect$$libinit$$00000015  c_w.l(libinit2.o)
    0x10002440   0x0000000a   Code   RO         7808    .ARM.Collect$$libinit$$00000016  c_w.l(libinit2.o)
    0x1000244a   0x00000000   Code   RO         7809    .ARM.Collect$$libinit$$00000017  c_w.l(libinit2.o)
    0x1000244a   0x00000000   Code   RO         7811    .ARM.Collect$$libinit$$00000019  c_w.l(libinit2.o)
    0x1000244a   0x00000000   Code   RO         7813    .ARM.Collect$$libinit$$0000001B  c_w.l(libinit2.o)
    0x1000244a   0x00000000   Code   RO         7815    .ARM.Collect$$libinit$$0000001D  c_w.l(libinit2.o)
    0x1000244a   0x00000000   Code   RO         7817    .ARM.Collect$$libinit$$0000001F  c_w.l(libinit2.o)
    0x1000244a   0x00000000   Code   RO         7819    .ARM.Collect$$libinit$$00000021  c_w.l(libinit2.o)
    0x1000244a   0x00000000   Code   RO         7821    .ARM.Collect$$libinit$$00000023  c_w.l(libinit2.o)
    0x1000244a   0x00000004   Code   RO         7822    .ARM.Collect$$libinit$$00000024  c_w.l(libinit2.o)
    0x1000244e   0x00000000   Code   RO         7823    .ARM.Collect$$libinit$$00000025  c_w.l(libinit2.o)
    0x1000244e   0x00000000   Code   RO         7827    .ARM.Collect$$libinit$$0000002C  c_w.l(libinit2.o)
    0x1000244e   0x00000000   Code   RO         7829    .ARM.Collect$$libinit$$0000002E  c_w.l(libinit2.o)
    0x1000244e   0x00000000   Code   RO         7831    .ARM.Collect$$libinit$$00000030  c_w.l(libinit2.o)
    0x1000244e   0x00000004   Code   RO         7832    .ARM.Collect$$libinit$$00000031  c_w.l(libinit2.o)
    0x10002452   0x00000000   Code   RO         7833    .ARM.Collect$$libinit$$00000032  c_w.l(libinit2.o)
    0x10002452   0x00000002   Code   RO         7834    .ARM.Collect$$libinit$$00000033  c_w.l(libinit2.o)
    0x10002454   0x00000008   Code   RO         8117    .ARM.Collect$$libinit$$00002719  c_w.l(libinit5.o)
    0x1000245c   0x00000002   Code   RO         8164    .ARM.Collect$$libshutdown$$00000000  c_w.l(libshutdown.o)
    0x1000245e   0x00000000   Code   RO         8037    .ARM.Collect$$libshutdown$$00000002  c_w.l(libshutdown2.o)
    0x1000245e   0x00000004   Code   RO         8038    .ARM.Collect$$libshutdown$$00000003  c_w.l(libshutdown2.o)
    0x10002462   0x00000000   Code   RO         8039    .ARM.Collect$$libshutdown$$00000004  c_w.l(libshutdown2.o)
    0x10002462   0x00000000   Code   RO         8042    .ARM.Collect$$libshutdown$$00000007  c_w.l(libshutdown2.o)
    0x10002462   0x00000000   Code   RO         8045    .ARM.Collect$$libshutdown$$0000000A  c_w.l(libshutdown2.o)
    0x10002462   0x00000000   Code   RO         8047    .ARM.Collect$$libshutdown$$0000000C  c_w.l(libshutdown2.o)
    0x10002462   0x00000000   Code   RO         8050    .ARM.Collect$$libshutdown$$0000000F  c_w.l(libshutdown2.o)
    0x10002462   0x00000002   Code   RO         8051    .ARM.Collect$$libshutdown$$00000010  c_w.l(libshutdown2.o)
    0x10002464   0x00000000   Code   RO         7680    .ARM.Collect$$rtentry$$00000000  c_w.l(__rtentry.o)
    0x10002464   0x00000000   Code   RO         7848    .ARM.Collect$$rtentry$$00000002  c_w.l(__rtentry2.o)
    0x10002464   0x00000004   Code   RO         7862    .ARM.Collect$$rtentry$$00000007  c_w.l(__rtentry7.o)
    0x10002468   0x00000000   Code   RO         7850    .ARM.Collect$$rtentry$$00000009  c_w.l(__rtentry2.o)
    0x10002468   0x00000004   Code   RO         7851    .ARM.Collect$$rtentry$$0000000A  c_w.l(__rtentry2.o)
    0x1000246c   0x00000000   Code   RO         7853    .ARM.Collect$$rtentry$$0000000C  c_w.l(__rtentry2.o)
    0x1000246c   0x00000008   Code   RO         7854    .ARM.Collect$$rtentry$$0000000D  c_w.l(__rtentry2.o)
    0x10002474   0x00000004   Code   RO         7863    .ARM.Collect$$rtentry$$00002718  c_w.l(__rtentry7.o)
    0x10002478   0x00000002   Code   RO         8064    .ARM.Collect$$rtexit$$00000000  c_w.l(rtexit.o)
    0x1000247a   0x00000000   Code   RO         8122    .ARM.Collect$$rtexit$$00000002  c_w.l(rtexit2.o)
    0x1000247a   0x00000004   Code   RO         8123    .ARM.Collect$$rtexit$$00000003  c_w.l(rtexit2.o)
    0x1000247e   0x00000006   Code   RO         8124    .ARM.Collect$$rtexit$$00000004  c_w.l(rtexit2.o)
    0x10002484   0x00000074   Code   RO            5    .text               startup_psoc6_02_cm4.o
    0x100024f8   0x0000001e   Code   RO          262    .text               cy_syslib_mdk.o
    0x10002516   0x00000002   Code   RO         7595    .text               c_w.l(use_no_semi_2.o)
    0x10002518   0x000000f0   Code   RO         7597    .text               c_w.l(lludivv7m.o)
    0x10002608   0x00000018   Code   RO         7601    .text               c_w.l(printf.o)
    0x10002620   0x0000004e   Code   RO         7611    .text               c_w.l(rt_memclr_w.o)
    0x1000266e   0x00000006   Code   RO         7668    .text               c_w.l(heapauxi.o)
    0x10002674   0x00000024   Code   RO         7675    .text               c_w.l(init_aeabi.o)
    0x10002698   0x00000002   Code   RO         7678    .text               c_w.l(use_no_semi.o)
    0x1000269a   0x0000004e   Code   RO         7691    .text               c_w.l(_printf_pad.o)
    0x100026e8   0x00000024   Code   RO         7693    .text               c_w.l(_printf_truncate.o)
    0x1000270c   0x00000052   Code   RO         7695    .text               c_w.l(_printf_str.o)
    0x1000275e   0x00000002   PAD
    0x10002760   0x00000078   Code   RO         7697    .text               c_w.l(_printf_dec.o)
    0x100027d8   0x00000028   Code   RO         7699    .text               c_w.l(_printf_charcount.o)
    0x10002800   0x00000024   Code   RO         7701    .text               c_w.l(_printf_char_file.o)
    0x10002824   0x000000bc   Code   RO         7703    .text               c_w.l(_printf_wctomb.o)
    0x100028e0   0x0000007c   Code   RO         7706    .text               c_w.l(_printf_longlong_dec.o)
    0x1000295c   0x00000070   Code   RO         7712    .text               c_w.l(_printf_oct_int_ll.o)
    0x100029cc   0x00000094   Code   RO         7732    .text               c_w.l(_printf_hex_int_ll_ptr.o)
    0x10002a60   0x00000188   Code   RO         7753    .text               c_w.l(__printf_flags_ss_wp.o)
    0x10002be8   0x0000008a   Code   RO         7869    .text               c_w.l(lludiv10.o)
    0x10002c72   0x000000b2   Code   RO         7871    .text               c_w.l(_printf_intcommon.o)
    0x10002d24   0x0000041c   Code   RO         7873    .text               c_w.l(_printf_fp_dec.o)
    0x10003140   0x000002fc   Code   RO         7877    .text               c_w.l(_printf_fp_hex.o)
    0x1000343c   0x00000030   Code   RO         7880    .text               c_w.l(_printf_char_common.o)
    0x1000346c   0x0000002c   Code   RO         7882    .text               c_w.l(_printf_char.o)
    0x10003498   0x0000002c   Code   RO         7884    .text               c_w.l(_printf_wchar.o)
    0x100034c4   0x00000008   Code   RO         7887    .text               c_w.l(ferror.o)
    0x100034cc   0x00000138   Code   RO         7889    .text               c_w.l(initio.o)
    0x10003604   0x00000048   Code   RO         7895    .text               c_w.l(_c16rtomb.o)
    0x1000364c   0x00000010   Code   RO         7908    .text               c_w.l(rt_ctype_table.o)
    0x1000365c   0x00000008   Code   RO         7913    .text               c_w.l(rt_locale_intlibspace.o)
    0x10003664   0x0000004e   Code   RO         7917    .text               c_w.l(h1_free.o)
    0x100036b2   0x00000002   PAD
    0x100036b4   0x00000080   Code   RO         7971    .text               c_w.l(_printf_fp_infnan.o)
    0x10003734   0x000000e4   Code   RO         7975    .text               c_w.l(bigflt0.o)
    0x10003818   0x00000046   Code   RO         8002    .text               c_w.l(setvbuf.o)
    0x1000385e   0x00000002   PAD
    0x10003860   0x000000f0   Code   RO         8005    .text               c_w.l(fopen.o)
    0x10003950   0x0000004c   Code   RO         8007    .text               c_w.l(fclose.o)
    0x1000399c   0x00000012   Code   RO         8016    .text               c_w.l(exit.o)
    0x100039ae   0x0000000e   Code   RO         8022    .text               c_w.l(defsig_rtred_outer.o)
    0x100039bc   0x00000008   Code   RO         8071    .text               c_w.l(rt_heap_descriptor_intlibspace.o)
    0x100039c4   0x00000004   Code   RO         8073    .text               c_w.l(hguard.o)
    0x100039c8   0x0000008a   Code   RO         8077    .text               c_w.l(init_alloc.o)
    0x10003a52   0x0000005e   Code   RO         8083    .text               c_w.l(h1_alloc.o)
    0x10003ab0   0x000000f8   Code   RO         8097    .text               c_w.l(fseek.o)
    0x10003ba8   0x000000f0   Code   RO         8099    .text               c_w.l(stdio.o)
    0x10003c98   0x0000000a   Code   RO         8104    .text               c_w.l(defsig_exit.o)
    0x10003ca2   0x00000002   PAD
    0x10003ca4   0x00000034   Code   RO         8108    .text               c_w.l(defsig_rtred_inner.o)
    0x10003cd8   0x0000000e   Code   RO         8110    .text               c_w.l(defsig_rtmem_outer.o)
    0x10003ce6   0x00000002   PAD
    0x10003ce8   0x0000007c   Code   RO         8114    .text               c_w.l(strcmpv7em.o)
    0x10003d64   0x00000000   Code   RO         8128    .text               c_w.l(maybetermalloc1.o)
    0x10003d64   0x0000000e   Code   RO         8130    .text               c_w.l(h1_init.o)
    0x10003d72   0x00000034   Code   RO         8132    .text               c_w.l(h1_extend.o)
    0x10003da6   0x00000042   Code   RO         8140    .text               c_w.l(ftell.o)
    0x10003de8   0x00000032   Code   RO         8144    .text               c_w.l(defsig_general.o)
    0x10003e1a   0x00000002   PAD
    0x10003e1c   0x00000050   Code   RO         8146    .text               c_w.l(defsig_rtmem_inner.o)
    0x10003e6c   0x00000008   Code   RO         8156    .text               c_w.l(rt_errno_addr_intlibspace.o)
    0x10003e74   0x00000010   Code   RO           24    .text.AES128_ECB_encrypt  aes_lib.o
    0x10003e84   0x00000004   Code   RO         1979    .text.CY_HALT       cyhal_hwmgr.o
    0x10003e88   0x00000004   Code   RO         2975    .text.CY_HALT       cyhal_syspm.o
    0x10003e8c   0x00000004   Code   RO         3549    .text.CY_HALT       cyhal_utils_psoc.o
    0x10003e90   0x00000004   Code   RO         4992    .text.CY_HALT       cy_gpio.o
    0x10003e94   0x00000004   Code   RO         5138    .text.CY_HALT       cy_ipc_drv.o
    0x10003e98   0x00000004   Code   RO         5161    .text.CY_HALT       cy_ipc_pipe.o
    0x10003e9c   0x00000004   Code   RO         5237    .text.CY_HALT       cy_ipc_sema.o
    0x10003ea0   0x00000004   Code   RO         5377    .text.CY_HALT       cy_prot.o
    0x10003ea4   0x00000004   Code   RO         6643    .text.CY_HALT       cy_sysclk.o
    0x10003ea8   0x00000004   Code   RO         6880    .text.CY_HALT       cy_sysint.o
    0x10003eac   0x00000004   Code   RO         6955    .text.CY_HALT       cy_syspm.o
    0x10003eb0   0x00000004   Code   RO         7111    .text.CY_HALT       cy_systick.o
    0x10003eb4   0x000000da   Code   RO         5008    .text.Cy_GPIO_Pin_FastInit  cy_gpio.o
    0x10003f8e   0x00000002   PAD
    0x10003f90   0x00000302   Code   RO         4990    .text.Cy_GPIO_Pin_Init  cy_gpio.o
    0x10004292   0x00000002   PAD
    0x10004294   0x00000080   Code   RO         4994    .text.Cy_GPIO_SetDrivemode  cy_gpio.o
    0x10004314   0x000000be   Code   RO         4996    .text.Cy_GPIO_SetHSIOM  cy_gpio.o
    0x100043d2   0x00000002   PAD
    0x100043d4   0x00000086   Code   RO         4998    .text.Cy_GPIO_SetInterruptEdge  cy_gpio.o
    0x1000445a   0x00000002   PAD
    0x1000445c   0x00000056   Code   RO         5000    .text.Cy_GPIO_SetInterruptMask  cy_gpio.o
    0x100044b2   0x00000002   PAD
    0x100044b4   0x0000006a   Code   RO         5002    .text.Cy_GPIO_SetVtrip  cy_gpio.o
    0x1000451e   0x00000002   PAD
    0x10004520   0x00000050   Code   RO         5004    .text.Cy_GPIO_Write  cy_gpio.o
    0x10004570   0x00000026   Code   RO         5134    .text.Cy_IPC_Drv_AcquireNotify  cy_ipc_drv.o
    0x10004596   0x00000002   PAD
    0x10004598   0x00000044   Code   RO         5193    .text.Cy_IPC_Drv_ClearInterrupt  cy_ipc_pipe.o
    0x100045dc   0x0000000c   Code   RO         5191    .text.Cy_IPC_Drv_ExtractAcquireMask  cy_ipc_pipe.o
    0x100045e8   0x0000000c   Code   RO         5199    .text.Cy_IPC_Drv_ExtractReleaseMask  cy_ipc_pipe.o
    0x100045f4   0x0000000c   Code   RO         5201    .text.Cy_IPC_Drv_GetInterruptStatus  cy_ipc_pipe.o
    0x10004600   0x0000000c   Code   RO         5189    .text.Cy_IPC_Drv_GetInterruptStatusMasked  cy_ipc_pipe.o
    0x1000460c   0x00000040   Code   RO         5169    .text.Cy_IPC_Drv_GetIntrBaseAddr  cy_ipc_pipe.o
    0x1000464c   0x00000040   Code   RO         5167    .text.Cy_IPC_Drv_GetIpcBaseAddress  cy_ipc_pipe.o
    0x1000468c   0x00000040   Code   RO         5219    .text.Cy_IPC_Drv_GetIpcBaseAddress  cy_ipc_sema.o
    0x100046cc   0x00000040   Code   RO         7025    .text.Cy_IPC_Drv_GetIpcBaseAddress  cy_syspm.o
    0x1000470c   0x0000001c   Code   RO         5124    .text.Cy_IPC_Drv_IsLockAcquired  cy_ipc_drv.o
    0x10004728   0x0000001c   Code   RO         5195    .text.Cy_IPC_Drv_IsLockAcquired  cy_ipc_pipe.o
    0x10004744   0x0000001c   Code   RO         7027    .text.Cy_IPC_Drv_IsLockAcquired  cy_syspm.o
    0x10004760   0x0000001c   Code   RO         5130    .text.Cy_IPC_Drv_LockAcquire  cy_ipc_drv.o
    0x1000477c   0x00000030   Code   RO         5122    .text.Cy_IPC_Drv_LockRelease  cy_ipc_drv.o
    0x100047ac   0x0000000c   Code   RO         5140    .text.Cy_IPC_Drv_ReadDataValue  cy_ipc_drv.o
    0x100047b8   0x0000000c   Code   RO         7029    .text.Cy_IPC_Drv_ReadDataValue  cy_syspm.o
    0x100047c4   0x00000024   Code   RO         5197    .text.Cy_IPC_Drv_ReadMsgPtr  cy_ipc_pipe.o
    0x100047e8   0x00000042   Code   RO         5136    .text.Cy_IPC_Drv_ReadMsgWord  cy_ipc_drv.o
    0x1000482a   0x00000002   PAD
    0x1000482c   0x00000026   Code   RO         5126    .text.Cy_IPC_Drv_ReleaseNotify  cy_ipc_drv.o
    0x10004852   0x00000002   PAD
    0x10004854   0x00000028   Code   RO         5223    .text.Cy_IPC_Drv_SendMsgPtr  cy_ipc_sema.o
    0x1000487c   0x0000003a   Code   RO         5128    .text.Cy_IPC_Drv_SendMsgWord  cy_ipc_drv.o
    0x100048b6   0x00000002   PAD
    0x100048b8   0x00000040   Code   RO         5171    .text.Cy_IPC_Drv_SetInterruptMask  cy_ipc_pipe.o
    0x100048f8   0x00000010   Code   RO         5132    .text.Cy_IPC_Drv_WriteDataValue  cy_ipc_drv.o
    0x10004908   0x00000024   Code   RO         5157    .text.Cy_IPC_Pipe_Config  cy_ipc_pipe.o
    0x1000492c   0x0000009e   Code   RO         5163    .text.Cy_IPC_Pipe_EndpointInit  cy_ipc_pipe.o
    0x100049ca   0x00000002   PAD
    0x100049cc   0x00000136   Code   RO         5187    .text.Cy_IPC_Pipe_ExecCallback  cy_ipc_pipe.o
    0x10004b02   0x00000002   PAD
    0x10004b04   0x0000003c   Code   RO         5185    .text.Cy_IPC_Pipe_ExecuteCallback  cy_ipc_pipe.o
    0x10004b40   0x000000f4   Code   RO         5159    .text.Cy_IPC_Pipe_Init  cy_ipc_pipe.o
    0x10004c34   0x00000070   Code   RO         5217    .text.Cy_IPC_Sema_Init  cy_ipc_sema.o
    0x10004ca4   0x000000d8   Code   RO         5221    .text.Cy_IPC_Sema_InitExt  cy_ipc_sema.o
    0x10004d7c   0x00000014   Code   RO         3626    .text.Cy_PDL_Init   cy_device.o
    0x10004d90   0x0000004c   Code   RO         5381    .text.Cy_Prot_GetActivePC  cy_prot.o
    0x10004ddc   0x00000016   Code   RO         5655    .text.Cy_SCB_GetFifoSize  cy_scb_common.o
    0x10004df2   0x00000002   PAD
    0x10004df4   0x00000012   Code   RO         5657    .text.Cy_SCB_GetNumInTxFifo  cy_scb_common.o
    0x10004e06   0x00000002   PAD
    0x10004e08   0x00000014   Code   RO         3262    .text.Cy_SCB_UART_Put  cyhal_uart.o
    0x10004e1c   0x00000038   Code   RO         5653    .text.Cy_SCB_Write  cy_scb_common.o
    0x10004e54   0x00000012   Code   RO         5659    .text.Cy_SCB_WriteTxFifo  cy_scb_common.o
    0x10004e66   0x00000002   PAD
    0x10004e68   0x00000004   Code   RO         6771    .text.Cy_SysClk_AltHfGetFrequency  cy_sysclk.o
    0x10004e6c   0x00000004   Code   RO         6773    .text.Cy_SysClk_AltLfGetFrequency  cy_sysclk.o
    0x10004e70   0x0000000a   Code   RO          184    .text.Cy_SysClk_ClkBakInit  cycfg_system.o
    0x10004e7a   0x00000002   PAD
    0x10004e7c   0x00000032   Code   RO         6687    .text.Cy_SysClk_ClkBakSetSource  cy_sysclk.o
    0x10004eae   0x00000002   PAD
    0x10004eb0   0x00000018   Code   RO         6717    .text.Cy_SysClk_ClkFastGetDivider  cy_sysclk.o
    0x10004ec8   0x0000000a   Code   RO          160    .text.Cy_SysClk_ClkFastInit  cycfg_system.o
    0x10004ed2   0x00000002   PAD
    0x10004ed4   0x00000032   Code   RO         6719    .text.Cy_SysClk_ClkFastSetDivider  cy_sysclk.o
    0x10004f06   0x00000002   PAD
    0x10004f08   0x0000001a   Code   RO          180    .text.Cy_SysClk_ClkHf0Init  cycfg_system.o
    0x10004f22   0x00000002   PAD
    0x10004f24   0x0000003c   Code   RO         6733    .text.Cy_SysClk_ClkHfGetDivider  cy_sysclk.o
    0x10004f60   0x00000034   Code   RO         6709    .text.Cy_SysClk_ClkHfGetFrequency  cy_sysclk.o
    0x10004f94   0x0000003c   Code   RO         6729    .text.Cy_SysClk_ClkHfGetSource  cy_sysclk.o
    0x10004fd0   0x00000058   Code   RO         6731    .text.Cy_SysClk_ClkHfSetDivider  cy_sysclk.o
    0x10005028   0x00000058   Code   RO         6727    .text.Cy_SysClk_ClkHfSetSource  cy_sysclk.o
    0x10005080   0x0000000a   Code   RO          158    .text.Cy_SysClk_ClkLfInit  cycfg_system.o
    0x1000508a   0x00000002   PAD
    0x1000508c   0x00000034   Code   RO         6705    .text.Cy_SysClk_ClkLfSetSource  cy_sysclk.o
    0x100050c0   0x0000000c   Code   RO          168    .text.Cy_SysClk_ClkPath0Init  cycfg_system.o
    0x100050cc   0x0000000c   Code   RO          166    .text.Cy_SysClk_ClkPath1Init  cycfg_system.o
    0x100050d8   0x0000000c   Code   RO          170    .text.Cy_SysClk_ClkPath2Init  cycfg_system.o
    0x100050e4   0x0000000c   Code   RO          172    .text.Cy_SysClk_ClkPath3Init  cycfg_system.o
    0x100050f0   0x0000000c   Code   RO          174    .text.Cy_SysClk_ClkPath4Init  cycfg_system.o
    0x100050fc   0x0000000c   Code   RO          176    .text.Cy_SysClk_ClkPath5Init  cycfg_system.o
    0x10005108   0x00000072   Code   RO         6685    .text.Cy_SysClk_ClkPathGetFrequency  cy_sysclk.o
    0x1000517a   0x00000002   PAD
    0x1000517c   0x00000068   Code   RO         6803    .text.Cy_SysClk_ClkPathGetSource  cy_sysclk.o
    0x100051e4   0x000000ec   Code   RO         6805    .text.Cy_SysClk_ClkPathMuxGetFrequency  cy_sysclk.o
    0x100052d0   0x000000a0   Code   RO         6801    .text.Cy_SysClk_ClkPathSetSource  cy_sysclk.o
    0x10005370   0x00000016   Code   RO         6711    .text.Cy_SysClk_ClkPeriGetDivider  cy_sysclk.o
    0x10005386   0x00000002   PAD
    0x10005388   0x0000000a   Code   RO          162    .text.Cy_SysClk_ClkPeriInit  cycfg_system.o
    0x10005392   0x00000002   PAD
    0x10005394   0x00000032   Code   RO         6713    .text.Cy_SysClk_ClkPeriSetDivider  cy_sysclk.o
    0x100053c6   0x00000002   PAD
    0x100053c8   0x0000000a   Code   RO          164    .text.Cy_SysClk_ClkSlowInit  cycfg_system.o
    0x100053d2   0x00000002   PAD
    0x100053d4   0x00000032   Code   RO         6667    .text.Cy_SysClk_ClkSlowSetDivider  cy_sysclk.o
    0x10005406   0x00000002   PAD
    0x10005408   0x0000038a   Code   RO         6855    .text.Cy_SysClk_DeepSleepCallback  cy_sysclk.o
    0x10005792   0x00000002   PAD
    0x10005794   0x00000028   Code   RO         6799    .text.Cy_SysClk_EcoGetFrequency  cy_sysclk.o
    0x100057bc   0x00000034   Code   RO         6791    .text.Cy_SysClk_EcoGetStatus  cy_sysclk.o
    0x100057f0   0x0000000c   Code   RO         6787    .text.Cy_SysClk_ExtClkGetFrequency  cy_sysclk.o
    0x100057fc   0x0000003e   Code   RO         6815    .text.Cy_SysClk_FllDisable  cy_sysclk.o
    0x1000583a   0x00000002   PAD
    0x1000583c   0x00000124   Code   RO         6823    .text.Cy_SysClk_FllEnable  cy_sysclk.o
    0x10005960   0x000000ae   Code   RO         6821    .text.Cy_SysClk_FllGetConfiguration  cy_sysclk.o
    0x10005a0e   0x00000002   PAD
    0x10005a10   0x000000a0   Code   RO         6807    .text.Cy_SysClk_FllGetFrequency  cy_sysclk.o
    0x10005ab0   0x00000030   Code   RO          178    .text.Cy_SysClk_FllInit  cycfg_system.o
    0x10005ae0   0x0000000e   Code   RO         6811    .text.Cy_SysClk_FllIsEnabled  cy_sysclk.o
    0x10005aee   0x00000002   PAD
    0x10005af0   0x00000010   Code   RO         6813    .text.Cy_SysClk_FllLocked  cy_sysclk.o
    0x10005b00   0x00000190   Code   RO         6819    .text.Cy_SysClk_FllManualConfigure  cy_sysclk.o
    0x10005c90   0x00000036   Code   RO         6781    .text.Cy_SysClk_IloDisable  cy_sysclk.o
    0x10005cc6   0x00000002   PAD
    0x10005cc8   0x00000012   Code   RO         6777    .text.Cy_SysClk_IloEnable  cy_sysclk.o
    0x10005cda   0x00000002   PAD
    0x10005cdc   0x00000022   Code   RO         6783    .text.Cy_SysClk_IloHibernateOn  cy_sysclk.o
    0x10005cfe   0x00000002   PAD
    0x10005d00   0x0000000e   Code   RO          186    .text.Cy_SysClk_IloInit  cycfg_system.o
    0x10005d0e   0x00000002   PAD
    0x10005d10   0x000000b8   Code   RO         6649    .text.Cy_SysClk_PeriphAssignDivider  cy_sysclk.o
    0x10005dc8   0x00000098   Code   RO         6655    .text.Cy_SysClk_PeriphDisableDivider  cy_sysclk.o
    0x10005e60   0x000000ba   Code   RO         6653    .text.Cy_SysClk_PeriphEnableDivider  cy_sysclk.o
    0x10005f1a   0x00000002   PAD
    0x10005f1c   0x000000ba   Code   RO         6639    .text.Cy_SysClk_PeriphSetDivider  cy_sysclk.o
    0x10005fd6   0x00000002   PAD
    0x10005fd8   0x00000030   Code   RO          182    .text.Cy_SysClk_Pll0Init  cycfg_system.o
    0x10006008   0x00000068   Code   RO         6831    .text.Cy_SysClk_PllDisable  cy_sysclk.o
    0x10006070   0x0000011c   Code   RO         6839    .text.Cy_SysClk_PllEnable  cy_sysclk.o
    0x1000618c   0x00000078   Code   RO         6835    .text.Cy_SysClk_PllGetConfiguration  cy_sysclk.o
    0x10006204   0x000000f4   Code   RO         6809    .text.Cy_SysClk_PllGetFrequency  cy_sysclk.o
    0x100062f8   0x00000040   Code   RO         6825    .text.Cy_SysClk_PllIsEnabled  cy_sysclk.o
    0x10006338   0x00000042   Code   RO         6827    .text.Cy_SysClk_PllLocked  cy_sysclk.o
    0x1000637a   0x00000002   PAD
    0x1000637c   0x00000108   Code   RO         6837    .text.Cy_SysClk_PllManualConfigure  cy_sysclk.o
    0x10006484   0x00000062   Code   RO         6753    .text.Cy_SysClk_WcoEnable  cy_sysclk.o
    0x100064e6   0x00000002   PAD
    0x100064e8   0x00000046   Code   RO          156    .text.Cy_SysClk_WcoInit  cycfg_system.o
    0x1000652e   0x00000002   PAD
    0x10006530   0x0000000e   Code   RO         6755    .text.Cy_SysClk_WcoOkay  cy_sysclk.o
    0x1000653e   0x00000002   PAD
    0x10006540   0x0000006a   Code   RO         6884    .text.Cy_SysInt_Init  cy_sysint.o
    0x100065aa   0x00000002   PAD
    0x100065ac   0x00000070   Code   RO         6888    .text.Cy_SysInt_SetVector  cy_sysint.o
    0x1000661c   0x0000000a   Code   RO          209    .text.Cy_SysIpcPipeIsrCm4  system_psoc6_cm4.o
    0x10006626   0x00000002   PAD
    0x10006628   0x00000004   Code   RO         6929    .text.Cy_SysLib_AsmInfiniteLoop  cy_syslib.o
    0x1000662c   0x00000020   Code   RO         6903    .text.Cy_SysLib_DelayUs  cy_syslib.o
    0x1000664c   0x00000102   Code   RO         6925    .text.Cy_SysLib_FaultHandler  cy_syslib.o
    0x1000674e   0x00000002   PAD
    0x10006750   0x0000002a   Code   RO         6935    .text.Cy_SysLib_GetDevice  cy_syslib.o
    0x1000677a   0x00000002   PAD
    0x1000677c   0x00000028   Code   RO         6933    .text.Cy_SysLib_GetDeviceRevision  cy_syslib.o
    0x100067a4   0x00000064   Code   RO         6919    .text.Cy_SysLib_GetResetReason  cy_syslib.o
    0x10006808   0x00000014   Code   RO          152    .text.Cy_SysLib_GetResetStatus  cycfg_system.o
    0x1000681c   0x00000014   Code   RO         6917    .text.Cy_SysLib_GetResetStatus  cy_syslib.o
    0x10006830   0x00000010   Code   RO          150    .text.Cy_SysLib_GetWcoTrim  cycfg_system.o
    0x10006840   0x00000008   Code   RO         6927    .text.Cy_SysLib_ProcessingFault  cy_syslib.o
    0x10006848   0x00000014   Code   RO         6915    .text.Cy_SysLib_ResetBackupDomain  cy_syslib.o
    0x1000685c   0x00000182   Code   RO         6931    .text.Cy_SysLib_SetWaitStates  cy_syslib.o
    0x100069de   0x00000002   PAD
    0x100069e0   0x00000018   Code   RO          154    .text.Cy_SysLib_SetWcoTrim  cycfg_system.o
    0x100069f8   0x00000028   Code   RO         6949    .text.Cy_SysPm_LdoGetVoltage  cy_syspm.o
    0x10006a20   0x00000014   Code   RO         6947    .text.Cy_SysPm_LdoIsEnabled  cy_syspm.o
    0x10006a34   0x00000116   Code   RO         6971    .text.Cy_SysPm_LdoSetVoltage  cy_syspm.o
    0x10006b4a   0x00000002   PAD
    0x10006b4c   0x0000002a   Code   RO         7071    .text.Cy_SysPm_PmicDisableOutput  cy_syspm.o
    0x10006b76   0x00000002   PAD
    0x10006b78   0x00000012   Code   RO         7075    .text.Cy_SysPm_PmicUnlock  cy_syspm.o
    0x10006b8a   0x00000002   PAD
    0x10006b8c   0x0000013e   Code   RO         7017    .text.Cy_SysPm_RegisterCallback  cy_syspm.o
    0x10006cca   0x00000002   PAD
    0x10006ccc   0x0000003c   Code   RO         7011    .text.Cy_SysPm_SystemIsMinRegulatorCurrentSet  cy_syspm.o
    0x10006d08   0x000000cc   Code   RO         6979    .text.Cy_SysPm_SystemSetNormalRegulatorCurrent  cy_syspm.o
    0x10006dd4   0x0000012e   Code   RO         6991    .text.Cy_SysPm_WriteVoltageBitForFlash  cy_syspm.o
    0x10006f02   0x00000002   PAD
    0x10006f04   0x0000000e   Code   RO         7117    .text.Cy_SysTick_Clear  cy_systick.o
    0x10006f12   0x00000002   PAD
    0x10006f14   0x00000018   Code   RO         7127    .text.Cy_SysTick_Enable  cy_systick.o
    0x10006f2c   0x00000012   Code   RO         7105    .text.Cy_SysTick_EnableInterrupt  cy_systick.o
    0x10006f3e   0x00000002   PAD
    0x10006f40   0x00000010   Code   RO         7119    .text.Cy_SysTick_GetCountFlag  cy_systick.o
    0x10006f50   0x00000072   Code   RO         7121    .text.Cy_SysTick_Init  cy_systick.o
    0x10006fc2   0x00000002   PAD
    0x10006fc4   0x0000004e   Code   RO         7123    .text.Cy_SysTick_ServiceCallbacks  cy_systick.o
    0x10007012   0x00000002   PAD
    0x10007014   0x00000056   Code   RO         7125    .text.Cy_SysTick_SetClockSource  cy_systick.o
    0x1000706a   0x00000002   PAD
    0x1000706c   0x0000002e   Code   RO         7109    .text.Cy_SysTick_SetReload  cy_systick.o
    0x1000709a   0x00000002   PAD
    0x1000709c   0x00000002   Code   RO          205    .text.Cy_SystemInit  system_psoc6_cm4.o
    0x1000709e   0x00000002   PAD
    0x100070a0   0x0000002c   Code   RO          211    .text.Cy_SystemInitFpuEnable  system_psoc6_cm4.o
    0x100070cc   0x000000b8   Code   RO         6989    .text.IsVoltageChangePossible  cy_syspm.o
    0x10007184   0x00000094   Code   RO         6999    .text.SetReadMarginTrimLp  cy_syspm.o
    0x10007218   0x00000094   Code   RO         6993    .text.SetReadMarginTrimUlp  cy_syspm.o
    0x100072ac   0x00000076   Code   RO         6995    .text.SetWriteAssistTrimLp  cy_syspm.o
    0x10007322   0x00000002   PAD
    0x10007324   0x00000062   Code   RO         6997    .text.SetWriteAssistTrimUlp  cy_syspm.o
    0x10007386   0x00000002   PAD
    0x10007388   0x000000aa   Code   RO          207    .text.SystemCoreClockUpdate  system_psoc6_cm4.o
    0x10007432   0x00000002   PAD
    0x10007434   0x0000003a   Code   RO          203    .text.SystemInit    system_psoc6_cm4.o
    0x1000746e   0x00000002   PAD
    0x10007470   0x00000030   Code   RO         5165    .text.__NVIC_EnableIRQ  cy_ipc_pipe.o
    0x100074a0   0x00000042   Code   RO         6886    .text.__NVIC_SetPriority  cy_sysint.o
    0x100074e2   0x00000002   PAD
    0x100074e4   0x00000114   Code   RO         1993    .text._cyhal_get_bit_position  cyhal_hwmgr.o
    0x100075f8   0x00000086   Code   RO         1991    .text._cyhal_get_block_offset_length  cyhal_hwmgr.o
    0x1000767e   0x00000002   PAD
    0x10007680   0x0000009e   Code   RO         1989    .text._cyhal_get_block_offsets  cyhal_hwmgr.o
    0x1000771e   0x00000002   PAD
    0x10007720   0x0000001a   Code   RO         1985    .text._cyhal_get_resource_offset  cyhal_hwmgr.o
    0x1000773a   0x00000002   PAD
    0x1000773c   0x00000066   Code   RO         1971    .text._cyhal_is_set  cyhal_hwmgr.o
    0x100077a2   0x00000002   PAD
    0x100077a4   0x00000010   Code   RO         2629    .text._cyhal_scb_pm_transition_pending  cyhal_scb_common.o
    0x100077b4   0x00000062   Code   RO         1973    .text._cyhal_set_bit  cyhal_hwmgr.o
    0x10007816   0x00000002   PAD
    0x10007818   0x0000005a   Code   RO         3007    .text._cyhal_syspm_backtrack_all_pm_callbacks  cyhal_syspm.o
    0x10007872   0x00000002   PAD
    0x10007874   0x00000094   Code   RO         3005    .text._cyhal_syspm_call_all_pm_callbacks  cyhal_syspm.o
    0x10007908   0x00000232   Code   RO         3003    .text._cyhal_syspm_common_cb  cyhal_syspm.o
    0x10007b3a   0x00000002   PAD
    0x10007b3c   0x00000022   Code   RO         1987    .text._cyhal_uses_channels  cyhal_hwmgr.o
    0x10007b5e   0x00000002   PAD
    0x10007b60   0x0000005c   Code   RO         3553    .text._cyhal_utils_convert_pdltohal_pm_mode  cyhal_utils_psoc.o
    0x10007bbc   0x0000000a   Code   RO         7531    .text._sys_close    cy_retarget_io.o
    0x10007bc6   0x00000002   PAD
    0x10007bc8   0x00000008   Code   RO         7545    .text._sys_exit     cy_retarget_io.o
    0x10007bd0   0x0000000a   Code   RO         7543    .text._sys_flen     cy_retarget_io.o
    0x10007bda   0x00000002   PAD
    0x10007bdc   0x0000000a   Code   RO         7539    .text._sys_istty    cy_retarget_io.o
    0x10007be6   0x00000002   PAD
    0x10007be8   0x0000000c   Code   RO         7529    .text._sys_open     cy_retarget_io.o
    0x10007bf4   0x0000000e   Code   RO         7541    .text._sys_seek     cy_retarget_io.o
    0x10007c02   0x00000002   PAD
    0x10007c04   0x00000010   Code   RO         7533    .text._sys_write    cy_retarget_io.o
    0x10007c14   0x00000008   Code   RO         7537    .text._ttywrch      cy_retarget_io.o
    0x10007c1c   0x00000046   Code   RO           12    .text.addRoundKey   aes_lib.o
    0x10007c62   0x00000002   PAD
    0x10007c64   0x0000001c   Code   RO         7523    .text.cy_retarget_io_putchar  cy_retarget_io.o
    0x10007c80   0x00000042   Code   RO          232    .text.cybsp_init    cybsp.o
    0x10007cc2   0x00000002   PAD
    0x10007cc4   0x00000028   Code   RO          234    .text.cybsp_register_sysclk_pm_callback  cybsp.o
    0x10007cec   0x00000008   Code   RO          144    .text.cycfg_ClockStartupError  cycfg_system.o
    0x10007cf4   0x00000004   Code   RO         1967    .text.cyhal_hwmgr_init  cyhal_hwmgr.o
    0x10007cf8   0x00000072   Code   RO         1969    .text.cyhal_hwmgr_reserve  cyhal_hwmgr.o
    0x10007d6a   0x00000002   PAD
    0x10007d6c   0x0000006a   Code   RO         2983    .text.cyhal_syspm_init  cyhal_syspm.o
    0x10007dd6   0x00000002   PAD
    0x10007dd8   0x00000032   Code   RO         2999    .text.cyhal_syspm_set_supply_voltage  cyhal_syspm.o
    0x10007e0a   0x00000002   PAD
    0x10007e0c   0x00000042   Code   RO         3260    .text.cyhal_uart_putc  cyhal_uart.o
    0x10007e4e   0x00000002   PAD
    0x10007e50   0x00000038   Code   RO         7521    .text.fputc         cy_retarget_io.o
    0x10007e88   0x00000062   Code   RO           22    .text.gen_cipher    aes_lib.o
    0x10007eea   0x00000002   PAD
    0x10007eec   0x00000018   Code   RO           10    .text.getSBoxValue  aes_lib.o
    0x10007f04   0x00000018   Code   RO           35    .text.init_cycfg_all  cycfg.o
    0x10007f1c   0x00000030   Code   RO           59    .text.init_cycfg_clocks  cycfg_clocks.o
    0x10007f4c   0x0000000e   Code   RO           69    .text.init_cycfg_peripherals  cycfg_peripherals.o
    0x10007f5a   0x00000002   PAD
    0x10007f5c   0x00000126   Code   RO           78    .text.init_cycfg_pins  cycfg_pins.o
    0x10008082   0x00000002   PAD
    0x10008084   0x00000056   Code   RO          148    .text.init_cycfg_power  cycfg_system.o
    0x100080da   0x00000002   PAD
    0x100080dc   0x00000018   Code   RO          136    .text.init_cycfg_routing  cycfg_routing.o
    0x100080f4   0x00000130   Code   RO          146    .text.init_cycfg_system  cycfg_system.o
    0x10008224   0x00000170   Code   RO            8    .text.keyExpansion  aes_lib.o
    0x10008394   0x00000028   Code   RO          251    .text.main          main.o
    0x100083bc   0x0000013e   Code   RO           18    .text.mixColumns    aes_lib.o
    0x100084fa   0x00000002   PAD
    0x100084fc   0x000000f8   Code   RO           16    .text.shiftRows     aes_lib.o
    0x100085f4   0x00000042   Code   RO           14    .text.subBytes      aes_lib.o
    0x10008636   0x00000002   PAD
    0x10008638   0x00000158   Code   RO          249    .text.test_Aes      main.o
    0x10008790   0x0000001a   Code   RO           20    .text.xtime         aes_lib.o
    0x100087aa   0x0000003e   Code   RO         7978    CL$$btod_d2e        c_w.l(btod.o)
    0x100087e8   0x00000046   Code   RO         7980    CL$$btod_d2e_denorm_low  c_w.l(btod.o)
    0x1000882e   0x00000060   Code   RO         7979    CL$$btod_d2e_norm_op1  c_w.l(btod.o)
    0x1000888e   0x00000002   PAD
    0x10008890   0x00000338   Code   RO         7988    CL$$btod_div_common  c_w.l(btod.o)
    0x10008bc8   0x000000dc   Code   RO         7985    CL$$btod_e2e        c_w.l(btod.o)
    0x10008ca4   0x0000002a   Code   RO         7982    CL$$btod_ediv       c_w.l(btod.o)
    0x10008cce   0x0000002a   Code   RO         7981    CL$$btod_emul       c_w.l(btod.o)
    0x10008cf8   0x00000244   Code   RO         7987    CL$$btod_mult_common  c_w.l(btod.o)
    0x10008f3c   0x00000030   Code   RO         8055    i.__ARM_fpclassify  m_wm.l(fpclassify.o)
    0x10008f6c   0x0000000e   Code   RO         7746    i._is_digit         c_w.l(__printf_wp.o)
    0x10008f7a   0x00000002   PAD
    0x10008f7c   0x0000002c   Code   RO         8014    locale$$code        c_w.l(lc_numeric_c.o)
    0x10008fa8   0x0000002c   Code   RO         8102    locale$$code        c_w.l(lc_ctype_c.o)
    0x10008fd4   0x0000001a   Code   RO         7899    x$fpl$fpinit        fz_wm.l(fpinit.o)
    0x10008fee   0x00000004   Code   RO         7839    x$fpl$printf1       fz_wm.l(printf1.o)
    0x10008ff2   0x00000004   Code   RO         7841    x$fpl$printf2       fz_wm.l(printf2.o)
    0x10008ff6   0x00000000   Code   RO         8054    x$fpl$usenofp       fz_wm.l(usenofp.o)
    0x10008ff6   0x00000002   PAD
    0x10008ff8   0x00000008   Data   RO         7704    .constdata          c_w.l(_printf_wctomb.o)
    0x10009000   0x00000028   Data   RO         7733    .constdata          c_w.l(_printf_hex_int_ll_ptr.o)
    0x10009028   0x00000011   Data   RO         7754    .constdata          c_w.l(__printf_flags_ss_wp.o)
    0x10009039   0x00000026   Data   RO         7878    .constdata          c_w.l(_printf_fp_hex.o)
    0x1000905f   0x00000004   Data   RO         7901    .constdata          c_w.l(sys_io_names.o)
    0x10009063   0x00000004   Data   RO         7902    .constdata          c_w.l(sys_io_names.o)
    0x10009067   0x00000004   Data   RO         7903    .constdata          c_w.l(sys_io_names.o)
    0x1000906b   0x00000001   PAD
    0x1000906c   0x00000094   Data   RO         7976    .constdata          c_w.l(bigflt0.o)
    0x10009100   0x00000003   Data   RO           93    .rodata.CYBSP_CINA_obj  cycfg_pins.o
    0x10009103   0x00000003   Data   RO           95    .rodata.CYBSP_CINB_obj  cycfg_pins.o
    0x10009106   0x00000003   Data   RO           97    .rodata.CYBSP_CMOD_obj  cycfg_pins.o
    0x10009109   0x00000003   Data   RO           99    .rodata.CYBSP_CSD_BTN0_obj  cycfg_pins.o
    0x1000910c   0x00000003   Data   RO          101    .rodata.CYBSP_CSD_BTN1_obj  cycfg_pins.o
    0x1000910f   0x00000003   Data   RO           61    .rodata.CYBSP_CSD_CLK_DIV_obj  cycfg_clocks.o
    0x10009112   0x00000003   Data   RO          103    .rodata.CYBSP_CSD_SLD0_obj  cycfg_pins.o
    0x10009115   0x00000003   Data   RO          105    .rodata.CYBSP_CSD_SLD1_obj  cycfg_pins.o
    0x10009118   0x00000003   Data   RO          107    .rodata.CYBSP_CSD_SLD2_obj  cycfg_pins.o
    0x1000911b   0x00000003   Data   RO          109    .rodata.CYBSP_CSD_SLD3_obj  cycfg_pins.o
    0x1000911e   0x00000003   Data   RO          111    .rodata.CYBSP_CSD_SLD4_obj  cycfg_pins.o
    0x10009121   0x00000003   Data   RO           85    .rodata.CYBSP_CSD_TX_obj  cycfg_pins.o
    0x10009124   0x00000034   Data   RO           90    .rodata.CYBSP_SWDCK_config  cycfg_pins.o
    0x10009158   0x00000003   Data   RO           91    .rodata.CYBSP_SWDCK_obj  cycfg_pins.o
    0x1000915b   0x00000001   PAD
    0x1000915c   0x00000034   Data   RO           88    .rodata.CYBSP_SWDIO_config  cycfg_pins.o
    0x10009190   0x00000003   Data   RO           89    .rodata.CYBSP_SWDIO_obj  cycfg_pins.o
    0x10009193   0x00000001   PAD
    0x10009194   0x00000034   Data   RO           86    .rodata.CYBSP_SWO_config  cycfg_pins.o
    0x100091c8   0x00000003   Data   RO           87    .rodata.CYBSP_SWO_obj  cycfg_pins.o
    0x100091cb   0x00000001   PAD
    0x100091cc   0x00000034   Data   RO           80    .rodata.CYBSP_WCO_IN_config  cycfg_pins.o
    0x10009200   0x00000003   Data   RO           81    .rodata.CYBSP_WCO_IN_obj  cycfg_pins.o
    0x10009203   0x00000001   PAD
    0x10009204   0x00000034   Data   RO           82    .rodata.CYBSP_WCO_OUT_config  cycfg_pins.o
    0x10009238   0x00000003   Data   RO           83    .rodata.CYBSP_WCO_OUT_obj  cycfg_pins.o
    0x1000923b   0x000000ff   Data   RO           26    .rodata.Rcon        aes_lib.o
    0x1000933a   0x00000002   PAD
    0x1000933c   0x00000034   Data   RO          222    .rodata.SystemInit.systemIpcPipeConfigCm4  system_psoc6_cm4.o
    0x10009370   0x000000c0   Data   RO         3629    .rodata.cy_deviceIpBlockCfgPSoC6_02  cy_device.o
    0x10009430   0x00000001   Data   RO         1997    .rodata.cyhal_block_offsets_can  cyhal_hwmgr.o
    0x10009431   0x0000001a   Data   RO         1998    .rodata.cyhal_block_offsets_clock  cyhal_hwmgr.o
    0x1000944b   0x00000001   Data   RO         1999    .rodata.cyhal_block_offsets_dma  cyhal_hwmgr.o
    0x1000944c   0x00000002   Data   RO         2000    .rodata.cyhal_block_offsets_dw  cyhal_hwmgr.o
    0x1000944e   0x00000010   Data   RO         2002    .rodata.cyhal_block_offsets_gpio  cyhal_hwmgr.o
    0x1000945e   0x00000002   Data   RO         2003    .rodata.cyhal_block_offsets_tcpwm  cyhal_hwmgr.o
    0x10009460   0x00000001   Data   RO         2001    .rodata.cyhal_block_offsets_tdm  cyhal_hwmgr.o
    0x10009461   0x00000001   PAD
    0x10009462   0x0000003c   Data   RO         1996    .rodata.cyhal_resource_offsets  cyhal_hwmgr.o
    0x1000949e   0x00000100   Data   RO           27    .rodata.sbox        aes_lib.o
    0x1000959e   0x00000002   PAD
    0x100095a0   0x00000014   Data   RO          194    .rodata.srss_0_clock_0_fll_0_fllConfig  cycfg_system.o
    0x100095b4   0x00000003   Data   RO          188    .rodata.srss_0_clock_0_pathmux_0_obj  cycfg_system.o
    0x100095b7   0x00000003   Data   RO          189    .rodata.srss_0_clock_0_pathmux_1_obj  cycfg_system.o
    0x100095ba   0x00000003   Data   RO          190    .rodata.srss_0_clock_0_pathmux_2_obj  cycfg_system.o
    0x100095bd   0x00000003   Data   RO          191    .rodata.srss_0_clock_0_pathmux_3_obj  cycfg_system.o
    0x100095c0   0x00000003   Data   RO          192    .rodata.srss_0_clock_0_pathmux_4_obj  cycfg_system.o
    0x100095c3   0x00000003   Data   RO          193    .rodata.srss_0_clock_0_pathmux_5_obj  cycfg_system.o
    0x100095c6   0x00000005   Data   RO          195    .rodata.srss_0_clock_0_pll_0_pllConfig  cycfg_system.o
    0x100095cb   0x0000000e   Data   RO          254    .rodata.str1.1      main.o
    0x100095d9   0x00000003   PAD
    0x100095dc   0x00000030   Data   RO         8182    Region$$Table       anon$$obj.o
    0x1000960c   0x0000001c   Data   RO         8013    locale$$data        c_w.l(lc_numeric_c.o)
    0x10009628   0x00000110   Data   RO         8101    locale$$data        c_w.l(lc_ctype_c.o)
    0x10009738   0x00000004   Data   RO          223    .init_array         system_psoc6_cm4.o
    0x1000973c   0x00000000   Data   RO         7673    .init_array         c_w.l(init_aeabi.o)


    Execution Region .cy_app_signature (Base: 0x101fff00, Size: 0x00000000, Max: 0x00000100, ABSOLUTE)

    **** No section assigned to this execution region ****



  Load Region LR_EM_EEPROM (Base: 0x14000000, Size: 0x00000000, Max: 0x00008000, ABSOLUTE)

    Execution Region .cy_em_eeprom (Base: 0x14000000, Size: 0x00000000, Max: 0xffffffff, ABSOLUTE)

    **** No section assigned to this execution region ****



  Load Region LR_SFLASH_USER_DATA (Base: 0x16000800, Size: 0x00000000, Max: 0x00000800, ABSOLUTE)

    Execution Region .cy_sflash_user_data (Base: 0x16000800, Size: 0x00000000, Max: 0xffffffff, ABSOLUTE)

    **** No section assigned to this execution region ****



  Load Region LR_SFLASH_NAR (Base: 0x16001a00, Size: 0x00000000, Max: 0x00000200, ABSOLUTE)

    Execution Region .cy_sflash_nar (Base: 0x16001a00, Size: 0x00000000, Max: 0xffffffff, ABSOLUTE)

    **** No section assigned to this execution region ****



  Load Region LR_SFLASH_PUBLIC_KEY (Base: 0x16005a00, Size: 0x00000000, Max: 0x00000c00, ABSOLUTE)

    Execution Region .cy_sflash_public_key (Base: 0x16005a00, Size: 0x00000000, Max: 0xffffffff, ABSOLUTE)

    **** No section assigned to this execution region ****



  Load Region LR_SFLASH_TOC_2 (Base: 0x16007c00, Size: 0x00000000, Max: 0x00000200, ABSOLUTE)

    Execution Region .cy_toc_part2 (Base: 0x16007c00, Size: 0x00000000, Max: 0xffffffff, ABSOLUTE)

    **** No section assigned to this execution region ****



  Load Region LR_SFLASH_RTOC_2 (Base: 0x16007e00, Size: 0x00000000, Max: 0x00000200, ABSOLUTE)

    Execution Region .cy_rtoc_part2 (Base: 0x16007e00, Size: 0x00000000, Max: 0xffffffff, ABSOLUTE)

    **** No section assigned to this execution region ****



  Load Region LR_EROM (Base: 0x18000000, Size: 0x00000000, Max: 0x08000000, ABSOLUTE)

    Execution Region cy_xip (Base: 0x18000000, Size: 0x00000000, Max: 0xffffffff, ABSOLUTE)

    **** No section assigned to this execution region ****



  Load Region LR_EFUSE (Base: 0x90700000, Size: 0x00000000, Max: 0x00100000, ABSOLUTE)

    Execution Region .cy_efuse (Base: 0x90700000, Size: 0x00000000, Max: 0xffffffff, ABSOLUTE)

    **** No section assigned to this execution region ****



  Load Region CYMETA (Base: 0x90500000, Size: 0x00000000, Max: 0xffffffff, ABSOLUTE)

    Execution Region .cymeta (Base: 0x90500000, Size: 0x00000000, Max: 0xffffffff, ABSOLUTE)

    **** No section assigned to this execution region ****


==============================================================================

Image component sizes


      Code (inc. data)   RO Data    RW Data    ZI Data      Debug   

     18888         96       8256        400    1037572     612274   Object Totals
         0          0         48          0    1036160          0   (incl. Generated)
       174          0         12          3         10          0   (incl. Padding)
      9040        448        564         12        348       6460   Library Totals
        22          0          1          0          0          0   (incl. Padding)

==============================================================================


      Code (inc. data)   RO Data    RW Data    ZI Data      Debug   

     27928        544       8820        412    1037920     614686   Grand Totals
     27928        544       8820        412    1037920     614686   ELF Image Totals
     27928        544       8820        412          0          0   ROM Totals

==============================================================================

    Total RO  Size (Code + RO Data)                36748 (  35.89kB)
    Total RW  Size (RW Data + ZI Data)           1038332 (1014.00kB)
    Total ROM Size (Code + RO Data + RW Data)      37160 (  36.29kB)

==============================================================================

