Component: ARM Compiler 6.16 Tool: armlink [5dfeaa00]

==============================================================================

Memory Map of the image

  Image Entry point : 0x100022e1

  Load Region LR_IROM (Base: 0x10000000, Size: 0x00001850, Max: 0x00002000, ABSOLUTE)

    Execution Region .cy_m0p_image (Base: 0x10000000, Size: 0x00001850, Max: 0x00002000, ABSOLUTE)

    Base Addr    Size         Type   Attr      Idx    E Section Name        Object

    0x10000000   0x00001850   Data   RO         7572    .cy_m0p_image       psoc6_02_cm0p_sleep.o



  Load Region LR_IROM1 (Base: 0x10002000, Size: 0x000042cc, Max: 0x001fe000, ABSOLUTE)

    Execution Region ER_RAM_VECTORS (Base: 0x08002000, Size: 0x000002e0, Max: 0xffffffff, ABSOLUTE, UNINIT)

    Base Addr    Size         Type   Attr      Idx    E Section Name        Object

    0x08002000   0x000002e0   Zero   RW            4    RESET_RAM           startup_psoc6_02_cm4.o


    Execution Region RW_RAM_DATA (Base: 0x080022e0, Size: 0x00000508, Max: 0xffffffff, ABSOLUTE)

    Base Addr    Size         Type   Attr      Idx    E Section Name        Object

    0x080022e0   0x00000004   Data   RW          259    .ARM.use_no_argv    main.o
    0x080022e4   0x00000008   Data   RW         5267    .cy_sharedmem       cy_ipc_sema.o
    0x080022ec   0x00000004   Data   RW         7750    .data               c_w.l(stdio_streams.o)
    0x080022f0   0x00000004   Data   RW         7751    .data               c_w.l(stdio_streams.o)
    0x080022f4   0x00000004   Data   RW         7752    .data               c_w.l(stdio_streams.o)
    0x080022f8   0x00000004   Data   RW          215    .data.SystemCoreClock  system_psoc6_cm4.o
    0x080022fc   0x00000004   Data   RW         3015    .data._cyhal_syspm_callback_ptr  cyhal_syspm.o
    0x08002300   0x0000001c   Data   RW         3010    .data._cyhal_syspm_cb_deepsleep  cyhal_syspm.o
    0x0800231c   0x0000001c   Data   RW         3011    .data._cyhal_syspm_cb_hibernate  cyhal_syspm.o
    0x08002338   0x0000001c   Data   RW         3012    .data._cyhal_syspm_cb_lp  cyhal_syspm.o
    0x08002354   0x00000008   Data   RW         3021    .data._cyhal_syspm_cb_params_deepsleep  cyhal_syspm.o
    0x0800235c   0x00000008   Data   RW         3022    .data._cyhal_syspm_cb_params_hibernate  cyhal_syspm.o
    0x08002364   0x00000008   Data   RW         3023    .data._cyhal_syspm_cb_params_lp  cyhal_syspm.o
    0x0800236c   0x00000008   Data   RW         3019    .data._cyhal_syspm_cb_params_sleep  cyhal_syspm.o
    0x08002374   0x00000008   Data   RW         3024    .data._cyhal_syspm_cb_params_ulp  cyhal_syspm.o
    0x0800237c   0x0000001c   Data   RW         3013    .data._cyhal_syspm_cb_ulp  cyhal_syspm.o
    0x08002398   0x00000004   Data   RW         3008    .data._cyhal_syspm_peripheral_callback_ptr  cyhal_syspm.o
    0x0800239c   0x00000004   Data   RW          216    .data.cy_Hfclk0FreqHz  system_psoc6_cm4.o
    0x080023a0   0x00000004   Data   RW          217    .data.cy_PeriClkFreqHz  system_psoc6_cm4.o
    0x080023a4   0x00000004   Data   RW          221    .data.cy_delay32kMs  system_psoc6_cm4.o
    0x080023a8   0x00000004   Data   RW          219    .data.cy_delayFreqKhz  system_psoc6_cm4.o
    0x080023ac   0x00000001   Data   RW          220    .data.cy_delayFreqMhz  system_psoc6_cm4.o
    0x080023ad   0x00000003   PAD
    0x080023b0   0x0000001c   Data   RW          240    .data.cybsp_register_sysclk_pm_callback.cybsp_sysclk_pm_callback  cybsp.o
    0x080023cc   0x0000001c   Data   RW         3009    .data.cyhal_syspm_cb_sleep  cyhal_syspm.o
    0x080023e8   0x00000054   Zero   RW         7747    .bss                c_w.l(stdio_streams.o)
    0x0800243c   0x00000054   Zero   RW         7748    .bss                c_w.l(stdio_streams.o)
    0x08002490   0x00000054   Zero   RW         7749    .bss                c_w.l(stdio_streams.o)
    0x080024e4   0x00000060   Zero   RW         7956    .bss                c_w.l(libspace.o)
    0x08002544   0x00000002   Zero   RW         6914    .bss.Cy_SysClk_DeepSleepCallback.changedSourcePaths  cy_sysclk.o
    0x08002546   0x00000002   Zero   RW         6915    .bss.Cy_SysClk_DeepSleepCallback.pllAutoModes  cy_sysclk.o
    0x08002548   0x00000014   Zero   RW         7186    .bss.Cy_SysTick_Callbacks  cy_systick.o
    0x0800255c   0x00000160   Zero   RW          222    .bss.SystemInit.systemIpcPipeEpArray  system_psoc6_cm4.o
    0x080026bc   0x00000020   Zero   RW          223    .bss.SystemInit.systemIpcPipeSysCbArray  system_psoc6_cm4.o
    0x080026dc   0x00000001   Zero   RW         2642    .bss.__cyhal_scb_pm_transition_pending_value  cyhal_scb_common.o
    0x080026dd   0x00000001   PAD
    0x080026de   0x00000002   Zero   RW         3016    .bss._cyhal_deep_sleep_lock  cyhal_syspm.o
    0x080026e0   0x00000001   Zero   RW         3017    .bss._cyhal_disable_systick_before_sleep_deepsleep  cyhal_syspm.o
    0x080026e1   0x00000003   PAD
    0x080026e4   0x00000004   Zero   RW         3018    .bss._cyhal_syspm_supply_voltages  cyhal_syspm.o
    0x080026e8   0x00000001   Zero   RW         3020    .bss._cyhal_systick_disable  cyhal_syspm.o
    0x080026e9   0x00000001   Zero   RW         6910    .bss.clkCounting    cy_sysclk.o
    0x080026ea   0x00000002   PAD
    0x080026ec   0x00000004   Zero   RW         6908    .bss.cySysClkExtFreq  cy_sysclk.o
    0x080026f0   0x00000004   Zero   RW         3630    .bss.cy_device      cy_device.o
    0x080026f4   0x00000004   Zero   RW         5236    .bss.cy_ipc_pipe_epArray  cy_ipc_pipe.o
    0x080026f8   0x000000a0   Zero   RW         7617    .bss.cy_retarget_io_uart_obj  cy_retarget_io.o
    0x08002798   0x00000004   Zero   RW         5268    .bss.cy_semaIpcStruct  cy_ipc_sema.o
    0x0800279c   0x00000008   Zero   RW          239    .bss.cybsp_register_sysclk_pm_callback.cybsp_sysclk_pm_callback_param  cybsp.o
    0x080027a4   0x00000027   Zero   RW         2003    .bss.cyhal_used     cyhal_hwmgr.o
    0x080027cb   0x00000001   PAD
    0x080027cc   0x00000004   Zero   RW         6909    .bss.ecoFrequency   cy_sysclk.o
    0x080027d0   0x00000014   Zero   RW         7141    .bss.pmCallbackRoot  cy_syspm.o
    0x080027e4   0x00000001   Zero   RW         6912    .bss.preventCounting  cy_sysclk.o


    Execution Region RW_IRAM1 (Base: 0x080027e8, Size: 0x00000094, Max: 0xffffffff, ABSOLUTE, UNINIT)

    Base Addr    Size         Type   Attr      Idx    E Section Name        Object

    0x080027e8   0x00000094   Data   RW         6984    .noinit             cy_syslib.o


    Execution Region ARM_LIB_HEAP (Base: 0x0800287c, Size: 0x000fbf80, Max: 0x000fbf80, ABSOLUTE)

    Base Addr    Size         Type   Attr      Idx    E Section Name        Object

    0x0800287c   0x000fbf80   Zero   RW            1    ARM_LIB_HEAP.bss    anon$$obj.o


    Execution Region ARM_LIB_STACK (Base: 0x080fe800, Size: 0x00001000, Max: 0x00001000, ABSOLUTE)

    Base Addr    Size         Type   Attr      Idx    E Section Name        Object

    0x080fe800   0x00001000   Zero   RW            2    ARM_LIB_STACK.bss   anon$$obj.o


    Execution Region ER_FLASH_VECTORS (Base: 0x10002000, Size: 0x000002e0, Max: 0xffffffff, ABSOLUTE)

    Base Addr    Size         Type   Attr      Idx    E Section Name        Object

    0x10002000   0x000002e0   Data   RO            3    RESET               startup_psoc6_02_cm4.o


    Execution Region ER_FLASH_CODE (Base: 0x100022e0, Size: 0x00003e50, Max: 0xffffffff, ABSOLUTE, FIXED)

    Base Addr    Size         Type   Attr      Idx    E Section Name        Object

    0x100022e0   0x00000008   Code   RO         7726  * !!!main             c_w.l(__main.o)
    0x100022e8   0x00000034   Code   RO         8074    !!!scatter          c_w.l(__scatter.o)
    0x1000231c   0x0000003a   Code   RO         8072    !!dczerorl          c_w.l(__dczerorl.o)
    0x10002356   0x00000002   PAD
    0x10002358   0x0000001a   Code   RO         8076    !!handler_copy      c_w.l(__scatter_copy.o)
    0x10002372   0x00000002   PAD
    0x10002374   0x0000001c   Code   RO         8078    !!handler_zi        c_w.l(__scatter_zi.o)
    0x10002390   0x00000002   Code   RO         7938    .ARM.Collect$$libinit$$00000000  c_w.l(libinit.o)
    0x10002392   0x00000004   Code   RO         7758    .ARM.Collect$$libinit$$00000001  c_w.l(libinit2.o)
    0x10002396   0x00000000   Code   RO         7761    .ARM.Collect$$libinit$$00000004  c_w.l(libinit2.o)
    0x10002396   0x00000008   Code   RO         8007    .ARM.Collect$$libinit$$00000008  c_w.l(libinit5.o)
    0x1000239e   0x00000000   Code   RO         7764    .ARM.Collect$$libinit$$0000000A  c_w.l(libinit2.o)
    0x1000239e   0x00000000   Code   RO         7766    .ARM.Collect$$libinit$$0000000C  c_w.l(libinit2.o)
    0x1000239e   0x00000000   Code   RO         7768    .ARM.Collect$$libinit$$0000000E  c_w.l(libinit2.o)
    0x1000239e   0x00000000   Code   RO         7771    .ARM.Collect$$libinit$$00000011  c_w.l(libinit2.o)
    0x1000239e   0x00000000   Code   RO         7773    .ARM.Collect$$libinit$$00000013  c_w.l(libinit2.o)
    0x1000239e   0x00000000   Code   RO         7775    .ARM.Collect$$libinit$$00000015  c_w.l(libinit2.o)
    0x1000239e   0x00000000   Code   RO         7777    .ARM.Collect$$libinit$$00000017  c_w.l(libinit2.o)
    0x1000239e   0x00000000   Code   RO         7779    .ARM.Collect$$libinit$$00000019  c_w.l(libinit2.o)
    0x1000239e   0x00000000   Code   RO         7781    .ARM.Collect$$libinit$$0000001B  c_w.l(libinit2.o)
    0x1000239e   0x00000000   Code   RO         7783    .ARM.Collect$$libinit$$0000001D  c_w.l(libinit2.o)
    0x1000239e   0x00000000   Code   RO         7785    .ARM.Collect$$libinit$$0000001F  c_w.l(libinit2.o)
    0x1000239e   0x00000000   Code   RO         7787    .ARM.Collect$$libinit$$00000021  c_w.l(libinit2.o)
    0x1000239e   0x00000000   Code   RO         7789    .ARM.Collect$$libinit$$00000023  c_w.l(libinit2.o)
    0x1000239e   0x00000004   Code   RO         7790    .ARM.Collect$$libinit$$00000024  c_w.l(libinit2.o)
    0x100023a2   0x00000000   Code   RO         7791    .ARM.Collect$$libinit$$00000025  c_w.l(libinit2.o)
    0x100023a2   0x00000000   Code   RO         7795    .ARM.Collect$$libinit$$0000002C  c_w.l(libinit2.o)
    0x100023a2   0x00000000   Code   RO         7797    .ARM.Collect$$libinit$$0000002E  c_w.l(libinit2.o)
    0x100023a2   0x00000000   Code   RO         7799    .ARM.Collect$$libinit$$00000030  c_w.l(libinit2.o)
    0x100023a2   0x00000004   Code   RO         7800    .ARM.Collect$$libinit$$00000031  c_w.l(libinit2.o)
    0x100023a6   0x00000000   Code   RO         7801    .ARM.Collect$$libinit$$00000032  c_w.l(libinit2.o)
    0x100023a6   0x00000002   Code   RO         7802    .ARM.Collect$$libinit$$00000033  c_w.l(libinit2.o)
    0x100023a8   0x00000008   Code   RO         8008    .ARM.Collect$$libinit$$00002719  c_w.l(libinit5.o)
    0x100023b0   0x00000002   Code   RO         8053    .ARM.Collect$$libshutdown$$00000000  c_w.l(libshutdown.o)
    0x100023b2   0x00000000   Code   RO         7940    .ARM.Collect$$libshutdown$$00000002  c_w.l(libshutdown2.o)
    0x100023b2   0x00000004   Code   RO         7941    .ARM.Collect$$libshutdown$$00000003  c_w.l(libshutdown2.o)
    0x100023b6   0x00000000   Code   RO         7942    .ARM.Collect$$libshutdown$$00000004  c_w.l(libshutdown2.o)
    0x100023b6   0x00000000   Code   RO         7945    .ARM.Collect$$libshutdown$$00000007  c_w.l(libshutdown2.o)
    0x100023b6   0x00000000   Code   RO         7948    .ARM.Collect$$libshutdown$$0000000A  c_w.l(libshutdown2.o)
    0x100023b6   0x00000000   Code   RO         7950    .ARM.Collect$$libshutdown$$0000000C  c_w.l(libshutdown2.o)
    0x100023b6   0x00000000   Code   RO         7953    .ARM.Collect$$libshutdown$$0000000F  c_w.l(libshutdown2.o)
    0x100023b6   0x00000002   Code   RO         7954    .ARM.Collect$$libshutdown$$00000010  c_w.l(libshutdown2.o)
    0x100023b8   0x00000000   Code   RO         7736    .ARM.Collect$$rtentry$$00000000  c_w.l(__rtentry.o)
    0x100023b8   0x00000000   Code   RO         7808    .ARM.Collect$$rtentry$$00000002  c_w.l(__rtentry2.o)
    0x100023b8   0x00000004   Code   RO         7822    .ARM.Collect$$rtentry$$00000007  c_w.l(__rtentry7.o)
    0x100023bc   0x00000000   Code   RO         7810    .ARM.Collect$$rtentry$$00000009  c_w.l(__rtentry2.o)
    0x100023bc   0x00000004   Code   RO         7811    .ARM.Collect$$rtentry$$0000000A  c_w.l(__rtentry2.o)
    0x100023c0   0x00000000   Code   RO         7813    .ARM.Collect$$rtentry$$0000000C  c_w.l(__rtentry2.o)
    0x100023c0   0x00000008   Code   RO         7814    .ARM.Collect$$rtentry$$0000000D  c_w.l(__rtentry2.o)
    0x100023c8   0x00000004   Code   RO         7823    .ARM.Collect$$rtentry$$00002718  c_w.l(__rtentry7.o)
    0x100023cc   0x00000002   Code   RO         7962    .ARM.Collect$$rtexit$$00000000  c_w.l(rtexit.o)
    0x100023ce   0x00000000   Code   RO         8013    .ARM.Collect$$rtexit$$00000002  c_w.l(rtexit2.o)
    0x100023ce   0x00000004   Code   RO         8014    .ARM.Collect$$rtexit$$00000003  c_w.l(rtexit2.o)
    0x100023d2   0x00000006   Code   RO         8015    .ARM.Collect$$rtexit$$00000004  c_w.l(rtexit2.o)
    0x100023d8   0x00000074   Code   RO            5    .text               startup_psoc6_02_cm4.o
    0x1000244c   0x00000004   PAD
    0x10002450   0x0000001e   Code   RO          266    .text               cy_syslib_mdk.o
    0x1000246e   0x00000002   Code   RO         7651    .text               c_w.l(use_no_semi_2.o)
    0x10002470   0x000000f0   Code   RO         7653    .text               c_w.l(lludivv7m.o)
    0x10002560   0x00000018   Code   RO         7659    .text               c_w.l(noretval__2printf.o)
    0x10002578   0x0000004e   Code   RO         7667    .text               c_w.l(rt_memclr_w.o)
    0x100025c6   0x00000006   Code   RO         7724    .text               c_w.l(heapauxi.o)
    0x100025cc   0x00000024   Code   RO         7731    .text               c_w.l(init_aeabi.o)
    0x100025f0   0x00000002   Code   RO         7734    .text               c_w.l(use_no_semi.o)
    0x100025f2   0x00000002   PAD
    0x100025f4   0x00000024   Code   RO         7745    .text               c_w.l(_printf_char_file.o)
    0x10002618   0x00000030   Code   RO         7829    .text               c_w.l(_printf_char_common.o)
    0x10002648   0x00000008   Code   RO         7831    .text               c_w.l(ferror.o)
    0x10002650   0x00000138   Code   RO         7833    .text               c_w.l(initio.o)
    0x10002788   0x0000004e   Code   RO         7852    .text               c_w.l(h1_free.o)
    0x100027d6   0x00000028   Code   RO         7906    .text               c_w.l(__printf_nopercent.o)
    0x100027fe   0x00000046   Code   RO         7908    .text               c_w.l(setvbuf.o)
    0x10002844   0x000000f0   Code   RO         7911    .text               c_w.l(fopen.o)
    0x10002934   0x0000004c   Code   RO         7913    .text               c_w.l(fclose.o)
    0x10002980   0x00000012   Code   RO         7919    .text               c_w.l(exit.o)
    0x10002992   0x0000000e   Code   RO         7925    .text               c_w.l(defsig_rtred_outer.o)
    0x100029a0   0x00000008   Code   RO         7969    .text               c_w.l(rt_heap_descriptor_intlibspace.o)
    0x100029a8   0x00000004   Code   RO         7971    .text               c_w.l(hguard.o)
    0x100029ac   0x0000008a   Code   RO         7975    .text               c_w.l(init_alloc.o)
    0x10002a36   0x0000005e   Code   RO         7981    .text               c_w.l(h1_alloc.o)
    0x10002a94   0x000000f8   Code   RO         7993    .text               c_w.l(fseek.o)
    0x10002b8c   0x000000f0   Code   RO         7995    .text               c_w.l(stdio.o)
    0x10002c7c   0x0000000a   Code   RO         7997    .text               c_w.l(defsig_exit.o)
    0x10002c86   0x00000002   PAD
    0x10002c88   0x00000034   Code   RO         8001    .text               c_w.l(defsig_rtred_inner.o)
    0x10002cbc   0x0000000e   Code   RO         8003    .text               c_w.l(defsig_rtmem_outer.o)
    0x10002cca   0x00000000   Code   RO         8019    .text               c_w.l(maybetermalloc1.o)
    0x10002cca   0x0000000e   Code   RO         8021    .text               c_w.l(h1_init.o)
    0x10002cd8   0x00000034   Code   RO         8023    .text               c_w.l(h1_extend.o)
    0x10002d0c   0x00000042   Code   RO         8029    .text               c_w.l(ftell.o)
    0x10002d4e   0x00000032   Code   RO         8033    .text               c_w.l(defsig_general.o)
    0x10002d80   0x00000050   Code   RO         8035    .text               c_w.l(defsig_rtmem_inner.o)
    0x10002dd0   0x00000008   Code   RO         8045    .text               c_w.l(rt_errno_addr_intlibspace.o)
    0x10002dd8   0x00000008   Code   RO           24    .text.AES128_ECB_encrypt  aes_lib.o
    0x10002de0   0x00000004   Code   RO         1987    .text.CY_HALT       cyhal_hwmgr.o
    0x10002de4   0x00000004   Code   RO         2974    .text.CY_HALT       cyhal_syspm.o
    0x10002de8   0x00000004   Code   RO         3547    .text.CY_HALT       cyhal_utils_psoc.o
    0x10002dec   0x00000004   Code   RO         5016    .text.CY_HALT       cy_gpio.o
    0x10002df0   0x00000004   Code   RO         5164    .text.CY_HALT       cy_ipc_drv.o
    0x10002df4   0x00000004   Code   RO         5188    .text.CY_HALT       cy_ipc_pipe.o
    0x10002df8   0x00000004   Code   RO         5265    .text.CY_HALT       cy_ipc_sema.o
    0x10002dfc   0x00000004   Code   RO         5410    .text.CY_HALT       cy_prot.o
    0x10002e00   0x00000004   Code   RO         6690    .text.CY_HALT       cy_sysclk.o
    0x10002e04   0x00000004   Code   RO         6926    .text.CY_HALT       cy_sysint.o
    0x10002e08   0x00000004   Code   RO         7003    .text.CY_HALT       cy_syspm.o
    0x10002e0c   0x00000004   Code   RO         7160    .text.CY_HALT       cy_systick.o
    0x10002e10   0x0000007e   Code   RO         5032    .text.Cy_GPIO_Pin_FastInit  cy_gpio.o
    0x10002e8e   0x00000002   PAD
    0x10002e90   0x0000017e   Code   RO         5014    .text.Cy_GPIO_Pin_Init  cy_gpio.o
    0x1000300e   0x00000002   PAD
    0x10003010   0x00000046   Code   RO         5018    .text.Cy_GPIO_SetDrivemode  cy_gpio.o
    0x10003056   0x00000002   PAD
    0x10003058   0x0000005c   Code   RO         5020    .text.Cy_GPIO_SetHSIOM  cy_gpio.o
    0x100030b4   0x0000003e   Code   RO         5022    .text.Cy_GPIO_SetInterruptEdge  cy_gpio.o
    0x100030f2   0x00000002   PAD
    0x100030f4   0x0000002c   Code   RO         5024    .text.Cy_GPIO_SetInterruptMask  cy_gpio.o
    0x10003120   0x0000003a   Code   RO         5026    .text.Cy_GPIO_SetVtrip  cy_gpio.o
    0x1000315a   0x00000002   PAD
    0x1000315c   0x00000028   Code   RO         5028    .text.Cy_GPIO_Write  cy_gpio.o
    0x10003184   0x00000016   Code   RO         5160    .text.Cy_IPC_Drv_AcquireNotify  cy_ipc_drv.o
    0x1000319a   0x00000002   PAD
    0x1000319c   0x00000026   Code   RO         5220    .text.Cy_IPC_Drv_ClearInterrupt  cy_ipc_pipe.o
    0x100031c2   0x00000002   PAD
    0x100031c4   0x00000004   Code   RO         5218    .text.Cy_IPC_Drv_ExtractAcquireMask  cy_ipc_pipe.o
    0x100031c8   0x00000004   Code   RO         5226    .text.Cy_IPC_Drv_ExtractReleaseMask  cy_ipc_pipe.o
    0x100031cc   0x00000004   Code   RO         5228    .text.Cy_IPC_Drv_GetInterruptStatus  cy_ipc_pipe.o
    0x100031d0   0x00000004   Code   RO         5216    .text.Cy_IPC_Drv_GetInterruptStatusMasked  cy_ipc_pipe.o
    0x100031d4   0x00000028   Code   RO         5196    .text.Cy_IPC_Drv_GetIntrBaseAddr  cy_ipc_pipe.o
    0x100031fc   0x00000028   Code   RO         5194    .text.Cy_IPC_Drv_GetIpcBaseAddress  cy_ipc_pipe.o
    0x10003224   0x00000028   Code   RO         5247    .text.Cy_IPC_Drv_GetIpcBaseAddress  cy_ipc_sema.o
    0x1000324c   0x00000024   Code   RO         7073    .text.Cy_IPC_Drv_GetIpcBaseAddress  cy_syspm.o
    0x10003270   0x00000014   Code   RO         5150    .text.Cy_IPC_Drv_IsLockAcquired  cy_ipc_drv.o
    0x10003284   0x00000014   Code   RO         5222    .text.Cy_IPC_Drv_IsLockAcquired  cy_ipc_pipe.o
    0x10003298   0x00000014   Code   RO         7075    .text.Cy_IPC_Drv_IsLockAcquired  cy_syspm.o
    0x100032ac   0x00000010   Code   RO         5156    .text.Cy_IPC_Drv_LockAcquire  cy_ipc_drv.o
    0x100032bc   0x00000020   Code   RO         5148    .text.Cy_IPC_Drv_LockRelease  cy_ipc_drv.o
    0x100032dc   0x00000004   Code   RO         5166    .text.Cy_IPC_Drv_ReadDataValue  cy_ipc_drv.o
    0x100032e0   0x00000004   Code   RO         7077    .text.Cy_IPC_Drv_ReadDataValue  cy_syspm.o
    0x100032e4   0x00000018   Code   RO         5224    .text.Cy_IPC_Drv_ReadMsgPtr  cy_ipc_pipe.o
    0x100032fc   0x0000002a   Code   RO         5162    .text.Cy_IPC_Drv_ReadMsgWord  cy_ipc_drv.o
    0x10003326   0x00000002   PAD
    0x10003328   0x00000016   Code   RO         5152    .text.Cy_IPC_Drv_ReleaseNotify  cy_ipc_drv.o
    0x1000333e   0x00000002   PAD
    0x10003340   0x0000001a   Code   RO         5251    .text.Cy_IPC_Drv_SendMsgPtr  cy_ipc_sema.o
    0x1000335a   0x00000002   PAD
    0x1000335c   0x0000002a   Code   RO         5154    .text.Cy_IPC_Drv_SendMsgWord  cy_ipc_drv.o
    0x10003386   0x00000002   PAD
    0x10003388   0x00000024   Code   RO         5198    .text.Cy_IPC_Drv_SetInterruptMask  cy_ipc_pipe.o
    0x100033ac   0x00000004   Code   RO         5158    .text.Cy_IPC_Drv_WriteDataValue  cy_ipc_drv.o
    0x100033b0   0x00000012   Code   RO         5184    .text.Cy_IPC_Pipe_Config  cy_ipc_pipe.o
    0x100033c2   0x00000002   PAD
    0x100033c4   0x00000070   Code   RO         5190    .text.Cy_IPC_Pipe_EndpointInit  cy_ipc_pipe.o
    0x10003434   0x000000b6   Code   RO         5214    .text.Cy_IPC_Pipe_ExecCallback  cy_ipc_pipe.o
    0x100034ea   0x00000002   PAD
    0x100034ec   0x00000024   Code   RO         5212    .text.Cy_IPC_Pipe_ExecuteCallback  cy_ipc_pipe.o
    0x10003510   0x00000080   Code   RO         5186    .text.Cy_IPC_Pipe_Init  cy_ipc_pipe.o
    0x10003590   0x0000004a   Code   RO         5245    .text.Cy_IPC_Sema_Init  cy_ipc_sema.o
    0x100035da   0x00000002   PAD
    0x100035dc   0x00000076   Code   RO         5249    .text.Cy_IPC_Sema_InitExt  cy_ipc_sema.o
    0x10003652   0x00000002   PAD
    0x10003654   0x0000000c   Code   RO         3624    .text.Cy_PDL_Init   cy_device.o
    0x10003660   0x00000030   Code   RO         5414    .text.Cy_Prot_GetActivePC  cy_prot.o
    0x10003690   0x0000000e   Code   RO         5691    .text.Cy_SCB_GetFifoSize  cy_scb_common.o
    0x1000369e   0x00000002   PAD
    0x100036a0   0x0000000a   Code   RO         5693    .text.Cy_SCB_GetNumInTxFifo  cy_scb_common.o
    0x100036aa   0x00000002   PAD
    0x100036ac   0x00000008   Code   RO         3264    .text.Cy_SCB_UART_Put  cyhal_uart.o
    0x100036b4   0x00000026   Code   RO         5689    .text.Cy_SCB_Write  cy_scb_common.o
    0x100036da   0x00000002   PAD
    0x100036dc   0x00000006   Code   RO         5695    .text.Cy_SCB_WriteTxFifo  cy_scb_common.o
    0x100036e2   0x00000002   PAD
    0x100036e4   0x0000000a   Code   RO          185    .text.Cy_SysClk_ClkBakInit  cycfg_system.o
    0x100036ee   0x00000002   PAD
    0x100036f0   0x0000001c   Code   RO         6734    .text.Cy_SysClk_ClkBakSetSource  cy_sysclk.o
    0x1000370c   0x00000018   Code   RO         6764    .text.Cy_SysClk_ClkFastGetDivider  cy_sysclk.o
    0x10003724   0x0000000a   Code   RO          161    .text.Cy_SysClk_ClkFastInit  cycfg_system.o
    0x1000372e   0x00000002   PAD
    0x10003730   0x0000001e   Code   RO         6766    .text.Cy_SysClk_ClkFastSetDivider  cy_sysclk.o
    0x1000374e   0x00000002   PAD
    0x10003750   0x00000014   Code   RO          181    .text.Cy_SysClk_ClkHf0Init  cycfg_system.o
    0x10003764   0x0000002c   Code   RO         6780    .text.Cy_SysClk_ClkHfGetDivider  cy_sysclk.o
    0x10003790   0x00000022   Code   RO         6756    .text.Cy_SysClk_ClkHfGetFrequency  cy_sysclk.o
    0x100037b2   0x00000002   PAD
    0x100037b4   0x0000002c   Code   RO         6776    .text.Cy_SysClk_ClkHfGetSource  cy_sysclk.o
    0x100037e0   0x00000036   Code   RO         6778    .text.Cy_SysClk_ClkHfSetDivider  cy_sysclk.o
    0x10003816   0x00000002   PAD
    0x10003818   0x00000036   Code   RO         6774    .text.Cy_SysClk_ClkHfSetSource  cy_sysclk.o
    0x1000384e   0x00000002   PAD
    0x10003850   0x0000000a   Code   RO          159    .text.Cy_SysClk_ClkLfInit  cycfg_system.o
    0x1000385a   0x00000002   PAD
    0x1000385c   0x0000001e   Code   RO         6752    .text.Cy_SysClk_ClkLfSetSource  cy_sysclk.o
    0x1000387a   0x00000002   PAD
    0x1000387c   0x0000000c   Code   RO          169    .text.Cy_SysClk_ClkPath0Init  cycfg_system.o
    0x10003888   0x0000000c   Code   RO          167    .text.Cy_SysClk_ClkPath1Init  cycfg_system.o
    0x10003894   0x0000000c   Code   RO          171    .text.Cy_SysClk_ClkPath2Init  cycfg_system.o
    0x100038a0   0x0000000c   Code   RO          173    .text.Cy_SysClk_ClkPath3Init  cycfg_system.o
    0x100038ac   0x0000000c   Code   RO          175    .text.Cy_SysClk_ClkPath4Init  cycfg_system.o
    0x100038b8   0x0000000c   Code   RO          177    .text.Cy_SysClk_ClkPath5Init  cycfg_system.o
    0x100038c4   0x00000044   Code   RO         6732    .text.Cy_SysClk_ClkPathGetFrequency  cy_sysclk.o
    0x10003908   0x0000003e   Code   RO         6850    .text.Cy_SysClk_ClkPathGetSource  cy_sysclk.o
    0x10003946   0x00000002   PAD
    0x10003948   0x0000008e   Code   RO         6852    .text.Cy_SysClk_ClkPathMuxGetFrequency  cy_sysclk.o
    0x100039d6   0x00000002   PAD
    0x100039d8   0x00000056   Code   RO         6848    .text.Cy_SysClk_ClkPathSetSource  cy_sysclk.o
    0x10003a2e   0x00000002   PAD
    0x10003a30   0x00000016   Code   RO         6758    .text.Cy_SysClk_ClkPeriGetDivider  cy_sysclk.o
    0x10003a46   0x00000002   PAD
    0x10003a48   0x0000000a   Code   RO          163    .text.Cy_SysClk_ClkPeriInit  cycfg_system.o
    0x10003a52   0x00000002   PAD
    0x10003a54   0x0000001e   Code   RO         6760    .text.Cy_SysClk_ClkPeriSetDivider  cy_sysclk.o
    0x10003a72   0x00000002   PAD
    0x10003a74   0x0000000a   Code   RO          165    .text.Cy_SysClk_ClkSlowInit  cycfg_system.o
    0x10003a7e   0x00000002   PAD
    0x10003a80   0x0000001e   Code   RO         6714    .text.Cy_SysClk_ClkSlowSetDivider  cy_sysclk.o
    0x10003a9e   0x00000002   PAD
    0x10003aa0   0x00000254   Code   RO         6902    .text.Cy_SysClk_DeepSleepCallback  cy_sysclk.o
    0x10003cf4   0x0000001a   Code   RO         6846    .text.Cy_SysClk_EcoGetFrequency  cy_sysclk.o
    0x10003d0e   0x00000002   PAD
    0x10003d10   0x0000001c   Code   RO         6838    .text.Cy_SysClk_EcoGetStatus  cy_sysclk.o
    0x10003d2c   0x0000000c   Code   RO         6834    .text.Cy_SysClk_ExtClkGetFrequency  cy_sysclk.o
    0x10003d38   0x00000026   Code   RO         6862    .text.Cy_SysClk_FllDisable  cy_sysclk.o
    0x10003d5e   0x00000002   PAD
    0x10003d60   0x000000ae   Code   RO         6870    .text.Cy_SysClk_FllEnable  cy_sysclk.o
    0x10003e0e   0x00000002   PAD
    0x10003e10   0x0000005a   Code   RO         6868    .text.Cy_SysClk_FllGetConfiguration  cy_sysclk.o
    0x10003e6a   0x00000002   PAD
    0x10003e6c   0x0000005c   Code   RO         6854    .text.Cy_SysClk_FllGetFrequency  cy_sysclk.o
    0x10003ec8   0x00000028   Code   RO          179    .text.Cy_SysClk_FllInit  cycfg_system.o
    0x10003ef0   0x0000000e   Code   RO         6858    .text.Cy_SysClk_FllIsEnabled  cy_sysclk.o
    0x10003efe   0x00000002   PAD
    0x10003f00   0x00000010   Code   RO         6860    .text.Cy_SysClk_FllLocked  cy_sysclk.o
    0x10003f10   0x000000ee   Code   RO         6866    .text.Cy_SysClk_FllManualConfigure  cy_sysclk.o
    0x10003ffe   0x00000002   PAD
    0x10004000   0x0000002a   Code   RO         6828    .text.Cy_SysClk_IloDisable  cy_sysclk.o
    0x1000402a   0x00000002   PAD
    0x1000402c   0x00000012   Code   RO         6824    .text.Cy_SysClk_IloEnable  cy_sysclk.o
    0x1000403e   0x00000002   PAD
    0x10004040   0x00000014   Code   RO         6830    .text.Cy_SysClk_IloHibernateOn  cy_sysclk.o
    0x10004054   0x0000000e   Code   RO          187    .text.Cy_SysClk_IloInit  cycfg_system.o
    0x10004062   0x00000002   PAD
    0x10004064   0x0000006a   Code   RO         6696    .text.Cy_SysClk_PeriphAssignDivider  cy_sysclk.o
    0x100040ce   0x00000002   PAD
    0x100040d0   0x0000005c   Code   RO         6702    .text.Cy_SysClk_PeriphDisableDivider  cy_sysclk.o
    0x1000412c   0x0000007e   Code   RO         6700    .text.Cy_SysClk_PeriphEnableDivider  cy_sysclk.o
    0x100041aa   0x00000002   PAD
    0x100041ac   0x00000066   Code   RO         6686    .text.Cy_SysClk_PeriphSetDivider  cy_sysclk.o
    0x10004212   0x00000002   PAD
    0x10004214   0x00000028   Code   RO          183    .text.Cy_SysClk_Pll0Init  cycfg_system.o
    0x1000423c   0x0000004a   Code   RO         6878    .text.Cy_SysClk_PllDisable  cy_sysclk.o
    0x10004286   0x00000002   PAD
    0x10004288   0x000000c2   Code   RO         6886    .text.Cy_SysClk_PllEnable  cy_sysclk.o
    0x1000434a   0x00000002   PAD
    0x1000434c   0x0000004a   Code   RO         6882    .text.Cy_SysClk_PllGetConfiguration  cy_sysclk.o
    0x10004396   0x00000002   PAD
    0x10004398   0x0000008a   Code   RO         6856    .text.Cy_SysClk_PllGetFrequency  cy_sysclk.o
    0x10004422   0x00000002   PAD
    0x10004424   0x0000002a   Code   RO         6872    .text.Cy_SysClk_PllIsEnabled  cy_sysclk.o
    0x1000444e   0x00000002   PAD
    0x10004450   0x0000002c   Code   RO         6874    .text.Cy_SysClk_PllLocked  cy_sysclk.o
    0x1000447c   0x0000009a   Code   RO         6884    .text.Cy_SysClk_PllManualConfigure  cy_sysclk.o
    0x10004516   0x00000002   PAD
    0x10004518   0x0000004c   Code   RO         6800    .text.Cy_SysClk_WcoEnable  cy_sysclk.o
    0x10004564   0x00000042   Code   RO          157    .text.Cy_SysClk_WcoInit  cycfg_system.o
    0x100045a6   0x00000002   PAD
    0x100045a8   0x0000000e   Code   RO         6802    .text.Cy_SysClk_WcoOkay  cy_sysclk.o
    0x100045b6   0x00000002   PAD
    0x100045b8   0x0000004c   Code   RO         6930    .text.Cy_SysInt_Init  cy_sysint.o
    0x10004604   0x0000003e   Code   RO         6934    .text.Cy_SysInt_SetVector  cy_sysint.o
    0x10004642   0x00000002   PAD
    0x10004644   0x0000000a   Code   RO          211    .text.Cy_SysIpcPipeIsrCm4  system_psoc6_cm4.o
    0x1000464e   0x00000002   PAD
    0x10004650   0x00000004   Code   RO         6976    .text.Cy_SysLib_AsmInfiniteLoop  cy_syslib.o
    0x10004654   0x00000014   Code   RO         6950    .text.Cy_SysLib_DelayUs  cy_syslib.o
    0x10004668   0x00000092   Code   RO         6972    .text.Cy_SysLib_FaultHandler  cy_syslib.o
    0x100046fa   0x00000002   PAD
    0x100046fc   0x00000014   Code   RO         6982    .text.Cy_SysLib_GetDevice  cy_syslib.o
    0x10004710   0x00000012   Code   RO         6980    .text.Cy_SysLib_GetDeviceRevision  cy_syslib.o
    0x10004722   0x00000002   PAD
    0x10004724   0x00000034   Code   RO         6966    .text.Cy_SysLib_GetResetReason  cy_syslib.o
    0x10004758   0x00000014   Code   RO          153    .text.Cy_SysLib_GetResetStatus  cycfg_system.o
    0x1000476c   0x00000014   Code   RO         6964    .text.Cy_SysLib_GetResetStatus  cy_syslib.o
    0x10004780   0x00000010   Code   RO          151    .text.Cy_SysLib_GetWcoTrim  cycfg_system.o
    0x10004790   0x00000008   Code   RO         6974    .text.Cy_SysLib_ProcessingFault  cy_syslib.o
    0x10004798   0x00000014   Code   RO         6962    .text.Cy_SysLib_ResetBackupDomain  cy_syslib.o
    0x100047ac   0x000000c6   Code   RO         6978    .text.Cy_SysLib_SetWaitStates  cy_syslib.o
    0x10004872   0x00000002   PAD
    0x10004874   0x00000010   Code   RO          155    .text.Cy_SysLib_SetWcoTrim  cycfg_system.o
    0x10004884   0x00000020   Code   RO         6997    .text.Cy_SysPm_LdoGetVoltage  cy_syspm.o
    0x100048a4   0x00000014   Code   RO         6995    .text.Cy_SysPm_LdoIsEnabled  cy_syspm.o
    0x100048b8   0x000000c2   Code   RO         7019    .text.Cy_SysPm_LdoSetVoltage  cy_syspm.o
    0x1000497a   0x00000002   PAD
    0x1000497c   0x00000028   Code   RO         7119    .text.Cy_SysPm_PmicDisableOutput  cy_syspm.o
    0x100049a4   0x00000012   Code   RO         7123    .text.Cy_SysPm_PmicUnlock  cy_syspm.o
    0x100049b6   0x00000002   PAD
    0x100049b8   0x0000008c   Code   RO         7065    .text.Cy_SysPm_RegisterCallback  cy_syspm.o
    0x10004a44   0x00000026   Code   RO         7059    .text.Cy_SysPm_SystemIsMinRegulatorCurrentSet  cy_syspm.o
    0x10004a6a   0x00000002   PAD
    0x10004a6c   0x00000086   Code   RO         7027    .text.Cy_SysPm_SystemSetNormalRegulatorCurrent  cy_syspm.o
    0x10004af2   0x00000002   PAD
    0x10004af4   0x000000b2   Code   RO         7039    .text.Cy_SysPm_WriteVoltageBitForFlash  cy_syspm.o
    0x10004ba6   0x00000002   PAD
    0x10004ba8   0x0000000e   Code   RO         7166    .text.Cy_SysTick_Clear  cy_systick.o
    0x10004bb6   0x00000002   PAD
    0x10004bb8   0x00000018   Code   RO         7176    .text.Cy_SysTick_Enable  cy_systick.o
    0x10004bd0   0x00000012   Code   RO         7154    .text.Cy_SysTick_EnableInterrupt  cy_systick.o
    0x10004be2   0x00000002   PAD
    0x10004be4   0x00000010   Code   RO         7168    .text.Cy_SysTick_GetCountFlag  cy_systick.o
    0x10004bf4   0x0000004c   Code   RO         7170    .text.Cy_SysTick_Init  cy_systick.o
    0x10004c40   0x0000002a   Code   RO         7172    .text.Cy_SysTick_ServiceCallbacks  cy_systick.o
    0x10004c6a   0x00000002   PAD
    0x10004c6c   0x0000003a   Code   RO         7174    .text.Cy_SysTick_SetClockSource  cy_systick.o
    0x10004ca6   0x00000002   PAD
    0x10004ca8   0x0000001e   Code   RO         7158    .text.Cy_SysTick_SetReload  cy_systick.o
    0x10004cc6   0x00000002   PAD
    0x10004cc8   0x00000002   Code   RO          207    .text.Cy_SystemInit  system_psoc6_cm4.o
    0x10004cca   0x00000002   PAD
    0x10004ccc   0x00000024   Code   RO          213    .text.Cy_SystemInitFpuEnable  system_psoc6_cm4.o
    0x10004cf0   0x00000076   Code   RO         7037    .text.IsVoltageChangePossible  cy_syspm.o
    0x10004d66   0x00000002   PAD
    0x10004d68   0x00000072   Code   RO         7047    .text.SetReadMarginTrimLp  cy_syspm.o
    0x10004dda   0x00000002   PAD
    0x10004ddc   0x00000072   Code   RO         7041    .text.SetReadMarginTrimUlp  cy_syspm.o
    0x10004e4e   0x00000002   PAD
    0x10004e50   0x00000062   Code   RO         7043    .text.SetWriteAssistTrimLp  cy_syspm.o
    0x10004eb2   0x00000002   PAD
    0x10004eb4   0x00000044   Code   RO         7045    .text.SetWriteAssistTrimUlp  cy_syspm.o
    0x10004ef8   0x00000088   Code   RO          209    .text.SystemCoreClockUpdate  system_psoc6_cm4.o
    0x10004f80   0x0000003a   Code   RO          205    .text.SystemInit    system_psoc6_cm4.o
    0x10004fba   0x00000002   PAD
    0x10004fbc   0x00000020   Code   RO         5192    .text.__NVIC_EnableIRQ  cy_ipc_pipe.o
    0x10004fdc   0x00000022   Code   RO         6932    .text.__NVIC_SetPriority  cy_sysint.o
    0x10004ffe   0x00000002   PAD
    0x10005000   0x00000090   Code   RO         2001    .text._cyhal_get_bit_position  cyhal_hwmgr.o
    0x10005090   0x0000004a   Code   RO         1999    .text._cyhal_get_block_offset_length  cyhal_hwmgr.o
    0x100050da   0x00000002   PAD
    0x100050dc   0x0000007e   Code   RO         1997    .text._cyhal_get_block_offsets  cyhal_hwmgr.o
    0x1000515a   0x00000002   PAD
    0x1000515c   0x00000044   Code   RO         1993    .text._cyhal_get_resource_offset  cyhal_hwmgr.o
    0x100051a0   0x00000038   Code   RO         1979    .text._cyhal_is_set  cyhal_hwmgr.o
    0x100051d8   0x0000000c   Code   RO         2631    .text._cyhal_scb_pm_transition_pending  cyhal_scb_common.o
    0x100051e4   0x0000003c   Code   RO         1981    .text._cyhal_set_bit  cyhal_hwmgr.o
    0x10005220   0x00000036   Code   RO         3006    .text._cyhal_syspm_backtrack_all_pm_callbacks  cyhal_syspm.o
    0x10005256   0x00000002   PAD
    0x10005258   0x00000052   Code   RO         3004    .text._cyhal_syspm_call_all_pm_callbacks  cyhal_syspm.o
    0x100052aa   0x00000002   PAD
    0x100052ac   0x00000164   Code   RO         3002    .text._cyhal_syspm_common_cb  cyhal_syspm.o
    0x10005410   0x00000016   Code   RO         1995    .text._cyhal_uses_channels  cyhal_hwmgr.o
    0x10005426   0x00000002   PAD
    0x10005428   0x0000001e   Code   RO         3551    .text._cyhal_utils_convert_pdltohal_pm_mode  cyhal_utils_psoc.o
    0x10005446   0x00000002   PAD
    0x10005448   0x00000004   Code   RO         7590    .text._sys_close    cy_retarget_io.o
    0x1000544c   0x00000002   Code   RO         7604    .text._sys_exit     cy_retarget_io.o
    0x1000544e   0x00000002   PAD
    0x10005450   0x00000004   Code   RO         7602    .text._sys_flen     cy_retarget_io.o
    0x10005454   0x00000004   Code   RO         7598    .text._sys_istty    cy_retarget_io.o
    0x10005458   0x00000004   Code   RO         7588    .text._sys_open     cy_retarget_io.o
    0x1000545c   0x00000006   Code   RO         7600    .text._sys_seek     cy_retarget_io.o
    0x10005462   0x00000002   PAD
    0x10005464   0x00000004   Code   RO         7592    .text._sys_write    cy_retarget_io.o
    0x10005468   0x00000002   Code   RO         7596    .text._ttywrch      cy_retarget_io.o
    0x1000546a   0x00000002   PAD
    0x1000546c   0x0000002a   Code   RO           12    .text.addRoundKey   aes_lib.o
    0x10005496   0x00000002   PAD
    0x10005498   0x00000012   Code   RO         7582    .text.cy_retarget_io_putchar  cy_retarget_io.o
    0x100054aa   0x00000002   PAD
    0x100054ac   0x00000032   Code   RO          235    .text.cybsp_init    cybsp.o
    0x100054de   0x00000002   PAD
    0x100054e0   0x0000001e   Code   RO          237    .text.cybsp_register_sysclk_pm_callback  cybsp.o
    0x100054fe   0x00000002   PAD
    0x10005500   0x00000002   Code   RO          145    .text.cycfg_ClockStartupError  cycfg_system.o
    0x10005502   0x00000002   PAD
    0x10005504   0x00000004   Code   RO         1975    .text.cyhal_hwmgr_init  cyhal_hwmgr.o
    0x10005508   0x0000004c   Code   RO         1977    .text.cyhal_hwmgr_reserve  cyhal_hwmgr.o
    0x10005554   0x00000058   Code   RO         2982    .text.cyhal_syspm_init  cyhal_syspm.o
    0x100055ac   0x0000001c   Code   RO         2998    .text.cyhal_syspm_set_supply_voltage  cyhal_syspm.o
    0x100055c8   0x00000028   Code   RO         3262    .text.cyhal_uart_putc  cyhal_uart.o
    0x100055f0   0x00000016   Code   RO         7580    .text.fputc         cy_retarget_io.o
    0x10005606   0x00000002   PAD
    0x10005608   0x00000046   Code   RO           22    .text.gen_cipher    aes_lib.o
    0x1000564e   0x00000002   PAD
    0x10005650   0x0000000c   Code   RO           10    .text.getSBoxValue  aes_lib.o
    0x1000565c   0x00000018   Code   RO           36    .text.init_cycfg_all  cycfg.o
    0x10005674   0x0000002a   Code   RO           60    .text.init_cycfg_clocks  cycfg_clocks.o
    0x1000569e   0x00000002   PAD
    0x100056a0   0x0000000e   Code   RO           70    .text.init_cycfg_peripherals  cycfg_peripherals.o
    0x100056ae   0x00000002   PAD
    0x100056b0   0x00000120   Code   RO           79    .text.init_cycfg_pins  cycfg_pins.o
    0x100057d0   0x00000048   Code   RO          149    .text.init_cycfg_power  cycfg_system.o
    0x10005818   0x00000010   Code   RO          137    .text.init_cycfg_routing  cycfg_routing.o
    0x10005828   0x00000112   Code   RO          147    .text.init_cycfg_system  cycfg_system.o
    0x1000593a   0x00000002   PAD
    0x1000593c   0x000000ce   Code   RO            8    .text.keyExpansion  aes_lib.o
    0x10005a0a   0x00000002   PAD
    0x10005a0c   0x00000028   Code   RO          255    .text.main          main.o
    0x10005a34   0x000000a6   Code   RO           18    .text.mixColumns    aes_lib.o
    0x10005ada   0x00000002   PAD
    0x10005adc   0x00000056   Code   RO           16    .text.shiftRows     aes_lib.o
    0x10005b32   0x00000002   PAD
    0x10005b34   0x0000001c   Code   RO           14    .text.subBytes      aes_lib.o
    0x10005b50   0x000000d2   Code   RO          253    .text.test_Aes      main.o
    0x10005c22   0x00000002   PAD
    0x10005c24   0x00000010   Code   RO           20    .text.xtime         aes_lib.o
    0x10005c34   0x0000001a   Code   RO         7841    x$fpl$fpinit        fz_wm.l(fpinit.o)
    0x10005c4e   0x00000004   Data   RO         7843    .constdata          c_w.l(sys_io_names.o)
    0x10005c52   0x00000004   Data   RO         7844    .constdata          c_w.l(sys_io_names.o)
    0x10005c56   0x00000004   Data   RO         7845    .constdata          c_w.l(sys_io_names.o)
    0x10005c5a   0x00000003   Data   RO           94    .rodata.CYBSP_CINA_obj  cycfg_pins.o
    0x10005c5d   0x00000003   Data   RO           96    .rodata.CYBSP_CINB_obj  cycfg_pins.o
    0x10005c60   0x00000003   Data   RO           98    .rodata.CYBSP_CMOD_obj  cycfg_pins.o
    0x10005c63   0x00000003   Data   RO          100    .rodata.CYBSP_CSD_BTN0_obj  cycfg_pins.o
    0x10005c66   0x00000003   Data   RO          102    .rodata.CYBSP_CSD_BTN1_obj  cycfg_pins.o
    0x10005c69   0x00000003   Data   RO           62    .rodata.CYBSP_CSD_CLK_DIV_obj  cycfg_clocks.o
    0x10005c6c   0x00000003   Data   RO          104    .rodata.CYBSP_CSD_SLD0_obj  cycfg_pins.o
    0x10005c6f   0x00000003   Data   RO          106    .rodata.CYBSP_CSD_SLD1_obj  cycfg_pins.o
    0x10005c72   0x00000003   Data   RO          108    .rodata.CYBSP_CSD_SLD2_obj  cycfg_pins.o
    0x10005c75   0x00000003   Data   RO          110    .rodata.CYBSP_CSD_SLD3_obj  cycfg_pins.o
    0x10005c78   0x00000003   Data   RO          112    .rodata.CYBSP_CSD_SLD4_obj  cycfg_pins.o
    0x10005c7b   0x00000003   Data   RO           86    .rodata.CYBSP_CSD_TX_obj  cycfg_pins.o
    0x10005c7e   0x00000002   PAD
    0x10005c80   0x00000034   Data   RO           91    .rodata.CYBSP_SWDCK_config  cycfg_pins.o
    0x10005cb4   0x00000003   Data   RO           92    .rodata.CYBSP_SWDCK_obj  cycfg_pins.o
    0x10005cb7   0x00000001   PAD
    0x10005cb8   0x00000034   Data   RO           89    .rodata.CYBSP_SWDIO_config  cycfg_pins.o
    0x10005cec   0x00000003   Data   RO           90    .rodata.CYBSP_SWDIO_obj  cycfg_pins.o
    0x10005cef   0x00000001   PAD
    0x10005cf0   0x00000034   Data   RO           87    .rodata.CYBSP_SWO_config  cycfg_pins.o
    0x10005d24   0x00000003   Data   RO           88    .rodata.CYBSP_SWO_obj  cycfg_pins.o
    0x10005d27   0x00000001   PAD
    0x10005d28   0x00000034   Data   RO           81    .rodata.CYBSP_WCO_IN_config  cycfg_pins.o
    0x10005d5c   0x00000003   Data   RO           82    .rodata.CYBSP_WCO_IN_obj  cycfg_pins.o
    0x10005d5f   0x00000001   PAD
    0x10005d60   0x00000034   Data   RO           83    .rodata.CYBSP_WCO_OUT_config  cycfg_pins.o
    0x10005d94   0x00000003   Data   RO           84    .rodata.CYBSP_WCO_OUT_obj  cycfg_pins.o
    0x10005d97   0x000000ff   Data   RO           26    .rodata.Rcon        aes_lib.o
    0x10005e96   0x00000002   PAD
    0x10005e98   0x00000034   Data   RO          224    .rodata.SystemInit.systemIpcPipeConfigCm4  system_psoc6_cm4.o
    0x10005ecc   0x000000c0   Data   RO         3627    .rodata.cy_deviceIpBlockCfgPSoC6_02  cy_device.o
    0x10005f8c   0x00000001   Data   RO         2004    .rodata.cyhal_block_offsets_can  cyhal_hwmgr.o
    0x10005f8d   0x0000001a   Data   RO         2005    .rodata.cyhal_block_offsets_clock  cyhal_hwmgr.o
    0x10005fa7   0x00000001   Data   RO         2006    .rodata.cyhal_block_offsets_dma  cyhal_hwmgr.o
    0x10005fa8   0x00000002   Data   RO         2007    .rodata.cyhal_block_offsets_dw  cyhal_hwmgr.o
    0x10005faa   0x00000010   Data   RO         2009    .rodata.cyhal_block_offsets_gpio  cyhal_hwmgr.o
    0x10005fba   0x00000002   Data   RO         2010    .rodata.cyhal_block_offsets_tcpwm  cyhal_hwmgr.o
    0x10005fbc   0x00000001   Data   RO         2008    .rodata.cyhal_block_offsets_tdm  cyhal_hwmgr.o
    0x10005fbd   0x00000100   Data   RO           27    .rodata.sbox        aes_lib.o
    0x100060bd   0x00000003   PAD
    0x100060c0   0x00000014   Data   RO          195    .rodata.srss_0_clock_0_fll_0_fllConfig  cycfg_system.o
    0x100060d4   0x00000003   Data   RO          189    .rodata.srss_0_clock_0_pathmux_0_obj  cycfg_system.o
    0x100060d7   0x00000003   Data   RO          190    .rodata.srss_0_clock_0_pathmux_1_obj  cycfg_system.o
    0x100060da   0x00000003   Data   RO          191    .rodata.srss_0_clock_0_pathmux_2_obj  cycfg_system.o
    0x100060dd   0x00000003   Data   RO          192    .rodata.srss_0_clock_0_pathmux_3_obj  cycfg_system.o
    0x100060e0   0x00000003   Data   RO          193    .rodata.srss_0_clock_0_pathmux_4_obj  cycfg_system.o
    0x100060e3   0x00000003   Data   RO          194    .rodata.srss_0_clock_0_pathmux_5_obj  cycfg_system.o
    0x100060e6   0x00000005   Data   RO          196    .rodata.srss_0_clock_0_pll_0_pllConfig  cycfg_system.o
    0x100060eb   0x0000000e   Data   RO          258    .rodata.str1.1      main.o
    0x100060f9   0x00000003   PAD
    0x100060fc   0x00000030   Data   RO         8071    Region$$Table       anon$$obj.o
    0x1000612c   0x00000004   Data   RO          225    .init_array         system_psoc6_cm4.o
    0x10006130   0x00000000   Data   RO         7729    .init_array         c_w.l(init_aeabi.o)


    Execution Region .cy_app_signature (Base: 0x101fff00, Size: 0x00000000, Max: 0x00000100, ABSOLUTE)

    **** No section assigned to this execution region ****



  Load Region LR_EM_EEPROM (Base: 0x14000000, Size: 0x00000000, Max: 0x00008000, ABSOLUTE)

    Execution Region .cy_em_eeprom (Base: 0x14000000, Size: 0x00000000, Max: 0xffffffff, ABSOLUTE)

    **** No section assigned to this execution region ****



  Load Region LR_SFLASH_USER_DATA (Base: 0x16000800, Size: 0x00000000, Max: 0x00000800, ABSOLUTE)

    Execution Region .cy_sflash_user_data (Base: 0x16000800, Size: 0x00000000, Max: 0xffffffff, ABSOLUTE)

    **** No section assigned to this execution region ****



  Load Region LR_SFLASH_NAR (Base: 0x16001a00, Size: 0x00000000, Max: 0x00000200, ABSOLUTE)

    Execution Region .cy_sflash_nar (Base: 0x16001a00, Size: 0x00000000, Max: 0xffffffff, ABSOLUTE)

    **** No section assigned to this execution region ****



  Load Region LR_SFLASH_PUBLIC_KEY (Base: 0x16005a00, Size: 0x00000000, Max: 0x00000c00, ABSOLUTE)

    Execution Region .cy_sflash_public_key (Base: 0x16005a00, Size: 0x00000000, Max: 0xffffffff, ABSOLUTE)

    **** No section assigned to this execution region ****



  Load Region LR_SFLASH_TOC_2 (Base: 0x16007c00, Size: 0x00000000, Max: 0x00000200, ABSOLUTE)

    Execution Region .cy_toc_part2 (Base: 0x16007c00, Size: 0x00000000, Max: 0xffffffff, ABSOLUTE)

    **** No section assigned to this execution region ****



  Load Region LR_SFLASH_RTOC_2 (Base: 0x16007e00, Size: 0x00000000, Max: 0x00000200, ABSOLUTE)

    Execution Region .cy_rtoc_part2 (Base: 0x16007e00, Size: 0x00000000, Max: 0xffffffff, ABSOLUTE)

    **** No section assigned to this execution region ****



  Load Region LR_EROM (Base: 0x18000000, Size: 0x00000000, Max: 0x08000000, ABSOLUTE)

    Execution Region cy_xip (Base: 0x18000000, Size: 0x00000000, Max: 0xffffffff, ABSOLUTE)

    **** No section assigned to this execution region ****



  Load Region LR_EFUSE (Base: 0x90700000, Size: 0x00000000, Max: 0x00100000, ABSOLUTE)

    Execution Region .cy_efuse (Base: 0x90700000, Size: 0x00000000, Max: 0xffffffff, ABSOLUTE)

    **** No section assigned to this execution region ****



  Load Region CYMETA (Base: 0x90500000, Size: 0x00000000, Max: 0xffffffff, ABSOLUTE)

    Execution Region .cymeta (Base: 0x90500000, Size: 0x00000000, Max: 0xffffffff, ABSOLUTE)

    **** No section assigned to this execution region ****


==============================================================================

Image component sizes


      Code (inc. data)   RO Data    RW Data    ZI Data      Debug   

     12018        152       8198        400    1037572     652658   Object Totals
         0          0         48          0    1036160          0   (incl. Generated)
       204          4         14          3         10          0   (incl. Padding)
      2684        210         12         12        348       3168   Library Totals
         8          0          0          0          0          0   (incl. Padding)

==============================================================================


      Code (inc. data)   RO Data    RW Data    ZI Data      Debug   

     14702        362       8210        412    1037920     653642   Grand Totals
     14702        362       8210        412    1037920     653642   ELF Image Totals
     14702        362       8210        412          0          0   ROM Totals

==============================================================================

    Total RO  Size (Code + RO Data)                22912 (  22.38kB)
    Total RW  Size (RW Data + ZI Data)           1038332 (1014.00kB)
    Total ROM Size (Code + RO Data + RW Data)      23324 (  22.78kB)

==============================================================================

