Component: ARM Compiler 6.16 Tool: armlink [5dfeaa00]

==============================================================================

Memory Map of the image

  Image Entry point : 0x100022e1

  Load Region LR_IROM (Base: 0x10000000, Size: 0x00001850, Max: 0x00002000, ABSOLUTE)

    Execution Region .cy_m0p_image (Base: 0x10000000, Size: 0x00001850, Max: 0x00002000, ABSOLUTE)

    Base Addr    Size         Type   Attr      Idx    E Section Name        Object

    0x10000000   0x00001850   Data   RO         6010    .cy_m0p_image       psoc6_02_cm0p_sleep.o



  Load Region LR_IROM1 (Base: 0x10002000, Size: 0x000036fc, Max: 0x001fe000, ABSOLUTE)

    Execution Region ER_RAM_VECTORS (Base: 0x08002000, Size: 0x000002e0, Max: 0xffffffff, ABSOLUTE, UNINIT)

    Base Addr    Size         Type   Attr      Idx    E Section Name        Object

    0x08002000   0x000002e0   Zero   RW            4    RESET_RAM           startup_psoc6_02_cm4.o


    Execution Region RW_RAM_DATA (Base: 0x080022e0, Size: 0x00000548, Max: 0xffffffff, ABSOLUTE)

    Base Addr    Size         Type   Attr      Idx    E Section Name        Object

    0x080022e0   0x00000004   Data   RW          206    .ARM.use_no_argv    main.o
    0x080022e4   0x00000008   Data   RW         4219    .cy_sharedmem       cy_ipc_sema.o
    0x080022ec   0x00000004   Data   RW         6212    .data               c_w.l(stdio_streams.o)
    0x080022f0   0x00000004   Data   RW         6213    .data               c_w.l(stdio_streams.o)
    0x080022f4   0x00000004   Data   RW         6214    .data               c_w.l(stdio_streams.o)
    0x080022f8   0x00000018   Data   RW          178    .data..L_MergedGlobals  system_psoc6_cm4.o
    0x08002310   0x00000078   Data   RW         2431    .data..L_MergedGlobals  cyhal_syspm.o
    0x08002388   0x00000008   Data   RW         2427    .data._cyhal_syspm_cb_params_deepsleep  cyhal_syspm.o
    0x08002390   0x00000008   Data   RW         2428    .data._cyhal_syspm_cb_params_hibernate  cyhal_syspm.o
    0x08002398   0x00000008   Data   RW         2429    .data._cyhal_syspm_cb_params_lp  cyhal_syspm.o
    0x080023a0   0x00000008   Data   RW         2426    .data._cyhal_syspm_cb_params_sleep  cyhal_syspm.o
    0x080023a8   0x00000008   Data   RW         2430    .data._cyhal_syspm_cb_params_ulp  cyhal_syspm.o
    0x080023b0   0x0000001c   Data   RW         2423    .data._cyhal_syspm_cb_ulp  cyhal_syspm.o
    0x080023cc   0x0000001c   Data   RW          191    .data.cybsp_register_sysclk_pm_callback.cybsp_sysclk_pm_callback  cybsp.o
    0x080023e8   0x00000054   Zero   RW         6209    .bss                c_w.l(stdio_streams.o)
    0x0800243c   0x00000054   Zero   RW         6210    .bss                c_w.l(stdio_streams.o)
    0x08002490   0x00000054   Zero   RW         6211    .bss                c_w.l(stdio_streams.o)
    0x080024e4   0x00000060   Zero   RW         6418    .bss                c_w.l(libspace.o)
    0x08002544   0x00000014   Zero   RW         5513    .bss..L_MergedGlobals  cy_sysclk.o
    0x08002558   0x00000058   Zero   RW         5737    .bss..L_MergedGlobals  cy_syspm.o
    0x080025b0   0x00000004   Zero   RW         2432    .bss..L_MergedGlobals.1  cyhal_syspm.o
    0x080025b4   0x00000014   Zero   RW         5776    .bss.Cy_SysTick_Callbacks  cy_systick.o
    0x080025c8   0x00000160   Zero   RW          174    .bss.SystemInit.systemIpcPipeEpArray  system_psoc6_cm4.o
    0x08002728   0x00000020   Zero   RW          175    .bss.SystemInit.systemIpcPipeSysCbArray  system_psoc6_cm4.o
    0x08002748   0x00000001   Zero   RW         2149    .bss.__cyhal_scb_pm_transition_pending_value  cyhal_scb_common.o
    0x08002749   0x00000003   PAD
    0x0800274c   0x00000004   Zero   RW         2425    .bss._cyhal_syspm_supply_voltages  cyhal_syspm.o
    0x08002750   0x00000004   Zero   RW         2826    .bss.cy_device      cy_device.o
    0x08002754   0x00000004   Zero   RW         4194    .bss.cy_ipc_pipe_epArray  cy_ipc_pipe.o
    0x08002758   0x0000009c   Zero   RW         6049    .bss.cy_retarget_io_uart_obj  cy_retarget_io.o
    0x080027f4   0x00000004   Zero   RW         4220    .bss.cy_semaIpcStruct  cy_ipc_sema.o
    0x080027f8   0x00000008   Zero   RW          190    .bss.cybsp_register_sysclk_pm_callback.cybsp_sysclk_pm_callback_param  cybsp.o
    0x08002800   0x00000027   Zero   RW         1709    .bss.cyhal_used     cyhal_hwmgr.o


    Execution Region RW_IRAM1 (Base: 0x08002828, Size: 0x00000078, Max: 0xffffffff, ABSOLUTE, UNINIT)

    Base Addr    Size         Type   Attr      Idx    E Section Name        Object

    0x08002828   0x00000078   Data   RW         5574    .noinit             cy_syslib.o


    Execution Region ARM_LIB_HEAP (Base: 0x080028a0, Size: 0x000fbf60, Max: 0x000fbf60, ABSOLUTE)

    Base Addr    Size         Type   Attr      Idx    E Section Name        Object

    0x080028a0   0x000fbf60   Zero   RW            1    ARM_LIB_HEAP.bss    anon$$obj.o


    Execution Region ARM_LIB_STACK (Base: 0x080fe800, Size: 0x00001000, Max: 0x00001000, ABSOLUTE)

    Base Addr    Size         Type   Attr      Idx    E Section Name        Object

    0x080fe800   0x00001000   Zero   RW            2    ARM_LIB_STACK.bss   anon$$obj.o


    Execution Region ER_FLASH_VECTORS (Base: 0x10002000, Size: 0x000002e0, Max: 0xffffffff, ABSOLUTE)

    Base Addr    Size         Type   Attr      Idx    E Section Name        Object

    0x10002000   0x000002e0   Data   RO            3    RESET               startup_psoc6_02_cm4.o


    Execution Region ER_FLASH_CODE (Base: 0x100022e0, Size: 0x0000329c, Max: 0xffffffff, ABSOLUTE, FIXED)

    Base Addr    Size         Type   Attr      Idx    E Section Name        Object

    0x100022e0   0x00000008   Code   RO         6185  * !!!main             c_w.l(__main.o)
    0x100022e8   0x00000034   Code   RO         6536    !!!scatter          c_w.l(__scatter.o)
    0x1000231c   0x0000003a   Code   RO         6534    !!dczerorl          c_w.l(__dczerorl.o)
    0x10002356   0x00000002   PAD
    0x10002358   0x0000001a   Code   RO         6538    !!handler_copy      c_w.l(__scatter_copy.o)
    0x10002372   0x00000002   PAD
    0x10002374   0x0000001c   Code   RO         6540    !!handler_zi        c_w.l(__scatter_zi.o)
    0x10002390   0x00000000   Code   RO         6121    .ARM.Collect$$_printf_percent$$00000000  c_w.l(_printf_percent.o)
    0x10002390   0x00000006   Code   RO         6120    .ARM.Collect$$_printf_percent$$00000009  c_w.l(_printf_d.o)
    0x10002396   0x00000004   Code   RO         6208    .ARM.Collect$$_printf_percent$$00000017  c_w.l(_printf_percent_end.o)
    0x1000239a   0x00000002   Code   RO         6400    .ARM.Collect$$libinit$$00000000  c_w.l(libinit.o)
    0x1000239c   0x00000004   Code   RO         6220    .ARM.Collect$$libinit$$00000001  c_w.l(libinit2.o)
    0x100023a0   0x00000000   Code   RO         6223    .ARM.Collect$$libinit$$00000004  c_w.l(libinit2.o)
    0x100023a0   0x00000008   Code   RO         6469    .ARM.Collect$$libinit$$00000008  c_w.l(libinit5.o)
    0x100023a8   0x00000000   Code   RO         6226    .ARM.Collect$$libinit$$0000000A  c_w.l(libinit2.o)
    0x100023a8   0x00000000   Code   RO         6228    .ARM.Collect$$libinit$$0000000C  c_w.l(libinit2.o)
    0x100023a8   0x00000000   Code   RO         6230    .ARM.Collect$$libinit$$0000000E  c_w.l(libinit2.o)
    0x100023a8   0x00000000   Code   RO         6233    .ARM.Collect$$libinit$$00000011  c_w.l(libinit2.o)
    0x100023a8   0x00000000   Code   RO         6235    .ARM.Collect$$libinit$$00000013  c_w.l(libinit2.o)
    0x100023a8   0x00000000   Code   RO         6237    .ARM.Collect$$libinit$$00000015  c_w.l(libinit2.o)
    0x100023a8   0x00000000   Code   RO         6239    .ARM.Collect$$libinit$$00000017  c_w.l(libinit2.o)
    0x100023a8   0x00000000   Code   RO         6241    .ARM.Collect$$libinit$$00000019  c_w.l(libinit2.o)
    0x100023a8   0x00000000   Code   RO         6243    .ARM.Collect$$libinit$$0000001B  c_w.l(libinit2.o)
    0x100023a8   0x00000000   Code   RO         6245    .ARM.Collect$$libinit$$0000001D  c_w.l(libinit2.o)
    0x100023a8   0x00000000   Code   RO         6247    .ARM.Collect$$libinit$$0000001F  c_w.l(libinit2.o)
    0x100023a8   0x00000000   Code   RO         6249    .ARM.Collect$$libinit$$00000021  c_w.l(libinit2.o)
    0x100023a8   0x00000000   Code   RO         6251    .ARM.Collect$$libinit$$00000023  c_w.l(libinit2.o)
    0x100023a8   0x00000004   Code   RO         6252    .ARM.Collect$$libinit$$00000024  c_w.l(libinit2.o)
    0x100023ac   0x00000000   Code   RO         6253    .ARM.Collect$$libinit$$00000025  c_w.l(libinit2.o)
    0x100023ac   0x00000000   Code   RO         6257    .ARM.Collect$$libinit$$0000002C  c_w.l(libinit2.o)
    0x100023ac   0x00000000   Code   RO         6259    .ARM.Collect$$libinit$$0000002E  c_w.l(libinit2.o)
    0x100023ac   0x00000000   Code   RO         6261    .ARM.Collect$$libinit$$00000030  c_w.l(libinit2.o)
    0x100023ac   0x00000004   Code   RO         6262    .ARM.Collect$$libinit$$00000031  c_w.l(libinit2.o)
    0x100023b0   0x00000000   Code   RO         6263    .ARM.Collect$$libinit$$00000032  c_w.l(libinit2.o)
    0x100023b0   0x00000002   Code   RO         6264    .ARM.Collect$$libinit$$00000033  c_w.l(libinit2.o)
    0x100023b2   0x00000002   PAD
    0x100023b4   0x00000008   Code   RO         6470    .ARM.Collect$$libinit$$00002719  c_w.l(libinit5.o)
    0x100023bc   0x00000002   Code   RO         6515    .ARM.Collect$$libshutdown$$00000000  c_w.l(libshutdown.o)
    0x100023be   0x00000000   Code   RO         6402    .ARM.Collect$$libshutdown$$00000002  c_w.l(libshutdown2.o)
    0x100023be   0x00000004   Code   RO         6403    .ARM.Collect$$libshutdown$$00000003  c_w.l(libshutdown2.o)
    0x100023c2   0x00000000   Code   RO         6404    .ARM.Collect$$libshutdown$$00000004  c_w.l(libshutdown2.o)
    0x100023c2   0x00000000   Code   RO         6407    .ARM.Collect$$libshutdown$$00000007  c_w.l(libshutdown2.o)
    0x100023c2   0x00000000   Code   RO         6410    .ARM.Collect$$libshutdown$$0000000A  c_w.l(libshutdown2.o)
    0x100023c2   0x00000000   Code   RO         6412    .ARM.Collect$$libshutdown$$0000000C  c_w.l(libshutdown2.o)
    0x100023c2   0x00000000   Code   RO         6415    .ARM.Collect$$libshutdown$$0000000F  c_w.l(libshutdown2.o)
    0x100023c2   0x00000002   Code   RO         6416    .ARM.Collect$$libshutdown$$00000010  c_w.l(libshutdown2.o)
    0x100023c4   0x00000000   Code   RO         6195    .ARM.Collect$$rtentry$$00000000  c_w.l(__rtentry.o)
    0x100023c4   0x00000000   Code   RO         6270    .ARM.Collect$$rtentry$$00000002  c_w.l(__rtentry2.o)
    0x100023c4   0x00000004   Code   RO         6284    .ARM.Collect$$rtentry$$00000007  c_w.l(__rtentry7.o)
    0x100023c8   0x00000000   Code   RO         6272    .ARM.Collect$$rtentry$$00000009  c_w.l(__rtentry2.o)
    0x100023c8   0x00000004   Code   RO         6273    .ARM.Collect$$rtentry$$0000000A  c_w.l(__rtentry2.o)
    0x100023cc   0x00000000   Code   RO         6275    .ARM.Collect$$rtentry$$0000000C  c_w.l(__rtentry2.o)
    0x100023cc   0x00000008   Code   RO         6276    .ARM.Collect$$rtentry$$0000000D  c_w.l(__rtentry2.o)
    0x100023d4   0x00000004   Code   RO         6285    .ARM.Collect$$rtentry$$00002718  c_w.l(__rtentry7.o)
    0x100023d8   0x00000002   Code   RO         6424    .ARM.Collect$$rtexit$$00000000  c_w.l(rtexit.o)
    0x100023da   0x00000000   Code   RO         6475    .ARM.Collect$$rtexit$$00000002  c_w.l(rtexit2.o)
    0x100023da   0x00000004   Code   RO         6476    .ARM.Collect$$rtexit$$00000003  c_w.l(rtexit2.o)
    0x100023de   0x00000006   Code   RO         6477    .ARM.Collect$$rtexit$$00000004  c_w.l(rtexit2.o)
    0x100023e4   0x00000074   Code   RO            5    .text               startup_psoc6_02_cm4.o
    0x10002458   0x0000001e   Code   RO          214    .text               cy_syslib_mdk.o
    0x10002476   0x00000002   Code   RO         6083    .text               c_w.l(use_no_semi_2.o)
    0x10002478   0x000000f0   Code   RO         6085    .text               c_w.l(lludivv7m.o)
    0x10002568   0x00000018   Code   RO         6093    .text               c_w.l(noretval__2printf.o)
    0x10002580   0x00000068   Code   RO         6095    .text               c_w.l(__printf.o)
    0x100025e8   0x00000078   Code   RO         6097    .text               c_w.l(_printf_dec.o)
    0x10002660   0x0000004e   Code   RO         6128    .text               c_w.l(rt_memclr_w.o)
    0x100026ae   0x00000006   Code   RO         6183    .text               c_w.l(heapauxi.o)
    0x100026b4   0x00000024   Code   RO         6190    .text               c_w.l(init_aeabi.o)
    0x100026d8   0x00000002   Code   RO         6193    .text               c_w.l(use_no_semi.o)
    0x100026da   0x000000b2   Code   RO         6204    .text               c_w.l(_printf_intcommon.o)
    0x1000278c   0x00000024   Code   RO         6206    .text               c_w.l(_printf_char_file.o)
    0x100027b0   0x00000030   Code   RO         6291    .text               c_w.l(_printf_char_common.o)
    0x100027e0   0x00000008   Code   RO         6293    .text               c_w.l(ferror.o)
    0x100027e8   0x00000138   Code   RO         6295    .text               c_w.l(initio.o)
    0x10002920   0x0000004e   Code   RO         6314    .text               c_w.l(h1_free.o)
    0x1000296e   0x00000046   Code   RO         6370    .text               c_w.l(setvbuf.o)
    0x100029b4   0x000000f0   Code   RO         6373    .text               c_w.l(fopen.o)
    0x10002aa4   0x0000004c   Code   RO         6375    .text               c_w.l(fclose.o)
    0x10002af0   0x00000012   Code   RO         6381    .text               c_w.l(exit.o)
    0x10002b02   0x0000000e   Code   RO         6387    .text               c_w.l(defsig_rtred_outer.o)
    0x10002b10   0x00000008   Code   RO         6431    .text               c_w.l(rt_heap_descriptor_intlibspace.o)
    0x10002b18   0x00000004   Code   RO         6433    .text               c_w.l(hguard.o)
    0x10002b1c   0x0000008a   Code   RO         6437    .text               c_w.l(init_alloc.o)
    0x10002ba6   0x0000005e   Code   RO         6443    .text               c_w.l(h1_alloc.o)
    0x10002c04   0x000000f8   Code   RO         6455    .text               c_w.l(fseek.o)
    0x10002cfc   0x000000f0   Code   RO         6457    .text               c_w.l(stdio.o)
    0x10002dec   0x0000000a   Code   RO         6459    .text               c_w.l(defsig_exit.o)
    0x10002df6   0x00000002   PAD
    0x10002df8   0x00000034   Code   RO         6463    .text               c_w.l(defsig_rtred_inner.o)
    0x10002e2c   0x0000000e   Code   RO         6465    .text               c_w.l(defsig_rtmem_outer.o)
    0x10002e3a   0x00000000   Code   RO         6481    .text               c_w.l(maybetermalloc1.o)
    0x10002e3a   0x0000000e   Code   RO         6483    .text               c_w.l(h1_init.o)
    0x10002e48   0x00000034   Code   RO         6485    .text               c_w.l(h1_extend.o)
    0x10002e7c   0x00000042   Code   RO         6491    .text               c_w.l(ftell.o)
    0x10002ebe   0x00000032   Code   RO         6495    .text               c_w.l(defsig_general.o)
    0x10002ef0   0x00000050   Code   RO         6497    .text               c_w.l(defsig_rtmem_inner.o)
    0x10002f40   0x00000008   Code   RO         6507    .text               c_w.l(rt_errno_addr_intlibspace.o)
    0x10002f48   0x00000004   Code   RO           20    .text.AES128_ECB_encrypt  aes_lib.o
    0x10002f4c   0x00000048   Code   RO         4050    .text.Cy_GPIO_Pin_FastInit  cy_gpio.o
    0x10002f94   0x000000ec   Code   RO         4034    .text.Cy_GPIO_Pin_Init  cy_gpio.o
    0x10003080   0x00000018   Code   RO         4036    .text.Cy_GPIO_SetDrivemode  cy_gpio.o
    0x10003098   0x00000040   Code   RO         4038    .text.Cy_GPIO_SetHSIOM  cy_gpio.o
    0x100030d8   0x00000018   Code   RO         4040    .text.Cy_GPIO_SetInterruptEdge  cy_gpio.o
    0x100030f0   0x00000018   Code   RO         4044    .text.Cy_GPIO_SetVtrip  cy_gpio.o
    0x10003108   0x0000001c   Code   RO         4154    .text.Cy_IPC_Drv_LockRelease  cy_ipc_drv.o
    0x10003124   0x0000001c   Code   RO         4158    .text.Cy_IPC_Drv_ReadMsgWord  cy_ipc_drv.o
    0x10003140   0x0000001c   Code   RO         4156    .text.Cy_IPC_Drv_SendMsgWord  cy_ipc_drv.o
    0x1000315c   0x0000000c   Code   RO         4172    .text.Cy_IPC_Pipe_Config  cy_ipc_pipe.o
    0x10003168   0x00000054   Code   RO         4176    .text.Cy_IPC_Pipe_EndpointInit  cy_ipc_pipe.o
    0x100031bc   0x00000084   Code   RO         4188    .text.Cy_IPC_Pipe_ExecCallback  cy_ipc_pipe.o
    0x10003240   0x00000014   Code   RO         4186    .text.Cy_IPC_Pipe_ExecuteCallback  cy_ipc_pipe.o
    0x10003254   0x00000050   Code   RO         4174    .text.Cy_IPC_Pipe_Init  cy_ipc_pipe.o
    0x100032a4   0x0000003c   Code   RO         4203    .text.Cy_IPC_Sema_Init  cy_ipc_sema.o
    0x100032e0   0x00000064   Code   RO         4205    .text.Cy_IPC_Sema_InitExt  cy_ipc_sema.o
    0x10003344   0x00000008   Code   RO         2820    .text.Cy_PDL_Init   cy_device.o
    0x1000334c   0x00000018   Code   RO         4337    .text.Cy_Prot_GetActivePC  cy_prot.o
    0x10003364   0x00000022   Code   RO         4633    .text.Cy_SCB_Write  cy_scb_common.o
    0x10003386   0x00000002   PAD
    0x10003388   0x00000010   Code   RO         5328    .text.Cy_SysClk_ClkBakSetSource  cy_sysclk.o
    0x10003398   0x00000014   Code   RO         5358    .text.Cy_SysClk_ClkFastGetDivider  cy_sysclk.o
    0x100033ac   0x00000010   Code   RO         5360    .text.Cy_SysClk_ClkFastSetDivider  cy_sysclk.o
    0x100033bc   0x00000028   Code   RO         5350    .text.Cy_SysClk_ClkHfGetFrequency  cy_sysclk.o
    0x100033e4   0x0000000c   Code   RO         5370    .text.Cy_SysClk_ClkHfGetSource  cy_sysclk.o
    0x100033f0   0x0000002c   Code   RO         5372    .text.Cy_SysClk_ClkHfSetDivider  cy_sysclk.o
    0x1000341c   0x00000030   Code   RO         5368    .text.Cy_SysClk_ClkHfSetSource  cy_sysclk.o
    0x1000344c   0x00000010   Code   RO         5346    .text.Cy_SysClk_ClkLfSetSource  cy_sysclk.o
    0x1000345c   0x00000030   Code   RO         5326    .text.Cy_SysClk_ClkPathGetFrequency  cy_sysclk.o
    0x1000348c   0x00000020   Code   RO         5442    .text.Cy_SysClk_ClkPathGetSource  cy_sysclk.o
    0x100034ac   0x00000090   Code   RO         5444    .text.Cy_SysClk_ClkPathMuxGetFrequency  cy_sysclk.o
    0x1000353c   0x00000044   Code   RO         5440    .text.Cy_SysClk_ClkPathSetSource  cy_sysclk.o
    0x10003580   0x00000014   Code   RO         5352    .text.Cy_SysClk_ClkPeriGetDivider  cy_sysclk.o
    0x10003594   0x00000018   Code   RO         5354    .text.Cy_SysClk_ClkPeriSetDivider  cy_sysclk.o
    0x100035ac   0x00000014   Code   RO         5308    .text.Cy_SysClk_ClkSlowSetDivider  cy_sysclk.o
    0x100035c0   0x00000228   Code   RO         5494    .text.Cy_SysClk_DeepSleepCallback  cy_sysclk.o
    0x100037e8   0x00000020   Code   RO         5454    .text.Cy_SysClk_FllDisable  cy_sysclk.o
    0x10003808   0x0000006c   Code   RO         5462    .text.Cy_SysClk_FllEnable  cy_sysclk.o
    0x10003874   0x00000048   Code   RO         5460    .text.Cy_SysClk_FllGetConfiguration  cy_sysclk.o
    0x100038bc   0x00000068   Code   RO         5446    .text.Cy_SysClk_FllGetFrequency  cy_sysclk.o
    0x10003924   0x00000070   Code   RO         5458    .text.Cy_SysClk_FllManualConfigure  cy_sysclk.o
    0x10003994   0x00000024   Code   RO         5422    .text.Cy_SysClk_IloDisable  cy_sysclk.o
    0x100039b8   0x00000008   Code   RO         5418    .text.Cy_SysClk_IloEnable  cy_sysclk.o
    0x100039c0   0x00000014   Code   RO         5424    .text.Cy_SysClk_IloHibernateOn  cy_sysclk.o
    0x100039d4   0x00000010   Code   RO          145    .text.Cy_SysClk_IloInit  cycfg_system.o
    0x100039e4   0x00000054   Code   RO         5290    .text.Cy_SysClk_PeriphAssignDivider  cy_sysclk.o
    0x10003a38   0x00000048   Code   RO         5296    .text.Cy_SysClk_PeriphDisableDivider  cy_sysclk.o
    0x10003a80   0x00000064   Code   RO         5294    .text.Cy_SysClk_PeriphEnableDivider  cy_sysclk.o
    0x10003ae4   0x00000054   Code   RO         5282    .text.Cy_SysClk_PeriphSetDivider  cy_sysclk.o
    0x10003b38   0x00000038   Code   RO         5470    .text.Cy_SysClk_PllDisable  cy_sysclk.o
    0x10003b70   0x0000008c   Code   RO         5478    .text.Cy_SysClk_PllEnable  cy_sysclk.o
    0x10003bfc   0x0000003c   Code   RO         5474    .text.Cy_SysClk_PllGetConfiguration  cy_sysclk.o
    0x10003c38   0x0000007c   Code   RO         5448    .text.Cy_SysClk_PllGetFrequency  cy_sysclk.o
    0x10003cb4   0x00000090   Code   RO         5476    .text.Cy_SysClk_PllManualConfigure  cy_sysclk.o
    0x10003d44   0x00000034   Code   RO         5394    .text.Cy_SysClk_WcoEnable  cy_sysclk.o
    0x10003d78   0x00000044   Code   RO         5526    .text.Cy_SysInt_Init  cy_sysint.o
    0x10003dbc   0x0000002c   Code   RO         5528    .text.Cy_SysInt_SetVector  cy_sysint.o
    0x10003de8   0x00000006   Code   RO          169    .text.Cy_SysIpcPipeIsrCm4  system_psoc6_cm4.o
    0x10003dee   0x00000002   PAD
    0x10003df0   0x00000010   Code   RO         5544    .text.Cy_SysLib_DelayUs  cy_syslib.o
    0x10003e00   0x0000009c   Code   RO         5564    .text.Cy_SysLib_FaultHandler  cy_syslib.o
    0x10003e9c   0x00000014   Code   RO         5572    .text.Cy_SysLib_GetDevice  cy_syslib.o
    0x10003eb0   0x00000014   Code   RO         5570    .text.Cy_SysLib_GetDeviceRevision  cy_syslib.o
    0x10003ec4   0x00000030   Code   RO         5558    .text.Cy_SysLib_GetResetReason  cy_syslib.o
    0x10003ef4   0x00000004   Code   RO         5566    .text.Cy_SysLib_ProcessingFault  cy_syslib.o
    0x10003ef8   0x0000001c   Code   RO         5556    .text.Cy_SysLib_ResetBackupDomain  cy_syslib.o
    0x10003f14   0x000000ac   Code   RO         5568    .text.Cy_SysLib_SetWaitStates  cy_syslib.o
    0x10003fc0   0x00000090   Code   RO         5607    .text.Cy_SysPm_LdoSetVoltage  cy_syspm.o
    0x10004050   0x00000020   Code   RO         5701    .text.Cy_SysPm_PmicDisableOutput  cy_syspm.o
    0x10004070   0x00000014   Code   RO         5705    .text.Cy_SysPm_PmicUnlock  cy_syspm.o
    0x10004084   0x00000070   Code   RO         5653    .text.Cy_SysPm_RegisterCallback  cy_syspm.o
    0x100040f4   0x00000020   Code   RO         5647    .text.Cy_SysPm_SystemIsMinRegulatorCurrentSet  cy_syspm.o
    0x10004114   0x0000007c   Code   RO         5615    .text.Cy_SysPm_SystemSetNormalRegulatorCurrent  cy_syspm.o
    0x10004190   0x000000b0   Code   RO         5627    .text.Cy_SysPm_WriteVoltageBitForFlash  cy_syspm.o
    0x10004240   0x00000014   Code   RO         5766    .text.Cy_SysTick_Enable  cy_systick.o
    0x10004254   0x0000000c   Code   RO         5754    .text.Cy_SysTick_GetValue  cy_systick.o
    0x10004260   0x00000048   Code   RO         5760    .text.Cy_SysTick_Init  cy_systick.o
    0x100042a8   0x00000024   Code   RO         5762    .text.Cy_SysTick_ServiceCallbacks  cy_systick.o
    0x100042cc   0x00000030   Code   RO         5764    .text.Cy_SysTick_SetClockSource  cy_systick.o
    0x100042fc   0x00000002   Code   RO          165    .text.Cy_SystemInit  system_psoc6_cm4.o
    0x100042fe   0x00000002   PAD
    0x10004300   0x00000024   Code   RO          171    .text.Cy_SystemInitFpuEnable  system_psoc6_cm4.o
    0x10004324   0x0000006c   Code   RO         5625    .text.IsVoltageChangePossible  cy_syspm.o
    0x10004390   0x00000020   Code   RO         5723    .text.OUTLINED_FUNCTION_0  cy_syspm.o
    0x100043b0   0x0000000c   Code   RO         4120    .text.OUTLINED_FUNCTION_1  cy_gpio.o
    0x100043bc   0x00000006   Code   RO         4217    .text.OUTLINED_FUNCTION_1  cy_ipc_sema.o
    0x100043c2   0x00000006   Code   RO         5502    .text.OUTLINED_FUNCTION_1  cy_sysclk.o
    0x100043c8   0x00000020   Code   RO         5725    .text.OUTLINED_FUNCTION_1  cy_syspm.o
    0x100043e8   0x0000000e   Code   RO         5504    .text.OUTLINED_FUNCTION_2  cy_sysclk.o
    0x100043f6   0x0000000a   Code   RO         5727    .text.OUTLINED_FUNCTION_2  cy_syspm.o
    0x10004400   0x0000000a   Code   RO         5508    .text.OUTLINED_FUNCTION_4  cy_sysclk.o
    0x1000440a   0x0000000a   Code   RO         4128    .text.OUTLINED_FUNCTION_5  cy_gpio.o
    0x10004414   0x00000020   Code   RO         5635    .text.SetReadMarginTrimLp  cy_syspm.o
    0x10004434   0x00000020   Code   RO         5629    .text.SetReadMarginTrimUlp  cy_syspm.o
    0x10004454   0x00000030   Code   RO         5631    .text.SetWriteAssistTrimLp  cy_syspm.o
    0x10004484   0x00000040   Code   RO         5633    .text.SetWriteAssistTrimUlp  cy_syspm.o
    0x100044c4   0x0000004c   Code   RO          167    .text.SystemCoreClockUpdate  system_psoc6_cm4.o
    0x10004510   0x00000038   Code   RO          163    .text.SystemInit    system_psoc6_cm4.o
    0x10004548   0x0000001c   Code   RO         4178    .text.__NVIC_EnableIRQ  cy_ipc_pipe.o
    0x10004564   0x00000094   Code   RO         1705    .text._cyhal_get_bit_position  cyhal_hwmgr.o
    0x100045f8   0x00000032   Code   RO         1703    .text._cyhal_get_block_offset_length  cyhal_hwmgr.o
    0x1000462a   0x00000002   PAD
    0x1000462c   0x00000058   Code   RO         1701    .text._cyhal_get_block_offsets  cyhal_hwmgr.o
    0x10004684   0x0000000c   Code   RO         2139    .text._cyhal_scb_pm_transition_pending  cyhal_scb_common.o
    0x10004690   0x0000002c   Code   RO         2421    .text._cyhal_syspm_backtrack_all_pm_callbacks  cyhal_syspm.o
    0x100046bc   0x00000048   Code   RO         2419    .text._cyhal_syspm_call_all_pm_callbacks  cyhal_syspm.o
    0x10004704   0x0000012c   Code   RO         2417    .text._cyhal_syspm_common_cb  cyhal_syspm.o
    0x10004830   0x00000012   Code   RO         2766    .text._cyhal_utils_convert_pdltohal_pm_mode  cyhal_utils_psoc.o
    0x10004842   0x00000004   Code   RO         6024    .text._sys_close    cy_retarget_io.o
    0x10004846   0x00000002   Code   RO         6038    .text._sys_exit     cy_retarget_io.o
    0x10004848   0x00000004   Code   RO         6036    .text._sys_flen     cy_retarget_io.o
    0x1000484c   0x00000004   Code   RO         6032    .text._sys_istty    cy_retarget_io.o
    0x10004850   0x00000004   Code   RO         6022    .text._sys_open     cy_retarget_io.o
    0x10004854   0x00000006   Code   RO         6034    .text._sys_seek     cy_retarget_io.o
    0x1000485a   0x00000004   Code   RO         6026    .text._sys_write    cy_retarget_io.o
    0x1000485e   0x00000002   Code   RO         6030    .text._ttywrch      cy_retarget_io.o
    0x10004860   0x0000001e   Code   RO           10    .text.addRoundKey   aes_lib.o
    0x1000487e   0x00000002   PAD
    0x10004880   0x00000040   Code   RO          188    .text.cybsp_init    cybsp.o
    0x100048c0   0x00000002   Code   RO          141    .text.cycfg_ClockStartupError  cycfg_system.o
    0x100048c2   0x00000004   Code   RO         1691    .text.cyhal_hwmgr_init  cyhal_hwmgr.o
    0x100048c6   0x00000002   PAD
    0x100048c8   0x00000074   Code   RO         1693    .text.cyhal_hwmgr_reserve  cyhal_hwmgr.o
    0x1000493c   0x00000048   Code   RO         2397    .text.cyhal_syspm_init  cyhal_syspm.o
    0x10004984   0x0000000c   Code   RO         2413    .text.cyhal_syspm_set_supply_voltage  cyhal_syspm.o
    0x10004990   0x00000028   Code   RO         2582    .text.cyhal_uart_putc  cyhal_uart.o
    0x100049b8   0x0000001c   Code   RO         6018    .text.fputc         cy_retarget_io.o
    0x100049d4   0x0000003c   Code   RO           18    .text.gen_cipher    aes_lib.o
    0x10004a10   0x0000001a   Code   RO           32    .text.init_cycfg_all  cycfg.o
    0x10004a2a   0x00000002   PAD
    0x10004a2c   0x0000002c   Code   RO           56    .text.init_cycfg_clocks  cycfg_clocks.o
    0x10004a58   0x0000000a   Code   RO           66    .text.init_cycfg_peripherals  cycfg_peripherals.o
    0x10004a62   0x00000002   PAD
    0x10004a64   0x000000d8   Code   RO           75    .text.init_cycfg_pins  cycfg_pins.o
    0x10004b3c   0x00000010   Code   RO          133    .text.init_cycfg_routing  cycfg_routing.o
    0x10004b4c   0x000001e0   Code   RO          143    .text.init_cycfg_system  cycfg_system.o
    0x10004d2c   0x000000f0   Code   RO            8    .text.keyExpansion  aes_lib.o
    0x10004e1c   0x00000024   Code   RO          203    .text.main          main.o
    0x10004e40   0x00000096   Code   RO           16    .text.mixColumns    aes_lib.o
    0x10004ed6   0x0000004c   Code   RO           14    .text.shiftRows     aes_lib.o
    0x10004f22   0x00000002   PAD
    0x10004f24   0x0000001c   Code   RO           12    .text.subBytes      aes_lib.o
    0x10004f40   0x00000104   Code   RO          201    .text.test_Aes      main.o
    0x10005044   0x0000001a   Code   RO         6303    x$fpl$fpinit        fz_wm.l(fpinit.o)
    0x1000505e   0x00000004   Data   RO         6305    .constdata          c_w.l(sys_io_names.o)
    0x10005062   0x00000004   Data   RO         6306    .constdata          c_w.l(sys_io_names.o)
    0x10005066   0x00000004   Data   RO         6307    .constdata          c_w.l(sys_io_names.o)
    0x1000506a   0x00000003   Data   RO           90    .rodata.CYBSP_CINA_obj  cycfg_pins.o
    0x1000506d   0x00000003   Data   RO           92    .rodata.CYBSP_CINB_obj  cycfg_pins.o
    0x10005070   0x00000003   Data   RO           94    .rodata.CYBSP_CMOD_obj  cycfg_pins.o
    0x10005073   0x00000003   Data   RO           96    .rodata.CYBSP_CSD_BTN0_obj  cycfg_pins.o
    0x10005076   0x00000003   Data   RO           98    .rodata.CYBSP_CSD_BTN1_obj  cycfg_pins.o
    0x10005079   0x00000003   Data   RO           58    .rodata.CYBSP_CSD_CLK_DIV_obj  cycfg_clocks.o
    0x1000507c   0x00000003   Data   RO          100    .rodata.CYBSP_CSD_SLD0_obj  cycfg_pins.o
    0x1000507f   0x00000003   Data   RO          102    .rodata.CYBSP_CSD_SLD1_obj  cycfg_pins.o
    0x10005082   0x00000003   Data   RO          104    .rodata.CYBSP_CSD_SLD2_obj  cycfg_pins.o
    0x10005085   0x00000003   Data   RO          106    .rodata.CYBSP_CSD_SLD3_obj  cycfg_pins.o
    0x10005088   0x00000003   Data   RO          108    .rodata.CYBSP_CSD_SLD4_obj  cycfg_pins.o
    0x1000508b   0x00000003   Data   RO           82    .rodata.CYBSP_CSD_TX_obj  cycfg_pins.o
    0x1000508e   0x00000002   PAD
    0x10005090   0x00000034   Data   RO           87    .rodata.CYBSP_SWDCK_config  cycfg_pins.o
    0x100050c4   0x00000003   Data   RO           88    .rodata.CYBSP_SWDCK_obj  cycfg_pins.o
    0x100050c7   0x00000001   PAD
    0x100050c8   0x00000034   Data   RO           85    .rodata.CYBSP_SWDIO_config  cycfg_pins.o
    0x100050fc   0x00000003   Data   RO           86    .rodata.CYBSP_SWDIO_obj  cycfg_pins.o
    0x100050ff   0x00000001   PAD
    0x10005100   0x00000034   Data   RO           83    .rodata.CYBSP_SWO_config  cycfg_pins.o
    0x10005134   0x00000003   Data   RO           84    .rodata.CYBSP_SWO_obj  cycfg_pins.o
    0x10005137   0x00000001   PAD
    0x10005138   0x00000034   Data   RO           77    .rodata.CYBSP_WCO_IN_config  cycfg_pins.o
    0x1000516c   0x00000003   Data   RO           78    .rodata.CYBSP_WCO_IN_obj  cycfg_pins.o
    0x1000516f   0x00000001   PAD
    0x10005170   0x00000034   Data   RO           79    .rodata.CYBSP_WCO_OUT_config  cycfg_pins.o
    0x100051a4   0x00000003   Data   RO           80    .rodata.CYBSP_WCO_OUT_obj  cycfg_pins.o
    0x100051a7   0x000000ff   Data   RO           22    .rodata.Rcon        aes_lib.o
    0x100052a6   0x00000002   PAD
    0x100052a8   0x00000034   Data   RO          176    .rodata.SystemInit.systemIpcPipeConfigCm4  system_psoc6_cm4.o
    0x100052dc   0x000000c0   Data   RO         2823    .rodata.cy_deviceIpBlockCfgPSoC6_02  cy_device.o
    0x1000539c   0x00000001   Data   RO         1711    .rodata.cyhal_block_offsets_can  cyhal_hwmgr.o
    0x1000539d   0x0000001a   Data   RO         1712    .rodata.cyhal_block_offsets_clock  cyhal_hwmgr.o
    0x100053b7   0x00000001   Data   RO         1713    .rodata.cyhal_block_offsets_dma  cyhal_hwmgr.o
    0x100053b8   0x00000002   Data   RO         1714    .rodata.cyhal_block_offsets_dw  cyhal_hwmgr.o
    0x100053ba   0x00000010   Data   RO         1716    .rodata.cyhal_block_offsets_gpio  cyhal_hwmgr.o
    0x100053ca   0x00000002   Data   RO         1717    .rodata.cyhal_block_offsets_tcpwm  cyhal_hwmgr.o
    0x100053cc   0x00000001   Data   RO         1715    .rodata.cyhal_block_offsets_tdm  cyhal_hwmgr.o
    0x100053cd   0x00000001   PAD
    0x100053ce   0x0000003c   Data   RO         1710    .rodata.cyhal_resource_offsets  cyhal_hwmgr.o
    0x1000540a   0x00000100   Data   RO           23    .rodata.sbox        aes_lib.o
    0x1000550a   0x00000002   PAD
    0x1000550c   0x00000014   Data   RO          153    .rodata.srss_0_clock_0_fll_0_fllConfig  cycfg_system.o
    0x10005520   0x00000003   Data   RO          147    .rodata.srss_0_clock_0_pathmux_0_obj  cycfg_system.o
    0x10005523   0x00000003   Data   RO          148    .rodata.srss_0_clock_0_pathmux_1_obj  cycfg_system.o
    0x10005526   0x00000003   Data   RO          149    .rodata.srss_0_clock_0_pathmux_2_obj  cycfg_system.o
    0x10005529   0x00000003   Data   RO          150    .rodata.srss_0_clock_0_pathmux_3_obj  cycfg_system.o
    0x1000552c   0x00000003   Data   RO          151    .rodata.srss_0_clock_0_pathmux_4_obj  cycfg_system.o
    0x1000552f   0x00000003   Data   RO          152    .rodata.srss_0_clock_0_pathmux_5_obj  cycfg_system.o
    0x10005532   0x00000005   Data   RO          154    .rodata.srss_0_clock_0_pll_0_pllConfig  cycfg_system.o
    0x10005537   0x00000011   Data   RO          205    .rodata.str1.1      main.o
    0x10005548   0x00000030   Data   RO         6533    Region$$Table       anon$$obj.o
    0x10005578   0x00000004   Data   RO          177    .init_array         system_psoc6_cm4.o
    0x1000557c   0x00000000   Data   RO         6188    .init_array         c_w.l(init_aeabi.o)


    Execution Region .cy_app_signature (Base: 0x101fff00, Size: 0x00000000, Max: 0x00000100, ABSOLUTE)

    **** No section assigned to this execution region ****



  Load Region LR_EM_EEPROM (Base: 0x14000000, Size: 0x00000000, Max: 0x00008000, ABSOLUTE)

    Execution Region .cy_em_eeprom (Base: 0x14000000, Size: 0x00000000, Max: 0xffffffff, ABSOLUTE)

    **** No section assigned to this execution region ****



  Load Region LR_SFLASH_USER_DATA (Base: 0x16000800, Size: 0x00000000, Max: 0x00000800, ABSOLUTE)

    Execution Region .cy_sflash_user_data (Base: 0x16000800, Size: 0x00000000, Max: 0xffffffff, ABSOLUTE)

    **** No section assigned to this execution region ****



  Load Region LR_SFLASH_NAR (Base: 0x16001a00, Size: 0x00000000, Max: 0x00000200, ABSOLUTE)

    Execution Region .cy_sflash_nar (Base: 0x16001a00, Size: 0x00000000, Max: 0xffffffff, ABSOLUTE)

    **** No section assigned to this execution region ****



  Load Region LR_SFLASH_PUBLIC_KEY (Base: 0x16005a00, Size: 0x00000000, Max: 0x00000c00, ABSOLUTE)

    Execution Region .cy_sflash_public_key (Base: 0x16005a00, Size: 0x00000000, Max: 0xffffffff, ABSOLUTE)

    **** No section assigned to this execution region ****



  Load Region LR_SFLASH_TOC_2 (Base: 0x16007c00, Size: 0x00000000, Max: 0x00000200, ABSOLUTE)

    Execution Region .cy_toc_part2 (Base: 0x16007c00, Size: 0x00000000, Max: 0xffffffff, ABSOLUTE)

    **** No section assigned to this execution region ****



  Load Region LR_SFLASH_RTOC_2 (Base: 0x16007e00, Size: 0x00000000, Max: 0x00000200, ABSOLUTE)

    Execution Region .cy_rtoc_part2 (Base: 0x16007e00, Size: 0x00000000, Max: 0xffffffff, ABSOLUTE)

    **** No section assigned to this execution region ****



  Load Region LR_EROM (Base: 0x18000000, Size: 0x00000000, Max: 0x08000000, ABSOLUTE)

    Execution Region cy_xip (Base: 0x18000000, Size: 0x00000000, Max: 0xffffffff, ABSOLUTE)

    **** No section assigned to this execution region ****



  Load Region LR_EFUSE (Base: 0x90700000, Size: 0x00000000, Max: 0x00100000, ABSOLUTE)

    Execution Region .cy_efuse (Base: 0x90700000, Size: 0x00000000, Max: 0xffffffff, ABSOLUTE)

    **** No section assigned to this execution region ****



  Load Region CYMETA (Base: 0x90500000, Size: 0x00000000, Max: 0xffffffff, ABSOLUTE)

    Execution Region .cymeta (Base: 0x90500000, Size: 0x00000000, Max: 0xffffffff, ABSOLUTE)

    **** No section assigned to this execution region ****


==============================================================================

Image component sizes


      Code (inc. data)   RO Data    RW Data    ZI Data      Debug   

      8590        764       8258        372    1037604     646018   Object Totals
         0          0         48          0    1036128          0   (incl. Generated)
        18          0         11          0          4          0   (incl. Padding)
      3056        226         12         12        348       3348   Library Totals
         8          0          0          0          0          0   (incl. Padding)

==============================================================================


      Code (inc. data)   RO Data    RW Data    ZI Data      Debug   

     11646        990       8270        384    1037952     647078   Grand Totals
     11646        990       8270        384    1037952     647078   ELF Image Totals
     11646        990       8270        384          0          0   ROM Totals

==============================================================================

    Total RO  Size (Code + RO Data)                19916 (  19.45kB)
    Total RW  Size (RW Data + ZI Data)           1038336 (1014.00kB)
    Total ROM Size (Code + RO Data + RW Data)      20300 (  19.82kB)

==============================================================================

