Component: ARM Compiler 6.16 Tool: armlink [5dfeaa00]

==============================================================================

Memory Map of the image

  Image Entry point : 0x100022e1

  Load Region LR_IROM (Base: 0x10000000, Size: 0x00001850, Max: 0x00002000, ABSOLUTE)

    Execution Region .cy_m0p_image (Base: 0x10000000, Size: 0x00001850, Max: 0x00002000, ABSOLUTE)

    Base Addr    Size         Type   Attr      Idx    E Section Name        Object

    0x10000000   0x00001850   Data   RO         7569    .cy_m0p_image       psoc6_02_cm0p_sleep.o



  Load Region LR_IROM1 (Base: 0x10002000, Size: 0x0000441c, Max: 0x001fe000, ABSOLUTE)

    Execution Region ER_RAM_VECTORS (Base: 0x08002000, Size: 0x000002e0, Max: 0xffffffff, ABSOLUTE, UNINIT)

    Base Addr    Size         Type   Attr      Idx    E Section Name        Object

    0x08002000   0x000002e0   Zero   RW            4    RESET_RAM           startup_psoc6_02_cm4.o


    Execution Region RW_RAM_DATA (Base: 0x080022e0, Size: 0x000005c0, Max: 0xffffffff, ABSOLUTE)

    Base Addr    Size         Type   Attr      Idx    E Section Name        Object

    0x080022e0   0x00000004   Data   RW          255    .ARM.use_no_argv    main.o
    0x080022e4   0x00000008   Data   RW         5264    .cy_sharedmem       cy_ipc_sema.o
    0x080022ec   0x00000004   Data   RW         7777    .data               c_w.l(stdio_streams.o)
    0x080022f0   0x00000004   Data   RW         7778    .data               c_w.l(stdio_streams.o)
    0x080022f4   0x00000004   Data   RW         7779    .data               c_w.l(stdio_streams.o)
    0x080022f8   0x00000004   Data   RW          187    .data.SystemCoreClock  system_psoc6_cm4.o
    0x080022fc   0x00000004   Data   RW         3012    .data._cyhal_syspm_callback_ptr  cyhal_syspm.o
    0x08002300   0x0000001c   Data   RW         3007    .data._cyhal_syspm_cb_deepsleep  cyhal_syspm.o
    0x0800231c   0x0000001c   Data   RW         3008    .data._cyhal_syspm_cb_hibernate  cyhal_syspm.o
    0x08002338   0x0000001c   Data   RW         3009    .data._cyhal_syspm_cb_lp  cyhal_syspm.o
    0x08002354   0x00000008   Data   RW         3018    .data._cyhal_syspm_cb_params_deepsleep  cyhal_syspm.o
    0x0800235c   0x00000008   Data   RW         3019    .data._cyhal_syspm_cb_params_hibernate  cyhal_syspm.o
    0x08002364   0x00000008   Data   RW         3020    .data._cyhal_syspm_cb_params_lp  cyhal_syspm.o
    0x0800236c   0x00000008   Data   RW         3016    .data._cyhal_syspm_cb_params_sleep  cyhal_syspm.o
    0x08002374   0x00000008   Data   RW         3021    .data._cyhal_syspm_cb_params_ulp  cyhal_syspm.o
    0x0800237c   0x0000001c   Data   RW         3010    .data._cyhal_syspm_cb_ulp  cyhal_syspm.o
    0x08002398   0x00000004   Data   RW         3005    .data._cyhal_syspm_peripheral_callback_ptr  cyhal_syspm.o
    0x0800239c   0x00000004   Data   RW          188    .data.cy_Hfclk0FreqHz  system_psoc6_cm4.o
    0x080023a0   0x00000004   Data   RW          189    .data.cy_PeriClkFreqHz  system_psoc6_cm4.o
    0x080023a4   0x00000004   Data   RW          193    .data.cy_delay32kMs  system_psoc6_cm4.o
    0x080023a8   0x00000004   Data   RW          191    .data.cy_delayFreqKhz  system_psoc6_cm4.o
    0x080023ac   0x00000001   Data   RW          192    .data.cy_delayFreqMhz  system_psoc6_cm4.o
    0x080023ad   0x00000003   PAD
    0x080023b0   0x0000001c   Data   RW          212    .data.cybsp_register_sysclk_pm_callback.cybsp_sysclk_pm_callback  cybsp.o
    0x080023cc   0x0000001c   Data   RW         3006    .data.cyhal_syspm_cb_sleep  cyhal_syspm.o
    0x080023e8   0x00000054   Zero   RW         7774    .bss                c_w.l(stdio_streams.o)
    0x0800243c   0x00000054   Zero   RW         7775    .bss                c_w.l(stdio_streams.o)
    0x08002490   0x00000054   Zero   RW         7776    .bss                c_w.l(stdio_streams.o)
    0x080024e4   0x00000060   Zero   RW         7983    .bss                c_w.l(libspace.o)
    0x08002544   0x00000002   Zero   RW         6911    .bss.Cy_SysClk_DeepSleepCallback.changedSourcePaths  cy_sysclk.o
    0x08002546   0x00000002   Zero   RW         6912    .bss.Cy_SysClk_DeepSleepCallback.pllAutoModes  cy_sysclk.o
    0x08002548   0x00000014   Zero   RW         7183    .bss.Cy_SysTick_Callbacks  cy_systick.o
    0x0800255c   0x00000004   Zero   RW          251    .bss.Key            main.o
    0x08002560   0x000000b0   Zero   RW          249    .bss.RoundKey       main.o
    0x08002610   0x00000160   Zero   RW          194    .bss.SystemInit.systemIpcPipeEpArray  system_psoc6_cm4.o
    0x08002770   0x00000020   Zero   RW          195    .bss.SystemInit.systemIpcPipeSysCbArray  system_psoc6_cm4.o
    0x08002790   0x00000001   Zero   RW         2639    .bss.__cyhal_scb_pm_transition_pending_value  cyhal_scb_common.o
    0x08002791   0x00000001   PAD
    0x08002792   0x00000002   Zero   RW         3013    .bss._cyhal_deep_sleep_lock  cyhal_syspm.o
    0x08002794   0x00000001   Zero   RW         3014    .bss._cyhal_disable_systick_before_sleep_deepsleep  cyhal_syspm.o
    0x08002795   0x00000003   PAD
    0x08002798   0x00000004   Zero   RW         3015    .bss._cyhal_syspm_supply_voltages  cyhal_syspm.o
    0x0800279c   0x00000001   Zero   RW         3017    .bss._cyhal_systick_disable  cyhal_syspm.o
    0x0800279d   0x00000001   Zero   RW         6907    .bss.clkCounting    cy_sysclk.o
    0x0800279e   0x00000002   PAD
    0x080027a0   0x00000004   Zero   RW         6905    .bss.cySysClkExtFreq  cy_sysclk.o
    0x080027a4   0x00000004   Zero   RW         3627    .bss.cy_device      cy_device.o
    0x080027a8   0x00000004   Zero   RW         5233    .bss.cy_ipc_pipe_epArray  cy_ipc_pipe.o
    0x080027ac   0x000000a0   Zero   RW         7614    .bss.cy_retarget_io_uart_obj  cy_retarget_io.o
    0x0800284c   0x00000004   Zero   RW         5265    .bss.cy_semaIpcStruct  cy_ipc_sema.o
    0x08002850   0x00000008   Zero   RW          211    .bss.cybsp_register_sysclk_pm_callback.cybsp_sysclk_pm_callback_param  cybsp.o
    0x08002858   0x00000027   Zero   RW         2000    .bss.cyhal_used     cyhal_hwmgr.o
    0x0800287f   0x00000001   PAD
    0x08002880   0x00000004   Zero   RW         6906    .bss.ecoFrequency   cy_sysclk.o
    0x08002884   0x00000014   Zero   RW         7138    .bss.pmCallbackRoot  cy_syspm.o
    0x08002898   0x00000001   Zero   RW         6909    .bss.preventCounting  cy_sysclk.o
    0x08002899   0x00000003   PAD
    0x0800289c   0x00000004   Zero   RW          250    .bss.state          main.o


    Execution Region RW_IRAM1 (Base: 0x080028a0, Size: 0x00000094, Max: 0xffffffff, ABSOLUTE, UNINIT)

    Base Addr    Size         Type   Attr      Idx    E Section Name        Object

    0x080028a0   0x00000094   Data   RW         6981    .noinit             cy_syslib.o


    Execution Region ARM_LIB_HEAP (Base: 0x08002934, Size: 0x000fbec8, Max: 0x000fbec8, ABSOLUTE)

    Base Addr    Size         Type   Attr      Idx    E Section Name        Object

    0x08002934   0x000fbec8   Zero   RW            1    ARM_LIB_HEAP.bss    anon$$obj.o


    Execution Region ARM_LIB_STACK (Base: 0x080fe800, Size: 0x00001000, Max: 0x00001000, ABSOLUTE)

    Base Addr    Size         Type   Attr      Idx    E Section Name        Object

    0x080fe800   0x00001000   Zero   RW            2    ARM_LIB_STACK.bss   anon$$obj.o


    Execution Region ER_FLASH_VECTORS (Base: 0x10002000, Size: 0x000002e0, Max: 0xffffffff, ABSOLUTE)

    Base Addr    Size         Type   Attr      Idx    E Section Name        Object

    0x10002000   0x000002e0   Data   RO            3    RESET               startup_psoc6_02_cm4.o


    Execution Region ER_FLASH_CODE (Base: 0x100022e0, Size: 0x00003fa0, Max: 0xffffffff, ABSOLUTE, FIXED)

    Base Addr    Size         Type   Attr      Idx    E Section Name        Object

    0x100022e0   0x00000008   Code   RO         7750  * !!!main             c_w.l(__main.o)
    0x100022e8   0x00000034   Code   RO         8101    !!!scatter          c_w.l(__scatter.o)
    0x1000231c   0x0000003a   Code   RO         8099    !!dczerorl          c_w.l(__dczerorl.o)
    0x10002356   0x00000002   PAD
    0x10002358   0x0000001a   Code   RO         8103    !!handler_copy      c_w.l(__scatter_copy.o)
    0x10002372   0x00000002   PAD
    0x10002374   0x0000001c   Code   RO         8105    !!handler_zi        c_w.l(__scatter_zi.o)
    0x10002390   0x00000000   Code   RO         7684    .ARM.Collect$$_printf_percent$$00000000  c_w.l(_printf_percent.o)
    0x10002390   0x00000006   Code   RO         7683    .ARM.Collect$$_printf_percent$$00000009  c_w.l(_printf_d.o)
    0x10002396   0x00000004   Code   RO         7773    .ARM.Collect$$_printf_percent$$00000017  c_w.l(_printf_percent_end.o)
    0x1000239a   0x00000002   Code   RO         7965    .ARM.Collect$$libinit$$00000000  c_w.l(libinit.o)
    0x1000239c   0x00000004   Code   RO         7785    .ARM.Collect$$libinit$$00000001  c_w.l(libinit2.o)
    0x100023a0   0x00000000   Code   RO         7788    .ARM.Collect$$libinit$$00000004  c_w.l(libinit2.o)
    0x100023a0   0x00000008   Code   RO         8034    .ARM.Collect$$libinit$$00000008  c_w.l(libinit5.o)
    0x100023a8   0x00000000   Code   RO         7791    .ARM.Collect$$libinit$$0000000A  c_w.l(libinit2.o)
    0x100023a8   0x00000000   Code   RO         7793    .ARM.Collect$$libinit$$0000000C  c_w.l(libinit2.o)
    0x100023a8   0x00000000   Code   RO         7795    .ARM.Collect$$libinit$$0000000E  c_w.l(libinit2.o)
    0x100023a8   0x00000000   Code   RO         7798    .ARM.Collect$$libinit$$00000011  c_w.l(libinit2.o)
    0x100023a8   0x00000000   Code   RO         7800    .ARM.Collect$$libinit$$00000013  c_w.l(libinit2.o)
    0x100023a8   0x00000000   Code   RO         7802    .ARM.Collect$$libinit$$00000015  c_w.l(libinit2.o)
    0x100023a8   0x00000000   Code   RO         7804    .ARM.Collect$$libinit$$00000017  c_w.l(libinit2.o)
    0x100023a8   0x00000000   Code   RO         7806    .ARM.Collect$$libinit$$00000019  c_w.l(libinit2.o)
    0x100023a8   0x00000000   Code   RO         7808    .ARM.Collect$$libinit$$0000001B  c_w.l(libinit2.o)
    0x100023a8   0x00000000   Code   RO         7810    .ARM.Collect$$libinit$$0000001D  c_w.l(libinit2.o)
    0x100023a8   0x00000000   Code   RO         7812    .ARM.Collect$$libinit$$0000001F  c_w.l(libinit2.o)
    0x100023a8   0x00000000   Code   RO         7814    .ARM.Collect$$libinit$$00000021  c_w.l(libinit2.o)
    0x100023a8   0x00000000   Code   RO         7816    .ARM.Collect$$libinit$$00000023  c_w.l(libinit2.o)
    0x100023a8   0x00000004   Code   RO         7817    .ARM.Collect$$libinit$$00000024  c_w.l(libinit2.o)
    0x100023ac   0x00000000   Code   RO         7818    .ARM.Collect$$libinit$$00000025  c_w.l(libinit2.o)
    0x100023ac   0x00000000   Code   RO         7822    .ARM.Collect$$libinit$$0000002C  c_w.l(libinit2.o)
    0x100023ac   0x00000000   Code   RO         7824    .ARM.Collect$$libinit$$0000002E  c_w.l(libinit2.o)
    0x100023ac   0x00000000   Code   RO         7826    .ARM.Collect$$libinit$$00000030  c_w.l(libinit2.o)
    0x100023ac   0x00000004   Code   RO         7827    .ARM.Collect$$libinit$$00000031  c_w.l(libinit2.o)
    0x100023b0   0x00000000   Code   RO         7828    .ARM.Collect$$libinit$$00000032  c_w.l(libinit2.o)
    0x100023b0   0x00000002   Code   RO         7829    .ARM.Collect$$libinit$$00000033  c_w.l(libinit2.o)
    0x100023b2   0x00000002   PAD
    0x100023b4   0x00000008   Code   RO         8035    .ARM.Collect$$libinit$$00002719  c_w.l(libinit5.o)
    0x100023bc   0x00000002   Code   RO         8080    .ARM.Collect$$libshutdown$$00000000  c_w.l(libshutdown.o)
    0x100023be   0x00000000   Code   RO         7967    .ARM.Collect$$libshutdown$$00000002  c_w.l(libshutdown2.o)
    0x100023be   0x00000004   Code   RO         7968    .ARM.Collect$$libshutdown$$00000003  c_w.l(libshutdown2.o)
    0x100023c2   0x00000000   Code   RO         7969    .ARM.Collect$$libshutdown$$00000004  c_w.l(libshutdown2.o)
    0x100023c2   0x00000000   Code   RO         7972    .ARM.Collect$$libshutdown$$00000007  c_w.l(libshutdown2.o)
    0x100023c2   0x00000000   Code   RO         7975    .ARM.Collect$$libshutdown$$0000000A  c_w.l(libshutdown2.o)
    0x100023c2   0x00000000   Code   RO         7977    .ARM.Collect$$libshutdown$$0000000C  c_w.l(libshutdown2.o)
    0x100023c2   0x00000000   Code   RO         7980    .ARM.Collect$$libshutdown$$0000000F  c_w.l(libshutdown2.o)
    0x100023c2   0x00000002   Code   RO         7981    .ARM.Collect$$libshutdown$$00000010  c_w.l(libshutdown2.o)
    0x100023c4   0x00000000   Code   RO         7760    .ARM.Collect$$rtentry$$00000000  c_w.l(__rtentry.o)
    0x100023c4   0x00000000   Code   RO         7835    .ARM.Collect$$rtentry$$00000002  c_w.l(__rtentry2.o)
    0x100023c4   0x00000004   Code   RO         7849    .ARM.Collect$$rtentry$$00000007  c_w.l(__rtentry7.o)
    0x100023c8   0x00000000   Code   RO         7837    .ARM.Collect$$rtentry$$00000009  c_w.l(__rtentry2.o)
    0x100023c8   0x00000004   Code   RO         7838    .ARM.Collect$$rtentry$$0000000A  c_w.l(__rtentry2.o)
    0x100023cc   0x00000000   Code   RO         7840    .ARM.Collect$$rtentry$$0000000C  c_w.l(__rtentry2.o)
    0x100023cc   0x00000008   Code   RO         7841    .ARM.Collect$$rtentry$$0000000D  c_w.l(__rtentry2.o)
    0x100023d4   0x00000004   Code   RO         7850    .ARM.Collect$$rtentry$$00002718  c_w.l(__rtentry7.o)
    0x100023d8   0x00000002   Code   RO         7989    .ARM.Collect$$rtexit$$00000000  c_w.l(rtexit.o)
    0x100023da   0x00000000   Code   RO         8040    .ARM.Collect$$rtexit$$00000002  c_w.l(rtexit2.o)
    0x100023da   0x00000004   Code   RO         8041    .ARM.Collect$$rtexit$$00000003  c_w.l(rtexit2.o)
    0x100023de   0x00000006   Code   RO         8042    .ARM.Collect$$rtexit$$00000004  c_w.l(rtexit2.o)
    0x100023e4   0x00000074   Code   RO            5    .text               startup_psoc6_02_cm4.o
    0x10002458   0x0000001e   Code   RO          263    .text               cy_syslib_mdk.o
    0x10002476   0x00000002   Code   RO         7648    .text               c_w.l(use_no_semi_2.o)
    0x10002478   0x000000f0   Code   RO         7650    .text               c_w.l(lludivv7m.o)
    0x10002568   0x00000018   Code   RO         7656    .text               c_w.l(noretval__2printf.o)
    0x10002580   0x00000068   Code   RO         7658    .text               c_w.l(__printf.o)
    0x100025e8   0x00000078   Code   RO         7660    .text               c_w.l(_printf_dec.o)
    0x10002660   0x0000004e   Code   RO         7691    .text               c_w.l(rt_memclr_w.o)
    0x100026ae   0x00000006   Code   RO         7748    .text               c_w.l(heapauxi.o)
    0x100026b4   0x00000024   Code   RO         7755    .text               c_w.l(init_aeabi.o)
    0x100026d8   0x00000002   Code   RO         7758    .text               c_w.l(use_no_semi.o)
    0x100026da   0x000000b2   Code   RO         7769    .text               c_w.l(_printf_intcommon.o)
    0x1000278c   0x00000024   Code   RO         7771    .text               c_w.l(_printf_char_file.o)
    0x100027b0   0x00000030   Code   RO         7856    .text               c_w.l(_printf_char_common.o)
    0x100027e0   0x00000008   Code   RO         7858    .text               c_w.l(ferror.o)
    0x100027e8   0x00000138   Code   RO         7860    .text               c_w.l(initio.o)
    0x10002920   0x0000004e   Code   RO         7879    .text               c_w.l(h1_free.o)
    0x1000296e   0x00000046   Code   RO         7935    .text               c_w.l(setvbuf.o)
    0x100029b4   0x000000f0   Code   RO         7938    .text               c_w.l(fopen.o)
    0x10002aa4   0x0000004c   Code   RO         7940    .text               c_w.l(fclose.o)
    0x10002af0   0x00000012   Code   RO         7946    .text               c_w.l(exit.o)
    0x10002b02   0x0000000e   Code   RO         7952    .text               c_w.l(defsig_rtred_outer.o)
    0x10002b10   0x00000008   Code   RO         7996    .text               c_w.l(rt_heap_descriptor_intlibspace.o)
    0x10002b18   0x00000004   Code   RO         7998    .text               c_w.l(hguard.o)
    0x10002b1c   0x0000008a   Code   RO         8002    .text               c_w.l(init_alloc.o)
    0x10002ba6   0x0000005e   Code   RO         8008    .text               c_w.l(h1_alloc.o)
    0x10002c04   0x000000f8   Code   RO         8020    .text               c_w.l(fseek.o)
    0x10002cfc   0x000000f0   Code   RO         8022    .text               c_w.l(stdio.o)
    0x10002dec   0x0000000a   Code   RO         8024    .text               c_w.l(defsig_exit.o)
    0x10002df6   0x00000002   PAD
    0x10002df8   0x00000034   Code   RO         8028    .text               c_w.l(defsig_rtred_inner.o)
    0x10002e2c   0x0000000e   Code   RO         8030    .text               c_w.l(defsig_rtmem_outer.o)
    0x10002e3a   0x00000000   Code   RO         8046    .text               c_w.l(maybetermalloc1.o)
    0x10002e3a   0x0000000e   Code   RO         8048    .text               c_w.l(h1_init.o)
    0x10002e48   0x00000034   Code   RO         8050    .text               c_w.l(h1_extend.o)
    0x10002e7c   0x00000042   Code   RO         8056    .text               c_w.l(ftell.o)
    0x10002ebe   0x00000032   Code   RO         8060    .text               c_w.l(defsig_general.o)
    0x10002ef0   0x00000050   Code   RO         8062    .text               c_w.l(defsig_rtmem_inner.o)
    0x10002f40   0x00000008   Code   RO         8072    .text               c_w.l(rt_errno_addr_intlibspace.o)
    0x10002f48   0x0000002c   Code   RO          239    .text.AES128_ECB_encrypt  main.o
    0x10002f74   0x0000001a   Code   RO          241    .text.BlockCopy     main.o
    0x10002f8e   0x00000002   PAD
    0x10002f90   0x00000004   Code   RO         1984    .text.CY_HALT       cyhal_hwmgr.o
    0x10002f94   0x00000004   Code   RO         2971    .text.CY_HALT       cyhal_syspm.o
    0x10002f98   0x00000004   Code   RO         3544    .text.CY_HALT       cyhal_utils_psoc.o
    0x10002f9c   0x00000004   Code   RO         5013    .text.CY_HALT       cy_gpio.o
    0x10002fa0   0x00000004   Code   RO         5161    .text.CY_HALT       cy_ipc_drv.o
    0x10002fa4   0x00000004   Code   RO         5185    .text.CY_HALT       cy_ipc_pipe.o
    0x10002fa8   0x00000004   Code   RO         5262    .text.CY_HALT       cy_ipc_sema.o
    0x10002fac   0x00000004   Code   RO         5407    .text.CY_HALT       cy_prot.o
    0x10002fb0   0x00000004   Code   RO         6687    .text.CY_HALT       cy_sysclk.o
    0x10002fb4   0x00000004   Code   RO         6923    .text.CY_HALT       cy_sysint.o
    0x10002fb8   0x00000004   Code   RO         7000    .text.CY_HALT       cy_syspm.o
    0x10002fbc   0x00000004   Code   RO         7157    .text.CY_HALT       cy_systick.o
    0x10002fc0   0x0000007e   Code   RO         5029    .text.Cy_GPIO_Pin_FastInit  cy_gpio.o
    0x1000303e   0x00000002   PAD
    0x10003040   0x0000017e   Code   RO         5011    .text.Cy_GPIO_Pin_Init  cy_gpio.o
    0x100031be   0x00000002   PAD
    0x100031c0   0x00000046   Code   RO         5015    .text.Cy_GPIO_SetDrivemode  cy_gpio.o
    0x10003206   0x00000002   PAD
    0x10003208   0x0000005c   Code   RO         5017    .text.Cy_GPIO_SetHSIOM  cy_gpio.o
    0x10003264   0x0000003e   Code   RO         5019    .text.Cy_GPIO_SetInterruptEdge  cy_gpio.o
    0x100032a2   0x00000002   PAD
    0x100032a4   0x0000002c   Code   RO         5021    .text.Cy_GPIO_SetInterruptMask  cy_gpio.o
    0x100032d0   0x0000003a   Code   RO         5023    .text.Cy_GPIO_SetVtrip  cy_gpio.o
    0x1000330a   0x00000002   PAD
    0x1000330c   0x00000028   Code   RO         5025    .text.Cy_GPIO_Write  cy_gpio.o
    0x10003334   0x00000016   Code   RO         5157    .text.Cy_IPC_Drv_AcquireNotify  cy_ipc_drv.o
    0x1000334a   0x00000002   PAD
    0x1000334c   0x00000026   Code   RO         5217    .text.Cy_IPC_Drv_ClearInterrupt  cy_ipc_pipe.o
    0x10003372   0x00000002   PAD
    0x10003374   0x00000004   Code   RO         5215    .text.Cy_IPC_Drv_ExtractAcquireMask  cy_ipc_pipe.o
    0x10003378   0x00000004   Code   RO         5223    .text.Cy_IPC_Drv_ExtractReleaseMask  cy_ipc_pipe.o
    0x1000337c   0x00000004   Code   RO         5225    .text.Cy_IPC_Drv_GetInterruptStatus  cy_ipc_pipe.o
    0x10003380   0x00000004   Code   RO         5213    .text.Cy_IPC_Drv_GetInterruptStatusMasked  cy_ipc_pipe.o
    0x10003384   0x00000028   Code   RO         5193    .text.Cy_IPC_Drv_GetIntrBaseAddr  cy_ipc_pipe.o
    0x100033ac   0x00000028   Code   RO         5191    .text.Cy_IPC_Drv_GetIpcBaseAddress  cy_ipc_pipe.o
    0x100033d4   0x00000028   Code   RO         5244    .text.Cy_IPC_Drv_GetIpcBaseAddress  cy_ipc_sema.o
    0x100033fc   0x00000024   Code   RO         7070    .text.Cy_IPC_Drv_GetIpcBaseAddress  cy_syspm.o
    0x10003420   0x00000014   Code   RO         5147    .text.Cy_IPC_Drv_IsLockAcquired  cy_ipc_drv.o
    0x10003434   0x00000014   Code   RO         5219    .text.Cy_IPC_Drv_IsLockAcquired  cy_ipc_pipe.o
    0x10003448   0x00000014   Code   RO         7072    .text.Cy_IPC_Drv_IsLockAcquired  cy_syspm.o
    0x1000345c   0x00000010   Code   RO         5153    .text.Cy_IPC_Drv_LockAcquire  cy_ipc_drv.o
    0x1000346c   0x00000020   Code   RO         5145    .text.Cy_IPC_Drv_LockRelease  cy_ipc_drv.o
    0x1000348c   0x00000004   Code   RO         5163    .text.Cy_IPC_Drv_ReadDataValue  cy_ipc_drv.o
    0x10003490   0x00000004   Code   RO         7074    .text.Cy_IPC_Drv_ReadDataValue  cy_syspm.o
    0x10003494   0x00000018   Code   RO         5221    .text.Cy_IPC_Drv_ReadMsgPtr  cy_ipc_pipe.o
    0x100034ac   0x0000002a   Code   RO         5159    .text.Cy_IPC_Drv_ReadMsgWord  cy_ipc_drv.o
    0x100034d6   0x00000002   PAD
    0x100034d8   0x00000016   Code   RO         5149    .text.Cy_IPC_Drv_ReleaseNotify  cy_ipc_drv.o
    0x100034ee   0x00000002   PAD
    0x100034f0   0x0000001a   Code   RO         5248    .text.Cy_IPC_Drv_SendMsgPtr  cy_ipc_sema.o
    0x1000350a   0x00000002   PAD
    0x1000350c   0x0000002a   Code   RO         5151    .text.Cy_IPC_Drv_SendMsgWord  cy_ipc_drv.o
    0x10003536   0x00000002   PAD
    0x10003538   0x00000024   Code   RO         5195    .text.Cy_IPC_Drv_SetInterruptMask  cy_ipc_pipe.o
    0x1000355c   0x00000004   Code   RO         5155    .text.Cy_IPC_Drv_WriteDataValue  cy_ipc_drv.o
    0x10003560   0x00000012   Code   RO         5181    .text.Cy_IPC_Pipe_Config  cy_ipc_pipe.o
    0x10003572   0x00000002   PAD
    0x10003574   0x00000070   Code   RO         5187    .text.Cy_IPC_Pipe_EndpointInit  cy_ipc_pipe.o
    0x100035e4   0x000000b6   Code   RO         5211    .text.Cy_IPC_Pipe_ExecCallback  cy_ipc_pipe.o
    0x1000369a   0x00000002   PAD
    0x1000369c   0x00000024   Code   RO         5209    .text.Cy_IPC_Pipe_ExecuteCallback  cy_ipc_pipe.o
    0x100036c0   0x00000080   Code   RO         5183    .text.Cy_IPC_Pipe_Init  cy_ipc_pipe.o
    0x10003740   0x0000004a   Code   RO         5242    .text.Cy_IPC_Sema_Init  cy_ipc_sema.o
    0x1000378a   0x00000002   PAD
    0x1000378c   0x00000076   Code   RO         5246    .text.Cy_IPC_Sema_InitExt  cy_ipc_sema.o
    0x10003802   0x00000002   PAD
    0x10003804   0x0000000c   Code   RO         3621    .text.Cy_PDL_Init   cy_device.o
    0x10003810   0x00000030   Code   RO         5411    .text.Cy_Prot_GetActivePC  cy_prot.o
    0x10003840   0x0000000e   Code   RO         5688    .text.Cy_SCB_GetFifoSize  cy_scb_common.o
    0x1000384e   0x00000002   PAD
    0x10003850   0x0000000a   Code   RO         5690    .text.Cy_SCB_GetNumInTxFifo  cy_scb_common.o
    0x1000385a   0x00000002   PAD
    0x1000385c   0x00000008   Code   RO         3261    .text.Cy_SCB_UART_Put  cyhal_uart.o
    0x10003864   0x00000026   Code   RO         5686    .text.Cy_SCB_Write  cy_scb_common.o
    0x1000388a   0x00000002   PAD
    0x1000388c   0x00000006   Code   RO         5692    .text.Cy_SCB_WriteTxFifo  cy_scb_common.o
    0x10003892   0x00000002   PAD
    0x10003894   0x0000000a   Code   RO          157    .text.Cy_SysClk_ClkBakInit  cycfg_system.o
    0x1000389e   0x00000002   PAD
    0x100038a0   0x0000001c   Code   RO         6731    .text.Cy_SysClk_ClkBakSetSource  cy_sysclk.o
    0x100038bc   0x00000018   Code   RO         6761    .text.Cy_SysClk_ClkFastGetDivider  cy_sysclk.o
    0x100038d4   0x0000000a   Code   RO          133    .text.Cy_SysClk_ClkFastInit  cycfg_system.o
    0x100038de   0x00000002   PAD
    0x100038e0   0x0000001e   Code   RO         6763    .text.Cy_SysClk_ClkFastSetDivider  cy_sysclk.o
    0x100038fe   0x00000002   PAD
    0x10003900   0x00000014   Code   RO          153    .text.Cy_SysClk_ClkHf0Init  cycfg_system.o
    0x10003914   0x0000002c   Code   RO         6777    .text.Cy_SysClk_ClkHfGetDivider  cy_sysclk.o
    0x10003940   0x00000022   Code   RO         6753    .text.Cy_SysClk_ClkHfGetFrequency  cy_sysclk.o
    0x10003962   0x00000002   PAD
    0x10003964   0x0000002c   Code   RO         6773    .text.Cy_SysClk_ClkHfGetSource  cy_sysclk.o
    0x10003990   0x00000036   Code   RO         6775    .text.Cy_SysClk_ClkHfSetDivider  cy_sysclk.o
    0x100039c6   0x00000002   PAD
    0x100039c8   0x00000036   Code   RO         6771    .text.Cy_SysClk_ClkHfSetSource  cy_sysclk.o
    0x100039fe   0x00000002   PAD
    0x10003a00   0x0000000a   Code   RO          131    .text.Cy_SysClk_ClkLfInit  cycfg_system.o
    0x10003a0a   0x00000002   PAD
    0x10003a0c   0x0000001e   Code   RO         6749    .text.Cy_SysClk_ClkLfSetSource  cy_sysclk.o
    0x10003a2a   0x00000002   PAD
    0x10003a2c   0x0000000c   Code   RO          141    .text.Cy_SysClk_ClkPath0Init  cycfg_system.o
    0x10003a38   0x0000000c   Code   RO          139    .text.Cy_SysClk_ClkPath1Init  cycfg_system.o
    0x10003a44   0x0000000c   Code   RO          143    .text.Cy_SysClk_ClkPath2Init  cycfg_system.o
    0x10003a50   0x0000000c   Code   RO          145    .text.Cy_SysClk_ClkPath3Init  cycfg_system.o
    0x10003a5c   0x0000000c   Code   RO          147    .text.Cy_SysClk_ClkPath4Init  cycfg_system.o
    0x10003a68   0x0000000c   Code   RO          149    .text.Cy_SysClk_ClkPath5Init  cycfg_system.o
    0x10003a74   0x00000044   Code   RO         6729    .text.Cy_SysClk_ClkPathGetFrequency  cy_sysclk.o
    0x10003ab8   0x0000003e   Code   RO         6847    .text.Cy_SysClk_ClkPathGetSource  cy_sysclk.o
    0x10003af6   0x00000002   PAD
    0x10003af8   0x0000008e   Code   RO         6849    .text.Cy_SysClk_ClkPathMuxGetFrequency  cy_sysclk.o
    0x10003b86   0x00000002   PAD
    0x10003b88   0x00000056   Code   RO         6845    .text.Cy_SysClk_ClkPathSetSource  cy_sysclk.o
    0x10003bde   0x00000002   PAD
    0x10003be0   0x00000016   Code   RO         6755    .text.Cy_SysClk_ClkPeriGetDivider  cy_sysclk.o
    0x10003bf6   0x00000002   PAD
    0x10003bf8   0x0000000a   Code   RO          135    .text.Cy_SysClk_ClkPeriInit  cycfg_system.o
    0x10003c02   0x00000002   PAD
    0x10003c04   0x0000001e   Code   RO         6757    .text.Cy_SysClk_ClkPeriSetDivider  cy_sysclk.o
    0x10003c22   0x00000002   PAD
    0x10003c24   0x0000000a   Code   RO          137    .text.Cy_SysClk_ClkSlowInit  cycfg_system.o
    0x10003c2e   0x00000002   PAD
    0x10003c30   0x0000001e   Code   RO         6711    .text.Cy_SysClk_ClkSlowSetDivider  cy_sysclk.o
    0x10003c4e   0x00000002   PAD
    0x10003c50   0x00000254   Code   RO         6899    .text.Cy_SysClk_DeepSleepCallback  cy_sysclk.o
    0x10003ea4   0x0000001a   Code   RO         6843    .text.Cy_SysClk_EcoGetFrequency  cy_sysclk.o
    0x10003ebe   0x00000002   PAD
    0x10003ec0   0x0000001c   Code   RO         6835    .text.Cy_SysClk_EcoGetStatus  cy_sysclk.o
    0x10003edc   0x0000000c   Code   RO         6831    .text.Cy_SysClk_ExtClkGetFrequency  cy_sysclk.o
    0x10003ee8   0x00000026   Code   RO         6859    .text.Cy_SysClk_FllDisable  cy_sysclk.o
    0x10003f0e   0x00000002   PAD
    0x10003f10   0x000000ae   Code   RO         6867    .text.Cy_SysClk_FllEnable  cy_sysclk.o
    0x10003fbe   0x00000002   PAD
    0x10003fc0   0x0000005a   Code   RO         6865    .text.Cy_SysClk_FllGetConfiguration  cy_sysclk.o
    0x1000401a   0x00000002   PAD
    0x1000401c   0x0000005c   Code   RO         6851    .text.Cy_SysClk_FllGetFrequency  cy_sysclk.o
    0x10004078   0x00000028   Code   RO          151    .text.Cy_SysClk_FllInit  cycfg_system.o
    0x100040a0   0x0000000e   Code   RO         6855    .text.Cy_SysClk_FllIsEnabled  cy_sysclk.o
    0x100040ae   0x00000002   PAD
    0x100040b0   0x00000010   Code   RO         6857    .text.Cy_SysClk_FllLocked  cy_sysclk.o
    0x100040c0   0x000000ee   Code   RO         6863    .text.Cy_SysClk_FllManualConfigure  cy_sysclk.o
    0x100041ae   0x00000002   PAD
    0x100041b0   0x0000002a   Code   RO         6825    .text.Cy_SysClk_IloDisable  cy_sysclk.o
    0x100041da   0x00000002   PAD
    0x100041dc   0x00000012   Code   RO         6821    .text.Cy_SysClk_IloEnable  cy_sysclk.o
    0x100041ee   0x00000002   PAD
    0x100041f0   0x00000014   Code   RO         6827    .text.Cy_SysClk_IloHibernateOn  cy_sysclk.o
    0x10004204   0x0000000e   Code   RO          159    .text.Cy_SysClk_IloInit  cycfg_system.o
    0x10004212   0x00000002   PAD
    0x10004214   0x0000006a   Code   RO         6693    .text.Cy_SysClk_PeriphAssignDivider  cy_sysclk.o
    0x1000427e   0x00000002   PAD
    0x10004280   0x0000005c   Code   RO         6699    .text.Cy_SysClk_PeriphDisableDivider  cy_sysclk.o
    0x100042dc   0x0000007e   Code   RO         6697    .text.Cy_SysClk_PeriphEnableDivider  cy_sysclk.o
    0x1000435a   0x00000002   PAD
    0x1000435c   0x00000066   Code   RO         6683    .text.Cy_SysClk_PeriphSetDivider  cy_sysclk.o
    0x100043c2   0x00000002   PAD
    0x100043c4   0x00000028   Code   RO          155    .text.Cy_SysClk_Pll0Init  cycfg_system.o
    0x100043ec   0x0000004a   Code   RO         6875    .text.Cy_SysClk_PllDisable  cy_sysclk.o
    0x10004436   0x00000002   PAD
    0x10004438   0x000000c2   Code   RO         6883    .text.Cy_SysClk_PllEnable  cy_sysclk.o
    0x100044fa   0x00000002   PAD
    0x100044fc   0x0000004a   Code   RO         6879    .text.Cy_SysClk_PllGetConfiguration  cy_sysclk.o
    0x10004546   0x00000002   PAD
    0x10004548   0x0000008a   Code   RO         6853    .text.Cy_SysClk_PllGetFrequency  cy_sysclk.o
    0x100045d2   0x00000002   PAD
    0x100045d4   0x0000002a   Code   RO         6869    .text.Cy_SysClk_PllIsEnabled  cy_sysclk.o
    0x100045fe   0x00000002   PAD
    0x10004600   0x0000002c   Code   RO         6871    .text.Cy_SysClk_PllLocked  cy_sysclk.o
    0x1000462c   0x0000009a   Code   RO         6881    .text.Cy_SysClk_PllManualConfigure  cy_sysclk.o
    0x100046c6   0x00000002   PAD
    0x100046c8   0x0000004c   Code   RO         6797    .text.Cy_SysClk_WcoEnable  cy_sysclk.o
    0x10004714   0x00000042   Code   RO          129    .text.Cy_SysClk_WcoInit  cycfg_system.o
    0x10004756   0x00000002   PAD
    0x10004758   0x0000000e   Code   RO         6799    .text.Cy_SysClk_WcoOkay  cy_sysclk.o
    0x10004766   0x00000002   PAD
    0x10004768   0x0000004c   Code   RO         6927    .text.Cy_SysInt_Init  cy_sysint.o
    0x100047b4   0x0000003e   Code   RO         6931    .text.Cy_SysInt_SetVector  cy_sysint.o
    0x100047f2   0x00000002   PAD
    0x100047f4   0x0000000a   Code   RO          183    .text.Cy_SysIpcPipeIsrCm4  system_psoc6_cm4.o
    0x100047fe   0x00000002   PAD
    0x10004800   0x00000004   Code   RO         6973    .text.Cy_SysLib_AsmInfiniteLoop  cy_syslib.o
    0x10004804   0x00000014   Code   RO         6947    .text.Cy_SysLib_DelayUs  cy_syslib.o
    0x10004818   0x00000092   Code   RO         6969    .text.Cy_SysLib_FaultHandler  cy_syslib.o
    0x100048aa   0x00000002   PAD
    0x100048ac   0x00000014   Code   RO         6979    .text.Cy_SysLib_GetDevice  cy_syslib.o
    0x100048c0   0x00000012   Code   RO         6977    .text.Cy_SysLib_GetDeviceRevision  cy_syslib.o
    0x100048d2   0x00000002   PAD
    0x100048d4   0x00000034   Code   RO         6963    .text.Cy_SysLib_GetResetReason  cy_syslib.o
    0x10004908   0x00000014   Code   RO          125    .text.Cy_SysLib_GetResetStatus  cycfg_system.o
    0x1000491c   0x00000014   Code   RO         6961    .text.Cy_SysLib_GetResetStatus  cy_syslib.o
    0x10004930   0x00000010   Code   RO          123    .text.Cy_SysLib_GetWcoTrim  cycfg_system.o
    0x10004940   0x00000008   Code   RO         6971    .text.Cy_SysLib_ProcessingFault  cy_syslib.o
    0x10004948   0x00000014   Code   RO         6959    .text.Cy_SysLib_ResetBackupDomain  cy_syslib.o
    0x1000495c   0x000000c6   Code   RO         6975    .text.Cy_SysLib_SetWaitStates  cy_syslib.o
    0x10004a22   0x00000002   PAD
    0x10004a24   0x00000010   Code   RO          127    .text.Cy_SysLib_SetWcoTrim  cycfg_system.o
    0x10004a34   0x00000020   Code   RO         6994    .text.Cy_SysPm_LdoGetVoltage  cy_syspm.o
    0x10004a54   0x00000014   Code   RO         6992    .text.Cy_SysPm_LdoIsEnabled  cy_syspm.o
    0x10004a68   0x000000c2   Code   RO         7016    .text.Cy_SysPm_LdoSetVoltage  cy_syspm.o
    0x10004b2a   0x00000002   PAD
    0x10004b2c   0x00000028   Code   RO         7116    .text.Cy_SysPm_PmicDisableOutput  cy_syspm.o
    0x10004b54   0x00000012   Code   RO         7120    .text.Cy_SysPm_PmicUnlock  cy_syspm.o
    0x10004b66   0x00000002   PAD
    0x10004b68   0x0000008c   Code   RO         7062    .text.Cy_SysPm_RegisterCallback  cy_syspm.o
    0x10004bf4   0x00000026   Code   RO         7056    .text.Cy_SysPm_SystemIsMinRegulatorCurrentSet  cy_syspm.o
    0x10004c1a   0x00000002   PAD
    0x10004c1c   0x00000086   Code   RO         7024    .text.Cy_SysPm_SystemSetNormalRegulatorCurrent  cy_syspm.o
    0x10004ca2   0x00000002   PAD
    0x10004ca4   0x000000b2   Code   RO         7036    .text.Cy_SysPm_WriteVoltageBitForFlash  cy_syspm.o
    0x10004d56   0x00000002   PAD
    0x10004d58   0x0000000e   Code   RO         7163    .text.Cy_SysTick_Clear  cy_systick.o
    0x10004d66   0x00000002   PAD
    0x10004d68   0x00000018   Code   RO         7173    .text.Cy_SysTick_Enable  cy_systick.o
    0x10004d80   0x00000012   Code   RO         7151    .text.Cy_SysTick_EnableInterrupt  cy_systick.o
    0x10004d92   0x00000002   PAD
    0x10004d94   0x00000010   Code   RO         7165    .text.Cy_SysTick_GetCountFlag  cy_systick.o
    0x10004da4   0x0000000c   Code   RO         7161    .text.Cy_SysTick_GetValue  cy_systick.o
    0x10004db0   0x0000004c   Code   RO         7167    .text.Cy_SysTick_Init  cy_systick.o
    0x10004dfc   0x0000002a   Code   RO         7169    .text.Cy_SysTick_ServiceCallbacks  cy_systick.o
    0x10004e26   0x00000002   PAD
    0x10004e28   0x0000003a   Code   RO         7171    .text.Cy_SysTick_SetClockSource  cy_systick.o
    0x10004e62   0x00000002   PAD
    0x10004e64   0x0000001e   Code   RO         7155    .text.Cy_SysTick_SetReload  cy_systick.o
    0x10004e82   0x00000002   PAD
    0x10004e84   0x00000002   Code   RO          179    .text.Cy_SystemInit  system_psoc6_cm4.o
    0x10004e86   0x00000002   PAD
    0x10004e88   0x00000024   Code   RO          185    .text.Cy_SystemInitFpuEnable  system_psoc6_cm4.o
    0x10004eac   0x00000076   Code   RO         7034    .text.IsVoltageChangePossible  cy_syspm.o
    0x10004f22   0x00000002   PAD
    0x10004f24   0x00000072   Code   RO         7044    .text.SetReadMarginTrimLp  cy_syspm.o
    0x10004f96   0x00000002   PAD
    0x10004f98   0x00000072   Code   RO         7038    .text.SetReadMarginTrimUlp  cy_syspm.o
    0x1000500a   0x00000002   PAD
    0x1000500c   0x00000062   Code   RO         7040    .text.SetWriteAssistTrimLp  cy_syspm.o
    0x1000506e   0x00000002   PAD
    0x10005070   0x00000044   Code   RO         7042    .text.SetWriteAssistTrimUlp  cy_syspm.o
    0x100050b4   0x00000088   Code   RO          181    .text.SystemCoreClockUpdate  system_psoc6_cm4.o
    0x1000513c   0x0000003a   Code   RO          177    .text.SystemInit    system_psoc6_cm4.o
    0x10005176   0x00000002   PAD
    0x10005178   0x00000020   Code   RO         5189    .text.__NVIC_EnableIRQ  cy_ipc_pipe.o
    0x10005198   0x00000022   Code   RO         6929    .text.__NVIC_SetPriority  cy_sysint.o
    0x100051ba   0x00000002   PAD
    0x100051bc   0x00000090   Code   RO         1998    .text._cyhal_get_bit_position  cyhal_hwmgr.o
    0x1000524c   0x0000004a   Code   RO         1996    .text._cyhal_get_block_offset_length  cyhal_hwmgr.o
    0x10005296   0x00000002   PAD
    0x10005298   0x0000007e   Code   RO         1994    .text._cyhal_get_block_offsets  cyhal_hwmgr.o
    0x10005316   0x00000002   PAD
    0x10005318   0x00000044   Code   RO         1990    .text._cyhal_get_resource_offset  cyhal_hwmgr.o
    0x1000535c   0x00000038   Code   RO         1976    .text._cyhal_is_set  cyhal_hwmgr.o
    0x10005394   0x0000000c   Code   RO         2628    .text._cyhal_scb_pm_transition_pending  cyhal_scb_common.o
    0x100053a0   0x0000003c   Code   RO         1978    .text._cyhal_set_bit  cyhal_hwmgr.o
    0x100053dc   0x00000036   Code   RO         3003    .text._cyhal_syspm_backtrack_all_pm_callbacks  cyhal_syspm.o
    0x10005412   0x00000002   PAD
    0x10005414   0x00000052   Code   RO         3001    .text._cyhal_syspm_call_all_pm_callbacks  cyhal_syspm.o
    0x10005466   0x00000002   PAD
    0x10005468   0x00000164   Code   RO         2999    .text._cyhal_syspm_common_cb  cyhal_syspm.o
    0x100055cc   0x00000016   Code   RO         1992    .text._cyhal_uses_channels  cyhal_hwmgr.o
    0x100055e2   0x00000002   PAD
    0x100055e4   0x0000001e   Code   RO         3548    .text._cyhal_utils_convert_pdltohal_pm_mode  cyhal_utils_psoc.o
    0x10005602   0x00000002   PAD
    0x10005604   0x00000004   Code   RO         7587    .text._sys_close    cy_retarget_io.o
    0x10005608   0x00000002   Code   RO         7601    .text._sys_exit     cy_retarget_io.o
    0x1000560a   0x00000002   PAD
    0x1000560c   0x00000004   Code   RO         7599    .text._sys_flen     cy_retarget_io.o
    0x10005610   0x00000004   Code   RO         7595    .text._sys_istty    cy_retarget_io.o
    0x10005614   0x00000004   Code   RO         7585    .text._sys_open     cy_retarget_io.o
    0x10005618   0x00000006   Code   RO         7597    .text._sys_seek     cy_retarget_io.o
    0x1000561e   0x00000002   PAD
    0x10005620   0x00000004   Code   RO         7589    .text._sys_write    cy_retarget_io.o
    0x10005624   0x00000002   Code   RO         7593    .text._ttywrch      cy_retarget_io.o
    0x10005626   0x00000002   PAD
    0x10005628   0x00000050   Code   RO          225    .text.addRoundKey   main.o
    0x10005678   0x00000012   Code   RO         7579    .text.cy_retarget_io_putchar  cy_retarget_io.o
    0x1000568a   0x00000002   PAD
    0x1000568c   0x00000032   Code   RO          207    .text.cybsp_init    cybsp.o
    0x100056be   0x00000002   PAD
    0x100056c0   0x0000001e   Code   RO          209    .text.cybsp_register_sysclk_pm_callback  cybsp.o
    0x100056de   0x00000002   PAD
    0x100056e0   0x00000002   Code   RO          117    .text.cycfg_ClockStartupError  cycfg_system.o
    0x100056e2   0x00000002   PAD
    0x100056e4   0x00000004   Code   RO         1972    .text.cyhal_hwmgr_init  cyhal_hwmgr.o
    0x100056e8   0x0000004c   Code   RO         1974    .text.cyhal_hwmgr_reserve  cyhal_hwmgr.o
    0x10005734   0x00000058   Code   RO         2979    .text.cyhal_syspm_init  cyhal_syspm.o
    0x1000578c   0x0000001c   Code   RO         2995    .text.cyhal_syspm_set_supply_voltage  cyhal_syspm.o
    0x100057a8   0x00000028   Code   RO         3259    .text.cyhal_uart_putc  cyhal_uart.o
    0x100057d0   0x00000016   Code   RO         7577    .text.fputc         cy_retarget_io.o
    0x100057e6   0x00000002   PAD
    0x100057e8   0x0000003c   Code   RO          237    .text.gen_cipher    main.o
    0x10005824   0x0000000c   Code   RO          229    .text.getSBoxValue  main.o
    0x10005830   0x00000018   Code   RO            8    .text.init_cycfg_all  cycfg.o
    0x10005848   0x0000002a   Code   RO           32    .text.init_cycfg_clocks  cycfg_clocks.o
    0x10005872   0x00000002   PAD
    0x10005874   0x0000000e   Code   RO           42    .text.init_cycfg_peripherals  cycfg_peripherals.o
    0x10005882   0x00000002   PAD
    0x10005884   0x00000120   Code   RO           51    .text.init_cycfg_pins  cycfg_pins.o
    0x100059a4   0x00000048   Code   RO          121    .text.init_cycfg_power  cycfg_system.o
    0x100059ec   0x00000010   Code   RO          109    .text.init_cycfg_routing  cycfg_routing.o
    0x100059fc   0x00000112   Code   RO          119    .text.init_cycfg_system  cycfg_system.o
    0x10005b0e   0x00000002   PAD
    0x10005b10   0x000000ca   Code   RO          247    .text.keyExpansion  main.o
    0x10005bda   0x00000002   PAD
    0x10005bdc   0x00000048   Code   RO          245    .text.main          main.o
    0x10005c24   0x00000086   Code   RO          233    .text.mixColumns    main.o
    0x10005caa   0x00000002   PAD
    0x10005cac   0x00000040   Code   RO          231    .text.shiftRows     main.o
    0x10005cec   0x00000032   Code   RO          227    .text.subBytes      main.o
    0x10005d1e   0x00000002   PAD
    0x10005d20   0x00000062   Code   RO          243    .text.test_Aes      main.o
    0x10005d82   0x00000002   PAD
    0x10005d84   0x00000010   Code   RO          235    .text.xtime         main.o
    0x10005d94   0x0000001a   Code   RO         7868    x$fpl$fpinit        fz_wm.l(fpinit.o)
    0x10005dae   0x00000004   Data   RO         7870    .constdata          c_w.l(sys_io_names.o)
    0x10005db2   0x00000004   Data   RO         7871    .constdata          c_w.l(sys_io_names.o)
    0x10005db6   0x00000004   Data   RO         7872    .constdata          c_w.l(sys_io_names.o)
    0x10005dba   0x00000003   Data   RO           66    .rodata.CYBSP_CINA_obj  cycfg_pins.o
    0x10005dbd   0x00000003   Data   RO           68    .rodata.CYBSP_CINB_obj  cycfg_pins.o
    0x10005dc0   0x00000003   Data   RO           70    .rodata.CYBSP_CMOD_obj  cycfg_pins.o
    0x10005dc3   0x00000003   Data   RO           72    .rodata.CYBSP_CSD_BTN0_obj  cycfg_pins.o
    0x10005dc6   0x00000003   Data   RO           74    .rodata.CYBSP_CSD_BTN1_obj  cycfg_pins.o
    0x10005dc9   0x00000003   Data   RO           34    .rodata.CYBSP_CSD_CLK_DIV_obj  cycfg_clocks.o
    0x10005dcc   0x00000003   Data   RO           76    .rodata.CYBSP_CSD_SLD0_obj  cycfg_pins.o
    0x10005dcf   0x00000003   Data   RO           78    .rodata.CYBSP_CSD_SLD1_obj  cycfg_pins.o
    0x10005dd2   0x00000003   Data   RO           80    .rodata.CYBSP_CSD_SLD2_obj  cycfg_pins.o
    0x10005dd5   0x00000003   Data   RO           82    .rodata.CYBSP_CSD_SLD3_obj  cycfg_pins.o
    0x10005dd8   0x00000003   Data   RO           84    .rodata.CYBSP_CSD_SLD4_obj  cycfg_pins.o
    0x10005ddb   0x00000003   Data   RO           58    .rodata.CYBSP_CSD_TX_obj  cycfg_pins.o
    0x10005dde   0x00000002   PAD
    0x10005de0   0x00000034   Data   RO           63    .rodata.CYBSP_SWDCK_config  cycfg_pins.o
    0x10005e14   0x00000003   Data   RO           64    .rodata.CYBSP_SWDCK_obj  cycfg_pins.o
    0x10005e17   0x00000001   PAD
    0x10005e18   0x00000034   Data   RO           61    .rodata.CYBSP_SWDIO_config  cycfg_pins.o
    0x10005e4c   0x00000003   Data   RO           62    .rodata.CYBSP_SWDIO_obj  cycfg_pins.o
    0x10005e4f   0x00000001   PAD
    0x10005e50   0x00000034   Data   RO           59    .rodata.CYBSP_SWO_config  cycfg_pins.o
    0x10005e84   0x00000003   Data   RO           60    .rodata.CYBSP_SWO_obj  cycfg_pins.o
    0x10005e87   0x00000001   PAD
    0x10005e88   0x00000034   Data   RO           53    .rodata.CYBSP_WCO_IN_config  cycfg_pins.o
    0x10005ebc   0x00000003   Data   RO           54    .rodata.CYBSP_WCO_IN_obj  cycfg_pins.o
    0x10005ebf   0x00000001   PAD
    0x10005ec0   0x00000034   Data   RO           55    .rodata.CYBSP_WCO_OUT_config  cycfg_pins.o
    0x10005ef4   0x00000003   Data   RO           56    .rodata.CYBSP_WCO_OUT_obj  cycfg_pins.o
    0x10005ef7   0x000000ff   Data   RO          254    .rodata.Rcon        main.o
    0x10005ff6   0x00000002   PAD
    0x10005ff8   0x00000034   Data   RO          196    .rodata.SystemInit.systemIpcPipeConfigCm4  system_psoc6_cm4.o
    0x1000602c   0x000000c0   Data   RO         3624    .rodata.cy_deviceIpBlockCfgPSoC6_02  cy_device.o
    0x100060ec   0x00000001   Data   RO         2001    .rodata.cyhal_block_offsets_can  cyhal_hwmgr.o
    0x100060ed   0x0000001a   Data   RO         2002    .rodata.cyhal_block_offsets_clock  cyhal_hwmgr.o
    0x10006107   0x00000001   Data   RO         2003    .rodata.cyhal_block_offsets_dma  cyhal_hwmgr.o
    0x10006108   0x00000002   Data   RO         2004    .rodata.cyhal_block_offsets_dw  cyhal_hwmgr.o
    0x1000610a   0x00000010   Data   RO         2006    .rodata.cyhal_block_offsets_gpio  cyhal_hwmgr.o
    0x1000611a   0x00000002   Data   RO         2007    .rodata.cyhal_block_offsets_tcpwm  cyhal_hwmgr.o
    0x1000611c   0x00000001   Data   RO         2005    .rodata.cyhal_block_offsets_tdm  cyhal_hwmgr.o
    0x1000611d   0x00000100   Data   RO          253    .rodata.sbox        main.o
    0x1000621d   0x00000003   PAD
    0x10006220   0x00000014   Data   RO          167    .rodata.srss_0_clock_0_fll_0_fllConfig  cycfg_system.o
    0x10006234   0x00000003   Data   RO          161    .rodata.srss_0_clock_0_pathmux_0_obj  cycfg_system.o
    0x10006237   0x00000003   Data   RO          162    .rodata.srss_0_clock_0_pathmux_1_obj  cycfg_system.o
    0x1000623a   0x00000003   Data   RO          163    .rodata.srss_0_clock_0_pathmux_2_obj  cycfg_system.o
    0x1000623d   0x00000003   Data   RO          164    .rodata.srss_0_clock_0_pathmux_3_obj  cycfg_system.o
    0x10006240   0x00000003   Data   RO          165    .rodata.srss_0_clock_0_pathmux_4_obj  cycfg_system.o
    0x10006243   0x00000003   Data   RO          166    .rodata.srss_0_clock_0_pathmux_5_obj  cycfg_system.o
    0x10006246   0x00000005   Data   RO          168    .rodata.srss_0_clock_0_pll_0_pllConfig  cycfg_system.o
    0x1000624b   0x00000001   PAD
    0x1000624c   0x00000030   Data   RO         8098    Region$$Table       anon$$obj.o
    0x1000627c   0x00000004   Data   RO          197    .init_array         system_psoc6_cm4.o
    0x10006280   0x00000000   Data   RO         7753    .init_array         c_w.l(init_aeabi.o)


    Execution Region .cy_app_signature (Base: 0x101fff00, Size: 0x00000000, Max: 0x00000100, ABSOLUTE)

    **** No section assigned to this execution region ****



  Load Region LR_EM_EEPROM (Base: 0x14000000, Size: 0x00000000, Max: 0x00008000, ABSOLUTE)

    Execution Region .cy_em_eeprom (Base: 0x14000000, Size: 0x00000000, Max: 0xffffffff, ABSOLUTE)

    **** No section assigned to this execution region ****



  Load Region LR_SFLASH_USER_DATA (Base: 0x16000800, Size: 0x00000000, Max: 0x00000800, ABSOLUTE)

    Execution Region .cy_sflash_user_data (Base: 0x16000800, Size: 0x00000000, Max: 0xffffffff, ABSOLUTE)

    **** No section assigned to this execution region ****



  Load Region LR_SFLASH_NAR (Base: 0x16001a00, Size: 0x00000000, Max: 0x00000200, ABSOLUTE)

    Execution Region .cy_sflash_nar (Base: 0x16001a00, Size: 0x00000000, Max: 0xffffffff, ABSOLUTE)

    **** No section assigned to this execution region ****



  Load Region LR_SFLASH_PUBLIC_KEY (Base: 0x16005a00, Size: 0x00000000, Max: 0x00000c00, ABSOLUTE)

    Execution Region .cy_sflash_public_key (Base: 0x16005a00, Size: 0x00000000, Max: 0xffffffff, ABSOLUTE)

    **** No section assigned to this execution region ****



  Load Region LR_SFLASH_TOC_2 (Base: 0x16007c00, Size: 0x00000000, Max: 0x00000200, ABSOLUTE)

    Execution Region .cy_toc_part2 (Base: 0x16007c00, Size: 0x00000000, Max: 0xffffffff, ABSOLUTE)

    **** No section assigned to this execution region ****



  Load Region LR_SFLASH_RTOC_2 (Base: 0x16007e00, Size: 0x00000000, Max: 0x00000200, ABSOLUTE)

    Execution Region .cy_rtoc_part2 (Base: 0x16007e00, Size: 0x00000000, Max: 0xffffffff, ABSOLUTE)

    **** No section assigned to this execution region ****



  Load Region LR_EROM (Base: 0x18000000, Size: 0x00000000, Max: 0x08000000, ABSOLUTE)

    Execution Region cy_xip (Base: 0x18000000, Size: 0x00000000, Max: 0xffffffff, ABSOLUTE)

    **** No section assigned to this execution region ****



  Load Region LR_EFUSE (Base: 0x90700000, Size: 0x00000000, Max: 0x00100000, ABSOLUTE)

    Execution Region .cy_efuse (Base: 0x90700000, Size: 0x00000000, Max: 0xffffffff, ABSOLUTE)

    **** No section assigned to this execution region ****



  Load Region CYMETA (Base: 0x90500000, Size: 0x00000000, Max: 0xffffffff, ABSOLUTE)

    Execution Region .cymeta (Base: 0x90500000, Size: 0x00000000, Max: 0xffffffff, ABSOLUTE)

    **** No section assigned to this execution region ****


==============================================================================

Image component sizes


      Code (inc. data)   RO Data    RW Data    ZI Data      Debug   

     11998        168       8182        400    1037572     651703   Object Totals
         0          0         48          0    1035976          0   (incl. Generated)
       198          0         12          3         10          0   (incl. Padding)
      3056        226         12         12        348       3348   Library Totals
         8          0          0          0          0          0   (incl. Padding)

==============================================================================


      Code (inc. data)   RO Data    RW Data    ZI Data      Debug   

     15054        394       8194        412    1037920     652783   Grand Totals
     15054        394       8194        412    1037920     652783   ELF Image Totals
     15054        394       8194        412          0          0   ROM Totals

==============================================================================

    Total RO  Size (Code + RO Data)                23248 (  22.70kB)
    Total RW  Size (RW Data + ZI Data)           1038332 (1014.00kB)
    Total ROM Size (Code + RO Data + RW Data)      23660 (  23.11kB)

==============================================================================

