Component: ARM Compiler 6.16 Tool: armlink [5dfeaa00]

==============================================================================

Memory Map of the image

  Image Entry point : 0x100022e1

  Load Region LR_IROM (Base: 0x10000000, Size: 0x00001850, Max: 0x00002000, ABSOLUTE)

    Execution Region .cy_m0p_image (Base: 0x10000000, Size: 0x00001850, Max: 0x00002000, ABSOLUTE)

    Base Addr    Size         Type   Attr      Idx    E Section Name        Object

    0x10000000   0x00001850   Data   RO         4857    .cy_m0p_image       psoc6_02_cm0p_sleep.o



  Load Region LR_IROM1 (Base: 0x10002000, Size: 0x00004968, Max: 0x001fe000, ABSOLUTE)

    Execution Region ER_RAM_VECTORS (Base: 0x08002000, Size: 0x000002e0, Max: 0xffffffff, ABSOLUTE, UNINIT)

    Base Addr    Size         Type   Attr      Idx    E Section Name        Object

    0x08002000   0x000002e0   Zero   RW            4    RESET_RAM           startup_psoc6_02_cm4.o


    Execution Region RW_RAM_DATA (Base: 0x080022e0, Size: 0x000005b4, Max: 0xffffffff, ABSOLUTE)

    Base Addr    Size         Type   Attr      Idx    E Section Name        Object

    0x080022e0   0x00000004   Data   RW          205    .ARM.use_no_argv    main.o
    0x080022e4   0x00000008   Data   RW         3344    .cy_sharedmem       cy_ipc_sema.o
    0x080022ec   0x00000004   Data   RW         5059    .data               c_w.l(stdio_streams.o)
    0x080022f0   0x00000004   Data   RW         5060    .data               c_w.l(stdio_streams.o)
    0x080022f4   0x00000004   Data   RW         5061    .data               c_w.l(stdio_streams.o)
    0x080022f8   0x00000018   Data   RW          176    .data..L_MergedGlobals  system_psoc6_cm4.o
    0x08002310   0x00000078   Data   RW         2048    .data..L_MergedGlobals  cyhal_syspm.o
    0x08002388   0x00000008   Data   RW         2044    .data._cyhal_syspm_cb_params_deepsleep  cyhal_syspm.o
    0x08002390   0x00000008   Data   RW         2045    .data._cyhal_syspm_cb_params_hibernate  cyhal_syspm.o
    0x08002398   0x00000008   Data   RW         2046    .data._cyhal_syspm_cb_params_lp  cyhal_syspm.o
    0x080023a0   0x00000008   Data   RW         2043    .data._cyhal_syspm_cb_params_sleep  cyhal_syspm.o
    0x080023a8   0x00000008   Data   RW         2047    .data._cyhal_syspm_cb_params_ulp  cyhal_syspm.o
    0x080023b0   0x0000001c   Data   RW         2040    .data._cyhal_syspm_cb_ulp  cyhal_syspm.o
    0x080023cc   0x0000001c   Data   RW          189    .data.cybsp_register_sysclk_pm_callback.cybsp_sysclk_pm_callback  cybsp.o
    0x080023e8   0x00000054   Zero   RW         5056    .bss                c_w.l(stdio_streams.o)
    0x0800243c   0x00000054   Zero   RW         5057    .bss                c_w.l(stdio_streams.o)
    0x08002490   0x00000054   Zero   RW         5058    .bss                c_w.l(stdio_streams.o)
    0x080024e4   0x00000060   Zero   RW         5265    .bss                c_w.l(libspace.o)
    0x08002544   0x0000006c   Zero   RW         1824    .bss..L_MergedGlobals  cyhal_scb_common.o
    0x080025b0   0x00000014   Zero   RW         4420    .bss..L_MergedGlobals  cy_sysclk.o
    0x080025c4   0x00000058   Zero   RW         4620    .bss..L_MergedGlobals  cy_syspm.o
    0x0800261c   0x00000004   Zero   RW         2049    .bss..L_MergedGlobals.2  cyhal_syspm.o
    0x08002620   0x00000014   Zero   RW         4659    .bss.Cy_SysTick_Callbacks  cy_systick.o
    0x08002634   0x00000160   Zero   RW          172    .bss.SystemInit.systemIpcPipeEpArray  system_psoc6_cm4.o
    0x08002794   0x00000020   Zero   RW          173    .bss.SystemInit.systemIpcPipeSysCbArray  system_psoc6_cm4.o
    0x080027b4   0x00000004   Zero   RW         2042    .bss._cyhal_syspm_supply_voltages  cyhal_syspm.o
    0x080027b8   0x00000004   Zero   RW         2406    .bss.cy_device      cy_device.o
    0x080027bc   0x00000004   Zero   RW         3323    .bss.cy_ipc_pipe_epArray  cy_ipc_pipe.o
    0x080027c0   0x000000a0   Zero   RW         4896    .bss.cy_retarget_io_uart_obj  cy_retarget_io.o
    0x08002860   0x00000004   Zero   RW         3345    .bss.cy_semaIpcStruct  cy_ipc_sema.o
    0x08002864   0x00000008   Zero   RW          188    .bss.cybsp_register_sysclk_pm_callback.cybsp_sysclk_pm_callback_param  cybsp.o
    0x0800286c   0x00000027   Zero   RW         1458    .bss.cyhal_used     cyhal_hwmgr.o


    Execution Region RW_IRAM1 (Base: 0x08002894, Size: 0x00000094, Max: 0xffffffff, ABSOLUTE, UNINIT)

    Base Addr    Size         Type   Attr      Idx    E Section Name        Object

    0x08002894   0x00000094   Data   RW         4481    .noinit             cy_syslib.o


    Execution Region ARM_LIB_HEAP (Base: 0x08002928, Size: 0x000fbed8, Max: 0x000fbed8, ABSOLUTE)

    Base Addr    Size         Type   Attr      Idx    E Section Name        Object

    0x08002928   0x000fbed8   Zero   RW            1    ARM_LIB_HEAP.bss    anon$$obj.o


    Execution Region ARM_LIB_STACK (Base: 0x080fe800, Size: 0x00001000, Max: 0x00001000, ABSOLUTE)

    Base Addr    Size         Type   Attr      Idx    E Section Name        Object

    0x080fe800   0x00001000   Zero   RW            2    ARM_LIB_STACK.bss   anon$$obj.o


    Execution Region ER_FLASH_VECTORS (Base: 0x10002000, Size: 0x000002e0, Max: 0xffffffff, ABSOLUTE)

    Base Addr    Size         Type   Attr      Idx    E Section Name        Object

    0x10002000   0x000002e0   Data   RO            3    RESET               startup_psoc6_02_cm4.o


    Execution Region ER_FLASH_CODE (Base: 0x100022e0, Size: 0x000044ec, Max: 0xffffffff, ABSOLUTE, FIXED)

    Base Addr    Size         Type   Attr      Idx    E Section Name        Object

    0x100022e0   0x00000008   Code   RO         5032  * !!!main             c_w.l(__main.o)
    0x100022e8   0x00000034   Code   RO         5383    !!!scatter          c_w.l(__scatter.o)
    0x1000231c   0x0000003a   Code   RO         5381    !!dczerorl          c_w.l(__dczerorl.o)
    0x10002356   0x00000002   PAD
    0x10002358   0x0000001a   Code   RO         5385    !!handler_copy      c_w.l(__scatter_copy.o)
    0x10002372   0x00000002   PAD
    0x10002374   0x0000001c   Code   RO         5387    !!handler_zi        c_w.l(__scatter_zi.o)
    0x10002390   0x00000000   Code   RO         4966    .ARM.Collect$$_printf_percent$$00000000  c_w.l(_printf_percent.o)
    0x10002390   0x00000006   Code   RO         4965    .ARM.Collect$$_printf_percent$$00000009  c_w.l(_printf_d.o)
    0x10002396   0x00000004   Code   RO         5055    .ARM.Collect$$_printf_percent$$00000017  c_w.l(_printf_percent_end.o)
    0x1000239a   0x00000002   Code   RO         5247    .ARM.Collect$$libinit$$00000000  c_w.l(libinit.o)
    0x1000239c   0x00000004   Code   RO         5067    .ARM.Collect$$libinit$$00000001  c_w.l(libinit2.o)
    0x100023a0   0x00000000   Code   RO         5070    .ARM.Collect$$libinit$$00000004  c_w.l(libinit2.o)
    0x100023a0   0x00000008   Code   RO         5316    .ARM.Collect$$libinit$$00000008  c_w.l(libinit5.o)
    0x100023a8   0x00000000   Code   RO         5073    .ARM.Collect$$libinit$$0000000A  c_w.l(libinit2.o)
    0x100023a8   0x00000000   Code   RO         5075    .ARM.Collect$$libinit$$0000000C  c_w.l(libinit2.o)
    0x100023a8   0x00000000   Code   RO         5077    .ARM.Collect$$libinit$$0000000E  c_w.l(libinit2.o)
    0x100023a8   0x00000000   Code   RO         5080    .ARM.Collect$$libinit$$00000011  c_w.l(libinit2.o)
    0x100023a8   0x00000000   Code   RO         5082    .ARM.Collect$$libinit$$00000013  c_w.l(libinit2.o)
    0x100023a8   0x00000000   Code   RO         5084    .ARM.Collect$$libinit$$00000015  c_w.l(libinit2.o)
    0x100023a8   0x00000000   Code   RO         5086    .ARM.Collect$$libinit$$00000017  c_w.l(libinit2.o)
    0x100023a8   0x00000000   Code   RO         5088    .ARM.Collect$$libinit$$00000019  c_w.l(libinit2.o)
    0x100023a8   0x00000000   Code   RO         5090    .ARM.Collect$$libinit$$0000001B  c_w.l(libinit2.o)
    0x100023a8   0x00000000   Code   RO         5092    .ARM.Collect$$libinit$$0000001D  c_w.l(libinit2.o)
    0x100023a8   0x00000000   Code   RO         5094    .ARM.Collect$$libinit$$0000001F  c_w.l(libinit2.o)
    0x100023a8   0x00000000   Code   RO         5096    .ARM.Collect$$libinit$$00000021  c_w.l(libinit2.o)
    0x100023a8   0x00000000   Code   RO         5098    .ARM.Collect$$libinit$$00000023  c_w.l(libinit2.o)
    0x100023a8   0x00000004   Code   RO         5099    .ARM.Collect$$libinit$$00000024  c_w.l(libinit2.o)
    0x100023ac   0x00000000   Code   RO         5100    .ARM.Collect$$libinit$$00000025  c_w.l(libinit2.o)
    0x100023ac   0x00000000   Code   RO         5104    .ARM.Collect$$libinit$$0000002C  c_w.l(libinit2.o)
    0x100023ac   0x00000000   Code   RO         5106    .ARM.Collect$$libinit$$0000002E  c_w.l(libinit2.o)
    0x100023ac   0x00000000   Code   RO         5108    .ARM.Collect$$libinit$$00000030  c_w.l(libinit2.o)
    0x100023ac   0x00000004   Code   RO         5109    .ARM.Collect$$libinit$$00000031  c_w.l(libinit2.o)
    0x100023b0   0x00000000   Code   RO         5110    .ARM.Collect$$libinit$$00000032  c_w.l(libinit2.o)
    0x100023b0   0x00000002   Code   RO         5111    .ARM.Collect$$libinit$$00000033  c_w.l(libinit2.o)
    0x100023b2   0x00000002   PAD
    0x100023b4   0x00000008   Code   RO         5317    .ARM.Collect$$libinit$$00002719  c_w.l(libinit5.o)
    0x100023bc   0x00000002   Code   RO         5362    .ARM.Collect$$libshutdown$$00000000  c_w.l(libshutdown.o)
    0x100023be   0x00000000   Code   RO         5249    .ARM.Collect$$libshutdown$$00000002  c_w.l(libshutdown2.o)
    0x100023be   0x00000004   Code   RO         5250    .ARM.Collect$$libshutdown$$00000003  c_w.l(libshutdown2.o)
    0x100023c2   0x00000000   Code   RO         5251    .ARM.Collect$$libshutdown$$00000004  c_w.l(libshutdown2.o)
    0x100023c2   0x00000000   Code   RO         5254    .ARM.Collect$$libshutdown$$00000007  c_w.l(libshutdown2.o)
    0x100023c2   0x00000000   Code   RO         5257    .ARM.Collect$$libshutdown$$0000000A  c_w.l(libshutdown2.o)
    0x100023c2   0x00000000   Code   RO         5259    .ARM.Collect$$libshutdown$$0000000C  c_w.l(libshutdown2.o)
    0x100023c2   0x00000000   Code   RO         5262    .ARM.Collect$$libshutdown$$0000000F  c_w.l(libshutdown2.o)
    0x100023c2   0x00000002   Code   RO         5263    .ARM.Collect$$libshutdown$$00000010  c_w.l(libshutdown2.o)
    0x100023c4   0x00000000   Code   RO         5042    .ARM.Collect$$rtentry$$00000000  c_w.l(__rtentry.o)
    0x100023c4   0x00000000   Code   RO         5117    .ARM.Collect$$rtentry$$00000002  c_w.l(__rtentry2.o)
    0x100023c4   0x00000004   Code   RO         5131    .ARM.Collect$$rtentry$$00000007  c_w.l(__rtentry7.o)
    0x100023c8   0x00000000   Code   RO         5119    .ARM.Collect$$rtentry$$00000009  c_w.l(__rtentry2.o)
    0x100023c8   0x00000004   Code   RO         5120    .ARM.Collect$$rtentry$$0000000A  c_w.l(__rtentry2.o)
    0x100023cc   0x00000000   Code   RO         5122    .ARM.Collect$$rtentry$$0000000C  c_w.l(__rtentry2.o)
    0x100023cc   0x00000008   Code   RO         5123    .ARM.Collect$$rtentry$$0000000D  c_w.l(__rtentry2.o)
    0x100023d4   0x00000004   Code   RO         5132    .ARM.Collect$$rtentry$$00002718  c_w.l(__rtentry7.o)
    0x100023d8   0x00000002   Code   RO         5271    .ARM.Collect$$rtexit$$00000000  c_w.l(rtexit.o)
    0x100023da   0x00000000   Code   RO         5322    .ARM.Collect$$rtexit$$00000002  c_w.l(rtexit2.o)
    0x100023da   0x00000004   Code   RO         5323    .ARM.Collect$$rtexit$$00000003  c_w.l(rtexit2.o)
    0x100023de   0x00000006   Code   RO         5324    .ARM.Collect$$rtexit$$00000004  c_w.l(rtexit2.o)
    0x100023e4   0x00000074   Code   RO            5    .text               startup_psoc6_02_cm4.o
    0x10002458   0x0000001e   Code   RO          213    .text               cy_syslib_mdk.o
    0x10002476   0x00000002   Code   RO         4930    .text               c_w.l(use_no_semi_2.o)
    0x10002478   0x000000f0   Code   RO         4932    .text               c_w.l(lludivv7m.o)
    0x10002568   0x00000018   Code   RO         4938    .text               c_w.l(noretval__2printf.o)
    0x10002580   0x00000068   Code   RO         4940    .text               c_w.l(__printf.o)
    0x100025e8   0x00000078   Code   RO         4942    .text               c_w.l(_printf_dec.o)
    0x10002660   0x0000004e   Code   RO         4973    .text               c_w.l(rt_memclr_w.o)
    0x100026ae   0x00000006   Code   RO         5030    .text               c_w.l(heapauxi.o)
    0x100026b4   0x00000024   Code   RO         5037    .text               c_w.l(init_aeabi.o)
    0x100026d8   0x00000002   Code   RO         5040    .text               c_w.l(use_no_semi.o)
    0x100026da   0x000000b2   Code   RO         5051    .text               c_w.l(_printf_intcommon.o)
    0x1000278c   0x00000024   Code   RO         5053    .text               c_w.l(_printf_char_file.o)
    0x100027b0   0x00000030   Code   RO         5138    .text               c_w.l(_printf_char_common.o)
    0x100027e0   0x00000008   Code   RO         5140    .text               c_w.l(ferror.o)
    0x100027e8   0x00000138   Code   RO         5142    .text               c_w.l(initio.o)
    0x10002920   0x0000004e   Code   RO         5161    .text               c_w.l(h1_free.o)
    0x1000296e   0x00000046   Code   RO         5217    .text               c_w.l(setvbuf.o)
    0x100029b4   0x000000f0   Code   RO         5220    .text               c_w.l(fopen.o)
    0x10002aa4   0x0000004c   Code   RO         5222    .text               c_w.l(fclose.o)
    0x10002af0   0x00000012   Code   RO         5228    .text               c_w.l(exit.o)
    0x10002b02   0x0000000e   Code   RO         5234    .text               c_w.l(defsig_rtred_outer.o)
    0x10002b10   0x00000008   Code   RO         5278    .text               c_w.l(rt_heap_descriptor_intlibspace.o)
    0x10002b18   0x00000004   Code   RO         5280    .text               c_w.l(hguard.o)
    0x10002b1c   0x0000008a   Code   RO         5284    .text               c_w.l(init_alloc.o)
    0x10002ba6   0x0000005e   Code   RO         5290    .text               c_w.l(h1_alloc.o)
    0x10002c04   0x000000f8   Code   RO         5302    .text               c_w.l(fseek.o)
    0x10002cfc   0x000000f0   Code   RO         5304    .text               c_w.l(stdio.o)
    0x10002dec   0x0000000a   Code   RO         5306    .text               c_w.l(defsig_exit.o)
    0x10002df6   0x00000002   PAD
    0x10002df8   0x00000034   Code   RO         5310    .text               c_w.l(defsig_rtred_inner.o)
    0x10002e2c   0x0000000e   Code   RO         5312    .text               c_w.l(defsig_rtmem_outer.o)
    0x10002e3a   0x00000000   Code   RO         5328    .text               c_w.l(maybetermalloc1.o)
    0x10002e3a   0x0000000e   Code   RO         5330    .text               c_w.l(h1_init.o)
    0x10002e48   0x00000034   Code   RO         5332    .text               c_w.l(h1_extend.o)
    0x10002e7c   0x00000042   Code   RO         5338    .text               c_w.l(ftell.o)
    0x10002ebe   0x00000032   Code   RO         5342    .text               c_w.l(defsig_general.o)
    0x10002ef0   0x00000050   Code   RO         5344    .text               c_w.l(defsig_rtmem_inner.o)
    0x10002f40   0x00000008   Code   RO         5354    .text               c_w.l(rt_errno_addr_intlibspace.o)
    0x10002f48   0x00000004   Code   RO           20    .text.AES128_ECB_encrypt  aes_lib.o
    0x10002f4c   0x000000c4   Code   RO         3195    .text.Cy_GPIO_Pin_FastInit  cy_gpio.o
    0x10003010   0x000002ea   Code   RO         3179    .text.Cy_GPIO_Pin_Init  cy_gpio.o
    0x100032fa   0x00000002   PAD
    0x100032fc   0x0000002e   Code   RO         3285    .text.Cy_IPC_Drv_LockRelease  cy_ipc_drv.o
    0x1000332a   0x00000002   PAD
    0x1000332c   0x0000002a   Code   RO         3289    .text.Cy_IPC_Drv_ReadMsgWord  cy_ipc_drv.o
    0x10003356   0x00000002   PAD
    0x10003358   0x00000022   Code   RO         3287    .text.Cy_IPC_Drv_SendMsgWord  cy_ipc_drv.o
    0x1000337a   0x00000002   PAD
    0x1000337c   0x00000012   Code   RO         3303    .text.Cy_IPC_Pipe_Config  cy_ipc_pipe.o
    0x1000338e   0x00000002   PAD
    0x10003390   0x000000c8   Code   RO         3317    .text.Cy_IPC_Pipe_ExecCallback  cy_ipc_pipe.o
    0x10003458   0x00000026   Code   RO         3315    .text.Cy_IPC_Pipe_ExecuteCallback  cy_ipc_pipe.o
    0x1000347e   0x00000002   PAD
    0x10003480   0x000001d8   Code   RO         3305    .text.Cy_IPC_Pipe_Init  cy_ipc_pipe.o
    0x10003658   0x000000c4   Code   RO         3332    .text.Cy_IPC_Sema_Init  cy_ipc_sema.o
    0x1000371c   0x0000000c   Code   RO         2400    .text.Cy_PDL_Init   cy_device.o
    0x10003728   0x00000028   Code   RO         3460    .text.Cy_Prot_GetActivePC  cy_prot.o
    0x10003750   0x00000022   Code   RO         3695    .text.Cy_SCB_Write  cy_scb_common.o
    0x10003772   0x00000002   PAD
    0x10003774   0x00000016   Code   RO         4247    .text.Cy_SysClk_ClkBakSetSource  cy_sysclk.o
    0x1000378a   0x00000002   PAD
    0x1000378c   0x00000018   Code   RO         4277    .text.Cy_SysClk_ClkFastGetDivider  cy_sysclk.o
    0x100037a4   0x0000001e   Code   RO         4279    .text.Cy_SysClk_ClkFastSetDivider  cy_sysclk.o
    0x100037c2   0x00000002   PAD
    0x100037c4   0x0000004c   Code   RO         4269    .text.Cy_SysClk_ClkHfGetFrequency  cy_sysclk.o
    0x10003810   0x00000026   Code   RO         4289    .text.Cy_SysClk_ClkHfGetSource  cy_sysclk.o
    0x10003836   0x00000002   PAD
    0x10003838   0x00000036   Code   RO         4291    .text.Cy_SysClk_ClkHfSetDivider  cy_sysclk.o
    0x1000386e   0x00000002   PAD
    0x10003870   0x00000038   Code   RO         4287    .text.Cy_SysClk_ClkHfSetSource  cy_sysclk.o
    0x100038a8   0x00000018   Code   RO         4265    .text.Cy_SysClk_ClkLfSetSource  cy_sysclk.o
    0x100038c0   0x0000010a   Code   RO         4245    .text.Cy_SysClk_ClkPathGetFrequency  cy_sysclk.o
    0x100039ca   0x00000002   PAD
    0x100039cc   0x00000038   Code   RO         4361    .text.Cy_SysClk_ClkPathGetSource  cy_sysclk.o
    0x10003a04   0x0000005c   Code   RO         4359    .text.Cy_SysClk_ClkPathSetSource  cy_sysclk.o
    0x10003a60   0x00000016   Code   RO         4271    .text.Cy_SysClk_ClkPeriGetDivider  cy_sysclk.o
    0x10003a76   0x00000002   PAD
    0x10003a78   0x0000001e   Code   RO         4273    .text.Cy_SysClk_ClkPeriSetDivider  cy_sysclk.o
    0x10003a96   0x00000002   PAD
    0x10003a98   0x0000001e   Code   RO         4227    .text.Cy_SysClk_ClkSlowSetDivider  cy_sysclk.o
    0x10003ab6   0x00000002   PAD
    0x10003ab8   0x000003a2   Code   RO         4413    .text.Cy_SysClk_DeepSleepCallback  cy_sysclk.o
    0x10003e5a   0x00000002   PAD
    0x10003e5c   0x00000026   Code   RO         4373    .text.Cy_SysClk_FllDisable  cy_sysclk.o
    0x10003e82   0x00000002   PAD
    0x10003e84   0x000000ca   Code   RO         4381    .text.Cy_SysClk_FllEnable  cy_sysclk.o
    0x10003f4e   0x00000002   PAD
    0x10003f50   0x00000124   Code   RO         4365    .text.Cy_SysClk_FllGetFrequency  cy_sysclk.o
    0x10004074   0x000000f8   Code   RO         4377    .text.Cy_SysClk_FllManualConfigure  cy_sysclk.o
    0x1000416c   0x0000002a   Code   RO         4341    .text.Cy_SysClk_IloDisable  cy_sysclk.o
    0x10004196   0x00000002   PAD
    0x10004198   0x00000012   Code   RO         4337    .text.Cy_SysClk_IloEnable  cy_sysclk.o
    0x100041aa   0x00000002   PAD
    0x100041ac   0x00000014   Code   RO         4343    .text.Cy_SysClk_IloHibernateOn  cy_sysclk.o
    0x100041c0   0x00000066   Code   RO         4209    .text.Cy_SysClk_PeriphAssignDivider  cy_sysclk.o
    0x10004226   0x00000002   PAD
    0x10004228   0x00000058   Code   RO         4215    .text.Cy_SysClk_PeriphDisableDivider  cy_sysclk.o
    0x10004280   0x00000078   Code   RO         4213    .text.Cy_SysClk_PeriphEnableDivider  cy_sysclk.o
    0x100042f8   0x0000006e   Code   RO         4201    .text.Cy_SysClk_PeriphSetDivider  cy_sysclk.o
    0x10004366   0x00000002   PAD
    0x10004368   0x0000004c   Code   RO         4389    .text.Cy_SysClk_PllDisable  cy_sysclk.o
    0x100043b4   0x000000d0   Code   RO         4397    .text.Cy_SysClk_PllEnable  cy_sysclk.o
    0x10004484   0x00000170   Code   RO         4367    .text.Cy_SysClk_PllGetFrequency  cy_sysclk.o
    0x100045f4   0x000000a0   Code   RO         4395    .text.Cy_SysClk_PllManualConfigure  cy_sysclk.o
    0x10004694   0x0000004c   Code   RO         4313    .text.Cy_SysClk_WcoEnable  cy_sysclk.o
    0x100046e0   0x00000078   Code   RO         4433    .text.Cy_SysInt_Init  cy_sysint.o
    0x10004758   0x00000006   Code   RO          167    .text.Cy_SysIpcPipeIsrCm4  system_psoc6_cm4.o
    0x1000475e   0x00000002   PAD
    0x10004760   0x00000010   Code   RO         4451    .text.Cy_SysLib_DelayUs  cy_syslib.o
    0x10004770   0x00000094   Code   RO         4471    .text.Cy_SysLib_FaultHandler  cy_syslib.o
    0x10004804   0x00000014   Code   RO         4479    .text.Cy_SysLib_GetDevice  cy_syslib.o
    0x10004818   0x00000012   Code   RO         4477    .text.Cy_SysLib_GetDeviceRevision  cy_syslib.o
    0x1000482a   0x00000002   PAD
    0x1000482c   0x00000034   Code   RO         4465    .text.Cy_SysLib_GetResetReason  cy_syslib.o
    0x10004860   0x00000004   Code   RO         4473    .text.Cy_SysLib_ProcessingFault  cy_syslib.o
    0x10004864   0x0000001a   Code   RO         4463    .text.Cy_SysLib_ResetBackupDomain  cy_syslib.o
    0x1000487e   0x00000002   PAD
    0x10004880   0x000000ca   Code   RO         4475    .text.Cy_SysLib_SetWaitStates  cy_syslib.o
    0x1000494a   0x00000002   PAD
    0x1000494c   0x0000026c   Code   RO         4514    .text.Cy_SysPm_LdoSetVoltage  cy_syspm.o
    0x10004bb8   0x00000028   Code   RO         4598    .text.Cy_SysPm_PmicDisableOutput  cy_syspm.o
    0x10004be0   0x00000012   Code   RO         4602    .text.Cy_SysPm_PmicUnlock  cy_syspm.o
    0x10004bf2   0x00000002   PAD
    0x10004bf4   0x000000da   Code   RO         4550    .text.Cy_SysPm_RegisterCallback  cy_syspm.o
    0x10004cce   0x00000002   PAD
    0x10004cd0   0x000000a8   Code   RO         4522    .text.Cy_SysPm_SystemSetNormalRegulatorCurrent  cy_syspm.o
    0x10004d78   0x000000e8   Code   RO         4532    .text.Cy_SysPm_WriteVoltageBitForFlash  cy_syspm.o
    0x10004e60   0x0000001a   Code   RO         4649    .text.Cy_SysTick_Enable  cy_systick.o
    0x10004e7a   0x00000002   PAD
    0x10004e7c   0x0000000c   Code   RO         4637    .text.Cy_SysTick_GetValue  cy_systick.o
    0x10004e88   0x000000a6   Code   RO         4643    .text.Cy_SysTick_Init  cy_systick.o
    0x10004f2e   0x00000002   PAD
    0x10004f30   0x00000046   Code   RO         4645    .text.Cy_SysTick_ServiceCallbacks  cy_systick.o
    0x10004f76   0x00000002   PAD
    0x10004f78   0x00000002   Code   RO          163    .text.Cy_SystemInit  system_psoc6_cm4.o
    0x10004f7a   0x00000002   PAD
    0x10004f7c   0x00000026   Code   RO          169    .text.Cy_SystemInitFpuEnable  system_psoc6_cm4.o
    0x10004fa2   0x00000002   PAD
    0x10004fa4   0x00000060   Code   RO          165    .text.SystemCoreClockUpdate  system_psoc6_cm4.o
    0x10005004   0x00000090   Code   RO          161    .text.SystemInit    system_psoc6_cm4.o
    0x10005094   0x0000000c   Code   RO         1815    .text._cyhal_scb_pm_transition_pending  cyhal_scb_common.o
    0x100050a0   0x000002ac   Code   RO         2038    .text._cyhal_syspm_common_cb  cyhal_syspm.o
    0x1000534c   0x00000016   Code   RO         2349    .text._cyhal_utils_convert_pdltohal_pm_mode  cyhal_utils_psoc.o
    0x10005362   0x00000002   PAD
    0x10005364   0x00000004   Code   RO         4871    .text._sys_close    cy_retarget_io.o
    0x10005368   0x00000002   Code   RO         4885    .text._sys_exit     cy_retarget_io.o
    0x1000536a   0x00000002   PAD
    0x1000536c   0x00000004   Code   RO         4883    .text._sys_flen     cy_retarget_io.o
    0x10005370   0x00000004   Code   RO         4879    .text._sys_istty    cy_retarget_io.o
    0x10005374   0x00000004   Code   RO         4869    .text._sys_open     cy_retarget_io.o
    0x10005378   0x00000006   Code   RO         4881    .text._sys_seek     cy_retarget_io.o
    0x1000537e   0x00000002   PAD
    0x10005380   0x00000004   Code   RO         4873    .text._sys_write    cy_retarget_io.o
    0x10005384   0x00000002   Code   RO         4877    .text._ttywrch      cy_retarget_io.o
    0x10005386   0x00000002   PAD
    0x10005388   0x00000178   Code   RO           10    .text.addRoundKey   aes_lib.o
    0x10005500   0x00000046   Code   RO          186    .text.cybsp_init    cybsp.o
    0x10005546   0x00000002   PAD
    0x10005548   0x00000002   Code   RO          141    .text.cycfg_ClockStartupError  cycfg_system.o
    0x1000554a   0x00000002   PAD
    0x1000554c   0x00000004   Code   RO         1448    .text.cyhal_hwmgr_init  cyhal_hwmgr.o
    0x10005550   0x00000206   Code   RO         1450    .text.cyhal_hwmgr_reserve  cyhal_hwmgr.o
    0x10005756   0x00000002   PAD
    0x10005758   0x00000050   Code   RO         2018    .text.cyhal_syspm_init  cyhal_syspm.o
    0x100057a8   0x00000012   Code   RO         2034    .text.cyhal_syspm_set_supply_voltage  cyhal_syspm.o
    0x100057ba   0x00000002   PAD
    0x100057bc   0x00000028   Code   RO         2187    .text.cyhal_uart_putc  cyhal_uart.o
    0x100057e4   0x0000001e   Code   RO         4865    .text.fputc         cy_retarget_io.o
    0x10005802   0x00000002   PAD
    0x10005804   0x0000031c   Code   RO           18    .text.gen_cipher    aes_lib.o
    0x10005b20   0x0000001a   Code   RO           32    .text.init_cycfg_all  cycfg.o
    0x10005b3a   0x00000002   PAD
    0x10005b3c   0x0000002c   Code   RO           56    .text.init_cycfg_clocks  cycfg_clocks.o
    0x10005b68   0x0000000a   Code   RO           66    .text.init_cycfg_peripherals  cycfg_peripherals.o
    0x10005b72   0x00000002   PAD
    0x10005b74   0x00000122   Code   RO           75    .text.init_cycfg_pins  cycfg_pins.o
    0x10005c96   0x00000002   PAD
    0x10005c98   0x00000010   Code   RO          133    .text.init_cycfg_routing  cycfg_routing.o
    0x10005ca8   0x00000222   Code   RO          143    .text.init_cycfg_system  cycfg_system.o
    0x10005eca   0x00000002   PAD
    0x10005ecc   0x000000d6   Code   RO            8    .text.keyExpansion  aes_lib.o
    0x10005fa2   0x00000002   PAD
    0x10005fa4   0x00000028   Code   RO          201    .text.main          main.o
    0x10005fcc   0x000001c2   Code   RO           16    .text.mixColumns    aes_lib.o
    0x1000618e   0x00000002   PAD
    0x10006190   0x0000010a   Code   RO          199    .text.test_Aes      main.o
    0x1000629a   0x0000001a   Code   RO         5150    x$fpl$fpinit        fz_wm.l(fpinit.o)
    0x100062b4   0x00000004   Data   RO         5152    .constdata          c_w.l(sys_io_names.o)
    0x100062b8   0x00000004   Data   RO         5153    .constdata          c_w.l(sys_io_names.o)
    0x100062bc   0x00000004   Data   RO         5154    .constdata          c_w.l(sys_io_names.o)
    0x100062c0   0x00000003   Data   RO           90    .rodata.CYBSP_CINA_obj  cycfg_pins.o
    0x100062c3   0x00000003   Data   RO           92    .rodata.CYBSP_CINB_obj  cycfg_pins.o
    0x100062c6   0x00000003   Data   RO           94    .rodata.CYBSP_CMOD_obj  cycfg_pins.o
    0x100062c9   0x00000003   Data   RO           96    .rodata.CYBSP_CSD_BTN0_obj  cycfg_pins.o
    0x100062cc   0x00000003   Data   RO           98    .rodata.CYBSP_CSD_BTN1_obj  cycfg_pins.o
    0x100062cf   0x00000003   Data   RO           58    .rodata.CYBSP_CSD_CLK_DIV_obj  cycfg_clocks.o
    0x100062d2   0x00000003   Data   RO          100    .rodata.CYBSP_CSD_SLD0_obj  cycfg_pins.o
    0x100062d5   0x00000003   Data   RO          102    .rodata.CYBSP_CSD_SLD1_obj  cycfg_pins.o
    0x100062d8   0x00000003   Data   RO          104    .rodata.CYBSP_CSD_SLD2_obj  cycfg_pins.o
    0x100062db   0x00000003   Data   RO          106    .rodata.CYBSP_CSD_SLD3_obj  cycfg_pins.o
    0x100062de   0x00000003   Data   RO          108    .rodata.CYBSP_CSD_SLD4_obj  cycfg_pins.o
    0x100062e1   0x00000003   Data   RO           82    .rodata.CYBSP_CSD_TX_obj  cycfg_pins.o
    0x100062e4   0x00000034   Data   RO           87    .rodata.CYBSP_SWDCK_config  cycfg_pins.o
    0x10006318   0x00000003   Data   RO           88    .rodata.CYBSP_SWDCK_obj  cycfg_pins.o
    0x1000631b   0x00000001   PAD
    0x1000631c   0x00000034   Data   RO           85    .rodata.CYBSP_SWDIO_config  cycfg_pins.o
    0x10006350   0x00000003   Data   RO           86    .rodata.CYBSP_SWDIO_obj  cycfg_pins.o
    0x10006353   0x00000001   PAD
    0x10006354   0x00000034   Data   RO           83    .rodata.CYBSP_SWO_config  cycfg_pins.o
    0x10006388   0x00000003   Data   RO           84    .rodata.CYBSP_SWO_obj  cycfg_pins.o
    0x1000638b   0x00000001   PAD
    0x1000638c   0x00000034   Data   RO           77    .rodata.CYBSP_WCO_IN_config  cycfg_pins.o
    0x100063c0   0x00000003   Data   RO           78    .rodata.CYBSP_WCO_IN_obj  cycfg_pins.o
    0x100063c3   0x00000001   PAD
    0x100063c4   0x00000034   Data   RO           79    .rodata.CYBSP_WCO_OUT_config  cycfg_pins.o
    0x100063f8   0x00000003   Data   RO           80    .rodata.CYBSP_WCO_OUT_obj  cycfg_pins.o
    0x100063fb   0x000000ff   Data   RO           22    .rodata.Rcon        aes_lib.o
    0x100064fa   0x00000002   PAD
    0x100064fc   0x00000034   Data   RO          174    .rodata.SystemInit.systemIpcPipeConfigCm4  system_psoc6_cm4.o
    0x10006530   0x00000010   Data   RO         1463    .rodata.cst16       cyhal_hwmgr.o
    0x10006540   0x000000c0   Data   RO         2403    .rodata.cy_deviceIpBlockCfgPSoC6_02  cy_device.o
    0x10006600   0x0000001a   Data   RO         1460    .rodata.cyhal_block_offsets_clock  cyhal_hwmgr.o
    0x1000661a   0x00000002   Data   RO         1461    .rodata.cyhal_block_offsets_dw  cyhal_hwmgr.o
    0x1000661c   0x00000002   Data   RO         1464    .rodata.cyhal_block_offsets_tcpwm  cyhal_hwmgr.o
    0x1000661e   0x0000003c   Data   RO         1459    .rodata.cyhal_resource_offsets  cyhal_hwmgr.o
    0x1000665a   0x00000100   Data   RO           23    .rodata.sbox        aes_lib.o
    0x1000675a   0x00000002   PAD
    0x1000675c   0x00000014   Data   RO          151    .rodata.srss_0_clock_0_fll_0_fllConfig  cycfg_system.o
    0x10006770   0x00000003   Data   RO          145    .rodata.srss_0_clock_0_pathmux_0_obj  cycfg_system.o
    0x10006773   0x00000003   Data   RO          146    .rodata.srss_0_clock_0_pathmux_1_obj  cycfg_system.o
    0x10006776   0x00000003   Data   RO          147    .rodata.srss_0_clock_0_pathmux_2_obj  cycfg_system.o
    0x10006779   0x00000003   Data   RO          148    .rodata.srss_0_clock_0_pathmux_3_obj  cycfg_system.o
    0x1000677c   0x00000003   Data   RO          149    .rodata.srss_0_clock_0_pathmux_4_obj  cycfg_system.o
    0x1000677f   0x00000003   Data   RO          150    .rodata.srss_0_clock_0_pathmux_5_obj  cycfg_system.o
    0x10006782   0x00000005   Data   RO          152    .rodata.srss_0_clock_0_pll_0_pllConfig  cycfg_system.o
    0x10006787   0x00000011   Data   RO          204    .rodata.str1.1      main.o
    0x10006798   0x00000030   Data   RO         5380    Region$$Table       anon$$obj.o
    0x100067c8   0x00000004   Data   RO          175    .init_array         system_psoc6_cm4.o
    0x100067cc   0x00000000   Data   RO         5035    .init_array         c_w.l(init_aeabi.o)


    Execution Region .cy_app_signature (Base: 0x101fff00, Size: 0x00000000, Max: 0x00000100, ABSOLUTE)

    **** No section assigned to this execution region ****



  Load Region LR_EM_EEPROM (Base: 0x14000000, Size: 0x00000000, Max: 0x00008000, ABSOLUTE)

    Execution Region .cy_em_eeprom (Base: 0x14000000, Size: 0x00000000, Max: 0xffffffff, ABSOLUTE)

    **** No section assigned to this execution region ****



  Load Region LR_SFLASH_USER_DATA (Base: 0x16000800, Size: 0x00000000, Max: 0x00000800, ABSOLUTE)

    Execution Region .cy_sflash_user_data (Base: 0x16000800, Size: 0x00000000, Max: 0xffffffff, ABSOLUTE)

    **** No section assigned to this execution region ****



  Load Region LR_SFLASH_NAR (Base: 0x16001a00, Size: 0x00000000, Max: 0x00000200, ABSOLUTE)

    Execution Region .cy_sflash_nar (Base: 0x16001a00, Size: 0x00000000, Max: 0xffffffff, ABSOLUTE)

    **** No section assigned to this execution region ****



  Load Region LR_SFLASH_PUBLIC_KEY (Base: 0x16005a00, Size: 0x00000000, Max: 0x00000c00, ABSOLUTE)

    Execution Region .cy_sflash_public_key (Base: 0x16005a00, Size: 0x00000000, Max: 0xffffffff, ABSOLUTE)

    **** No section assigned to this execution region ****



  Load Region LR_SFLASH_TOC_2 (Base: 0x16007c00, Size: 0x00000000, Max: 0x00000200, ABSOLUTE)

    Execution Region .cy_toc_part2 (Base: 0x16007c00, Size: 0x00000000, Max: 0xffffffff, ABSOLUTE)

    **** No section assigned to this execution region ****



  Load Region LR_SFLASH_RTOC_2 (Base: 0x16007e00, Size: 0x00000000, Max: 0x00000200, ABSOLUTE)

    Execution Region .cy_rtoc_part2 (Base: 0x16007e00, Size: 0x00000000, Max: 0xffffffff, ABSOLUTE)

    **** No section assigned to this execution region ****



  Load Region LR_EROM (Base: 0x18000000, Size: 0x00000000, Max: 0x08000000, ABSOLUTE)

    Execution Region cy_xip (Base: 0x18000000, Size: 0x00000000, Max: 0xffffffff, ABSOLUTE)

    **** No section assigned to this execution region ****



  Load Region LR_EFUSE (Base: 0x90700000, Size: 0x00000000, Max: 0x00100000, ABSOLUTE)

    Execution Region .cy_efuse (Base: 0x90700000, Size: 0x00000000, Max: 0xffffffff, ABSOLUTE)

    **** No section assigned to this execution region ****



  Load Region CYMETA (Base: 0x90500000, Size: 0x00000000, Max: 0xffffffff, ABSOLUTE)

    Execution Region .cymeta (Base: 0x90500000, Size: 0x00000000, Max: 0xffffffff, ABSOLUTE)

    **** No section assigned to this execution region ****


==============================================================================

Image component sizes


      Code (inc. data)   RO Data    RW Data    ZI Data      Debug   

     13284         88       8252        400    1037576     724445   Object Totals
         0          0         48          0    1035992          0   (incl. Generated)
        96          0          8          0          1          0   (incl. Padding)
      3056        226         12         12        348       3348   Library Totals
         8          0          0          0          0          0   (incl. Padding)

==============================================================================


      Code (inc. data)   RO Data    RW Data    ZI Data      Debug   

     16340        314       8264        412    1037924     725505   Grand Totals
     16340        314       8264        412    1037924     725505   ELF Image Totals
     16340        314       8264        412          0          0   ROM Totals

==============================================================================

    Total RO  Size (Code + RO Data)                24604 (  24.03kB)
    Total RW  Size (RW Data + ZI Data)           1038336 (1014.00kB)
    Total ROM Size (Code + RO Data + RW Data)      25016 (  24.43kB)

==============================================================================

